<!doctype html public "-//w3c//dtd html 4.0 transitional//en">
<html><head>
<title>Static Call Graph - [.\Objects\Project.axf]</title></head>
<body><HR>
<H1>Static Call Graph for image .\Objects\Project.axf</H1><HR>
<BR><P>#&#060CALLGRAPH&#062# ARM Linker, 5060528: Last Updated: Thu Jul 04 22:19:43 2024
<BR><P>
<H3>Maximum Stack Usage =        448 bytes + Unknown(Functions without stacksize, Cycles, Untraceable Function Pointers)</H3><H3>
Call chain for Maximum Stack Depth:</H3>
TIM2_IRQHandler &rArr; OneNet_RevPro &rArr; cJSON_Parse &rArr; cJSON_ParseWithOpts &rArr; parse_value &rArr; parse_number &rArr; pow &rArr; sqrt &rArr; _dsqrt &rArr; __fpl_dnaninf
<P>
<H3>
Functions with no stack information
</H3><UL>
 <LI><a href="#[8f]">__user_initial_stackheap</a>
</UL>
</UL>
<P>
<H3>
Mutually Recursive functions
</H3> <LI><a href="#[27]">ADC1_2_IRQHandler</a>&nbsp;&nbsp;&nbsp;&rArr;&nbsp;&nbsp;&nbsp;<a href="#[27]">ADC1_2_IRQHandler</a><BR>
 <LI><a href="#[f5]">cJSON_Delete</a>&nbsp;&nbsp;&nbsp;&rArr;&nbsp;&nbsp;&nbsp;<a href="#[f5]">cJSON_Delete</a><BR>
 <LI><a href="#[12e]">parse_object</a>&nbsp;&nbsp;&nbsp;&rArr;&nbsp;&nbsp;&nbsp;<a href="#[125]">parse_value</a><BR>
 <LI><a href="#[128]">parse_array</a>&nbsp;&nbsp;&nbsp;&rArr;&nbsp;&nbsp;&nbsp;<a href="#[125]">parse_value</a><BR>
</UL>
<P>
<H3>
Function Pointers
</H3><UL>
 <LI><a href="#[27]">ADC1_2_IRQHandler</a> from startup_stm32f10x_md.o(.text) referenced from startup_stm32f10x_md.o(RESET)
 <LI><a href="#[f]">BusFault_Handler</a> from stm32f10x_it.o(i.BusFault_Handler) referenced from startup_stm32f10x_md.o(RESET)
 <LI><a href="#[2a]">CAN1_RX1_IRQHandler</a> from startup_stm32f10x_md.o(.text) referenced from startup_stm32f10x_md.o(RESET)
 <LI><a href="#[2b]">CAN1_SCE_IRQHandler</a> from startup_stm32f10x_md.o(.text) referenced from startup_stm32f10x_md.o(RESET)
 <LI><a href="#[20]">DMA1_Channel1_IRQHandler</a> from startup_stm32f10x_md.o(.text) referenced from startup_stm32f10x_md.o(RESET)
 <LI><a href="#[21]">DMA1_Channel2_IRQHandler</a> from startup_stm32f10x_md.o(.text) referenced from startup_stm32f10x_md.o(RESET)
 <LI><a href="#[22]">DMA1_Channel3_IRQHandler</a> from startup_stm32f10x_md.o(.text) referenced from startup_stm32f10x_md.o(RESET)
 <LI><a href="#[23]">DMA1_Channel4_IRQHandler</a> from startup_stm32f10x_md.o(.text) referenced from startup_stm32f10x_md.o(RESET)
 <LI><a href="#[24]">DMA1_Channel5_IRQHandler</a> from startup_stm32f10x_md.o(.text) referenced from startup_stm32f10x_md.o(RESET)
 <LI><a href="#[25]">DMA1_Channel6_IRQHandler</a> from startup_stm32f10x_md.o(.text) referenced from startup_stm32f10x_md.o(RESET)
 <LI><a href="#[26]">DMA1_Channel7_IRQHandler</a> from startup_stm32f10x_md.o(.text) referenced from startup_stm32f10x_md.o(RESET)
 <LI><a href="#[12]">DebugMon_Handler</a> from stm32f10x_it.o(i.DebugMon_Handler) referenced from startup_stm32f10x_md.o(RESET)
 <LI><a href="#[1b]">EXTI0_IRQHandler</a> from startup_stm32f10x_md.o(.text) referenced from startup_stm32f10x_md.o(RESET)
 <LI><a href="#[3d]">EXTI15_10_IRQHandler</a> from startup_stm32f10x_md.o(.text) referenced from startup_stm32f10x_md.o(RESET)
 <LI><a href="#[1c]">EXTI1_IRQHandler</a> from startup_stm32f10x_md.o(.text) referenced from startup_stm32f10x_md.o(RESET)
 <LI><a href="#[1d]">EXTI2_IRQHandler</a> from startup_stm32f10x_md.o(.text) referenced from startup_stm32f10x_md.o(RESET)
 <LI><a href="#[1e]">EXTI3_IRQHandler</a> from startup_stm32f10x_md.o(.text) referenced from startup_stm32f10x_md.o(RESET)
 <LI><a href="#[1f]">EXTI4_IRQHandler</a> from startup_stm32f10x_md.o(.text) referenced from startup_stm32f10x_md.o(RESET)
 <LI><a href="#[2c]">EXTI9_5_IRQHandler</a> from startup_stm32f10x_md.o(.text) referenced from startup_stm32f10x_md.o(RESET)
 <LI><a href="#[19]">FLASH_IRQHandler</a> from startup_stm32f10x_md.o(.text) referenced from startup_stm32f10x_md.o(RESET)
 <LI><a href="#[d]">HardFault_Handler</a> from stm32f10x_it.o(i.HardFault_Handler) referenced from startup_stm32f10x_md.o(RESET)
 <LI><a href="#[35]">I2C1_ER_IRQHandler</a> from startup_stm32f10x_md.o(.text) referenced from startup_stm32f10x_md.o(RESET)
 <LI><a href="#[34]">I2C1_EV_IRQHandler</a> from startup_stm32f10x_md.o(.text) referenced from startup_stm32f10x_md.o(RESET)
 <LI><a href="#[37]">I2C2_ER_IRQHandler</a> from startup_stm32f10x_md.o(.text) referenced from startup_stm32f10x_md.o(RESET)
 <LI><a href="#[36]">I2C2_EV_IRQHandler</a> from startup_stm32f10x_md.o(.text) referenced from startup_stm32f10x_md.o(RESET)
 <LI><a href="#[e]">MemManage_Handler</a> from stm32f10x_it.o(i.MemManage_Handler) referenced from startup_stm32f10x_md.o(RESET)
 <LI><a href="#[c]">NMI_Handler</a> from stm32f10x_it.o(i.NMI_Handler) referenced from startup_stm32f10x_md.o(RESET)
 <LI><a href="#[16]">PVD_IRQHandler</a> from startup_stm32f10x_md.o(.text) referenced from startup_stm32f10x_md.o(RESET)
 <LI><a href="#[13]">PendSV_Handler</a> from stm32f10x_it.o(i.PendSV_Handler) referenced from startup_stm32f10x_md.o(RESET)
 <LI><a href="#[1a]">RCC_IRQHandler</a> from startup_stm32f10x_md.o(.text) referenced from startup_stm32f10x_md.o(RESET)
 <LI><a href="#[3e]">RTCAlarm_IRQHandler</a> from startup_stm32f10x_md.o(.text) referenced from startup_stm32f10x_md.o(RESET)
 <LI><a href="#[18]">RTC_IRQHandler</a> from startup_stm32f10x_md.o(.text) referenced from startup_stm32f10x_md.o(RESET)
 <LI><a href="#[b]">Reset_Handler</a> from startup_stm32f10x_md.o(.text) referenced from startup_stm32f10x_md.o(RESET)
 <LI><a href="#[38]">SPI1_IRQHandler</a> from startup_stm32f10x_md.o(.text) referenced from startup_stm32f10x_md.o(RESET)
 <LI><a href="#[39]">SPI2_IRQHandler</a> from startup_stm32f10x_md.o(.text) referenced from startup_stm32f10x_md.o(RESET)
 <LI><a href="#[11]">SVC_Handler</a> from stm32f10x_it.o(i.SVC_Handler) referenced from startup_stm32f10x_md.o(RESET)
 <LI><a href="#[14]">SysTick_Handler</a> from stm32f10x_it.o(i.SysTick_Handler) referenced from startup_stm32f10x_md.o(RESET)
 <LI><a href="#[40]">SystemInit</a> from system_stm32f10x.o(i.SystemInit) referenced from startup_stm32f10x_md.o(.text)
 <LI><a href="#[17]">TAMPER_IRQHandler</a> from startup_stm32f10x_md.o(.text) referenced from startup_stm32f10x_md.o(RESET)
 <LI><a href="#[2d]">TIM1_BRK_IRQHandler</a> from startup_stm32f10x_md.o(.text) referenced from startup_stm32f10x_md.o(RESET)
 <LI><a href="#[30]">TIM1_CC_IRQHandler</a> from startup_stm32f10x_md.o(.text) referenced from startup_stm32f10x_md.o(RESET)
 <LI><a href="#[2f]">TIM1_TRG_COM_IRQHandler</a> from startup_stm32f10x_md.o(.text) referenced from startup_stm32f10x_md.o(RESET)
 <LI><a href="#[2e]">TIM1_UP_IRQHandler</a> from startup_stm32f10x_md.o(.text) referenced from startup_stm32f10x_md.o(RESET)
 <LI><a href="#[31]">TIM2_IRQHandler</a> from menu.o(i.TIM2_IRQHandler) referenced from startup_stm32f10x_md.o(RESET)
 <LI><a href="#[32]">TIM3_IRQHandler</a> from startup_stm32f10x_md.o(.text) referenced from startup_stm32f10x_md.o(RESET)
 <LI><a href="#[33]">TIM4_IRQHandler</a> from startup_stm32f10x_md.o(.text) referenced from startup_stm32f10x_md.o(RESET)
 <LI><a href="#[3a]">USART1_IRQHandler</a> from esp8266.o(i.USART1_IRQHandler) referenced from startup_stm32f10x_md.o(RESET)
 <LI><a href="#[3b]">USART2_IRQHandler</a> from startup_stm32f10x_md.o(.text) referenced from startup_stm32f10x_md.o(RESET)
 <LI><a href="#[3c]">USART3_IRQHandler</a> from startup_stm32f10x_md.o(.text) referenced from startup_stm32f10x_md.o(RESET)
 <LI><a href="#[3f]">USBWakeUp_IRQHandler</a> from startup_stm32f10x_md.o(.text) referenced from startup_stm32f10x_md.o(RESET)
 <LI><a href="#[28]">USB_HP_CAN1_TX_IRQHandler</a> from startup_stm32f10x_md.o(.text) referenced from startup_stm32f10x_md.o(RESET)
 <LI><a href="#[29]">USB_LP_CAN1_RX0_IRQHandler</a> from startup_stm32f10x_md.o(.text) referenced from startup_stm32f10x_md.o(RESET)
 <LI><a href="#[10]">UsageFault_Handler</a> from stm32f10x_it.o(i.UsageFault_Handler) referenced from startup_stm32f10x_md.o(RESET)
 <LI><a href="#[15]">WWDG_IRQHandler</a> from startup_stm32f10x_md.o(.text) referenced from startup_stm32f10x_md.o(RESET)
 <LI><a href="#[5b]">__main</a> from __main.o(!!!main) referenced from startup_stm32f10x_md.o(.text)
 <LI><a href="#[43]">_get_lc_ctype</a> from lc_ctype_c.o(locale$$code) referenced from rt_ctype_table.o(.text)
 <LI><a href="#[44]">_printf_input_char</a> from _printf_char_common.o(.text) referenced from _printf_char_common.o(.text)
 <LI><a href="#[42]">_sputc</a> from _sputc.o(.text) referenced from noretval__2sprintf.o(.text)
 <LI><a href="#[a]">free</a> from h1_free.o(.text) referenced 2 times from cjson.o(.data)
 <LI><a href="#[9]">malloc</a> from h1_alloc.o(.text) referenced 2 times from cjson.o(.data)
 <LI><a href="#[59]">u8g2_draw_l90_mirrorr_r0</a> from u8g2_setup.o(i.u8g2_draw_l90_mirrorr_r0) referenced from u8g2_setup.o(.constdata)
 <LI><a href="#[4f]">u8g2_draw_l90_r0</a> from u8g2_setup.o(i.u8g2_draw_l90_r0) referenced from u8g2_setup.o(.constdata)
 <LI><a href="#[52]">u8g2_draw_l90_r1</a> from u8g2_setup.o(i.u8g2_draw_l90_r1) referenced from u8g2_setup.o(.constdata)
 <LI><a href="#[55]">u8g2_draw_l90_r2</a> from u8g2_setup.o(i.u8g2_draw_l90_r2) referenced from u8g2_setup.o(.constdata)
 <LI><a href="#[58]">u8g2_draw_l90_r3</a> from u8g2_setup.o(i.u8g2_draw_l90_r3) referenced from u8g2_setup.o(.constdata)
 <LI><a href="#[5a]">u8g2_draw_mirror_vertical_r0</a> from u8g2_setup.o(i.u8g2_draw_mirror_vertical_r0) referenced from u8g2_setup.o(.constdata)
 <LI><a href="#[48]">u8g2_font_calc_vref_font</a> from u8g2_font.o(i.u8g2_font_calc_vref_font) referenced from u8g2_font.o(i.u8g2_SetFontPosBaseline)
 <LI><a href="#[45]">u8g2_gpio_and_delay_stm32</a> from mui_u8g2.o(i.u8g2_gpio_and_delay_stm32) referenced from main.o(i.u8g2_Config)
 <LI><a href="#[4b]">u8g2_ll_hvline_vertical_top_lsb</a> from u8g2_ll_hvline.o(i.u8g2_ll_hvline_vertical_top_lsb) referenced from u8g2_d_setup.o(i.u8g2_Setup_ssd1306_i2c_128x64_noname_f)
 <LI><a href="#[4d]">u8g2_update_dimension_r0</a> from u8g2_setup.o(i.u8g2_update_dimension_r0) referenced 3 times from u8g2_setup.o(.constdata)
 <LI><a href="#[50]">u8g2_update_dimension_r1</a> from u8g2_setup.o(i.u8g2_update_dimension_r1) referenced from u8g2_setup.o(.constdata)
 <LI><a href="#[53]">u8g2_update_dimension_r2</a> from u8g2_setup.o(i.u8g2_update_dimension_r2) referenced from u8g2_setup.o(.constdata)
 <LI><a href="#[56]">u8g2_update_dimension_r3</a> from u8g2_setup.o(i.u8g2_update_dimension_r3) referenced from u8g2_setup.o(.constdata)
 <LI><a href="#[4e]">u8g2_update_page_win_r0</a> from u8g2_setup.o(i.u8g2_update_page_win_r0) referenced 3 times from u8g2_setup.o(.constdata)
 <LI><a href="#[51]">u8g2_update_page_win_r1</a> from u8g2_setup.o(i.u8g2_update_page_win_r1) referenced from u8g2_setup.o(.constdata)
 <LI><a href="#[54]">u8g2_update_page_win_r2</a> from u8g2_setup.o(i.u8g2_update_page_win_r2) referenced from u8g2_setup.o(.constdata)
 <LI><a href="#[57]">u8g2_update_page_win_r3</a> from u8g2_setup.o(i.u8g2_update_page_win_r3) referenced from u8g2_setup.o(.constdata)
 <LI><a href="#[47]">u8x8_ascii_next</a> from u8x8_8x8.o(i.u8x8_ascii_next) referenced from u8g2_font.o(i.u8g2_DrawStr)
 <LI><a href="#[46]">u8x8_byte_hw_i2c</a> from u8x8_byte.o(i.u8x8_byte_hw_i2c) referenced from main.o(i.u8g2_Config)
 <LI><a href="#[49]">u8x8_cad_ssd13xx_fast_i2c</a> from u8x8_cad.o(i.u8x8_cad_ssd13xx_fast_i2c) referenced from u8g2_d_setup.o(i.u8g2_Setup_ssd1306_i2c_128x64_noname_f)
 <LI><a href="#[4a]">u8x8_d_ssd1306_128x64_noname</a> from u8x8_d_ssd1306_128x64_noname.o(i.u8x8_d_ssd1306_128x64_noname) referenced from u8g2_d_setup.o(i.u8g2_Setup_ssd1306_i2c_128x64_noname_f)
 <LI><a href="#[4c]">u8x8_dummy_cb</a> from u8x8_setup.o(i.u8x8_dummy_cb) referenced from u8x8_setup.o(i.u8x8_SetupDefaults)
</UL>
<P>
<H3>
Global Symbols
</H3>
<P><STRONG><a name="[5b]"></a>__main</STRONG> (Thumb, 8 bytes, Stack size 0 bytes, __main.o(!!!main))
<BR><BR>[Calls]<UL><LI><a href="#[5d]">&gt;&gt;</a>&nbsp;&nbsp;&nbsp;__rt_entry
<LI><a href="#[5c]">&gt;&gt;</a>&nbsp;&nbsp;&nbsp;__scatterload
</UL>

<P><STRONG><a name="[5c]"></a>__scatterload</STRONG> (Thumb, 0 bytes, Stack size unknown bytes, __scatter.o(!!!scatter))
<BR><BR>[Called By]<UL><LI><a href="#[5b]">&gt;&gt;</a>&nbsp;&nbsp;&nbsp;__main
</UL>

<P><STRONG><a name="[5e]"></a>__scatterload_rt2</STRONG> (Thumb, 44 bytes, Stack size unknown bytes, __scatter.o(!!!scatter), UNUSED)
<BR><BR>[Calls]<UL><LI><a href="#[5d]">&gt;&gt;</a>&nbsp;&nbsp;&nbsp;__rt_entry
</UL>

<P><STRONG><a name="[186]"></a>__scatterload_rt2_thumb_only</STRONG> (Thumb, 0 bytes, Stack size unknown bytes, __scatter.o(!!!scatter), UNUSED)

<P><STRONG><a name="[187]"></a>__scatterload_null</STRONG> (Thumb, 0 bytes, Stack size unknown bytes, __scatter.o(!!!scatter), UNUSED)

<P><STRONG><a name="[188]"></a>__decompress</STRONG> (Thumb, 90 bytes, Stack size unknown bytes, __dczerorl2.o(!!dczerorl2), UNUSED)

<P><STRONG><a name="[189]"></a>__decompress1</STRONG> (Thumb, 0 bytes, Stack size unknown bytes, __dczerorl2.o(!!dczerorl2), UNUSED)

<P><STRONG><a name="[18a]"></a>__scatterload_zeroinit</STRONG> (Thumb, 28 bytes, Stack size unknown bytes, __scatter_zi.o(!!handler_zi), UNUSED)

<P><STRONG><a name="[5f]"></a>_printf_d</STRONG> (Thumb, 0 bytes, Stack size unknown bytes, _printf_d.o(.ARM.Collect$$_printf_percent$$00000009))
<BR><BR>[Stack]<UL><LI>Max Depth = 72 + Unknown Stack Size
<LI>Call Chain = _printf_d &rArr; _printf_int_dec &rArr; _printf_int_common &rArr; _printf_post_padding
</UL>
<BR>[Calls]<UL><LI><a href="#[60]">&gt;&gt;</a>&nbsp;&nbsp;&nbsp;_printf_int_dec
</UL>

<P><STRONG><a name="[7a]"></a>_printf_percent</STRONG> (Thumb, 0 bytes, Stack size unknown bytes, _printf_percent.o(.ARM.Collect$$_printf_percent$$00000000))
<BR><BR>[Called By]<UL><LI><a href="#[78]">&gt;&gt;</a>&nbsp;&nbsp;&nbsp;__printf
</UL>

<P><STRONG><a name="[18b]"></a>_printf_percent_end</STRONG> (Thumb, 0 bytes, Stack size unknown bytes, _printf_percent_end.o(.ARM.Collect$$_printf_percent$$00000017))

<P><STRONG><a name="[69]"></a>__rt_lib_init</STRONG> (Thumb, 0 bytes, Stack size unknown bytes, libinit.o(.ARM.Collect$$libinit$$00000000))
<BR><BR>[Called By]<UL><LI><a href="#[68]">&gt;&gt;</a>&nbsp;&nbsp;&nbsp;__rt_entry_li
</UL>

<P><STRONG><a name="[18c]"></a>__rt_lib_init_fp_1</STRONG> (Thumb, 0 bytes, Stack size unknown bytes, libinit2.o(.ARM.Collect$$libinit$$00000002))

<P><STRONG><a name="[61]"></a>__rt_lib_init_heap_2</STRONG> (Thumb, 0 bytes, Stack size unknown bytes, libinit2.o(.ARM.Collect$$libinit$$00000005))
<BR><BR>[Stack]<UL><LI>Max Depth = 64 + Unknown Stack Size
<LI>Call Chain = __rt_lib_init_heap_2 &rArr; _init_alloc &rArr; __rt_SIGRTMEM &rArr; __rt_SIGRTMEM_inner &rArr; __default_signal_display &rArr; _ttywrch
</UL>
<BR>[Calls]<UL><LI><a href="#[62]">&gt;&gt;</a>&nbsp;&nbsp;&nbsp;_init_alloc
</UL>

<P><STRONG><a name="[18d]"></a>__rt_lib_init_preinit_1</STRONG> (Thumb, 0 bytes, Stack size unknown bytes, libinit2.o(.ARM.Collect$$libinit$$00000004))

<P><STRONG><a name="[18e]"></a>__rt_lib_init_heap_1</STRONG> (Thumb, 0 bytes, Stack size unknown bytes, libinit2.o(.ARM.Collect$$libinit$$0000000A))

<P><STRONG><a name="[63]"></a>__rt_lib_init_lc_common</STRONG> (Thumb, 0 bytes, Stack size unknown bytes, libinit2.o(.ARM.Collect$$libinit$$0000000F))
<BR><BR>[Calls]<UL><LI><a href="#[64]">&gt;&gt;</a>&nbsp;&nbsp;&nbsp;__rt_locale
</UL>

<P><STRONG><a name="[18f]"></a>__rt_lib_init_rand_1</STRONG> (Thumb, 0 bytes, Stack size unknown bytes, libinit2.o(.ARM.Collect$$libinit$$0000000E))

<P><STRONG><a name="[190]"></a>__rt_lib_init_user_alloc_1</STRONG> (Thumb, 0 bytes, Stack size unknown bytes, libinit2.o(.ARM.Collect$$libinit$$0000000C))

<P><STRONG><a name="[191]"></a>__rt_lib_init_lc_collate_1</STRONG> (Thumb, 0 bytes, Stack size unknown bytes, libinit2.o(.ARM.Collect$$libinit$$00000011))

<P><STRONG><a name="[65]"></a>__rt_lib_init_lc_ctype_2</STRONG> (Thumb, 0 bytes, Stack size unknown bytes, libinit2.o(.ARM.Collect$$libinit$$00000012))
<BR><BR>[Stack]<UL><LI>Max Depth = 8 + Unknown Stack Size
<LI>Call Chain = __rt_lib_init_lc_ctype_2 &rArr; _get_lc_ctype
</UL>
<BR>[Calls]<UL><LI><a href="#[43]">&gt;&gt;</a>&nbsp;&nbsp;&nbsp;_get_lc_ctype
</UL>

<P><STRONG><a name="[192]"></a>__rt_lib_init_alloca_1</STRONG> (Thumb, 0 bytes, Stack size unknown bytes, libinit2.o(.ARM.Collect$$libinit$$0000002E))

<P><STRONG><a name="[193]"></a>__rt_lib_init_argv_1</STRONG> (Thumb, 0 bytes, Stack size unknown bytes, libinit2.o(.ARM.Collect$$libinit$$0000002C))

<P><STRONG><a name="[194]"></a>__rt_lib_init_atexit_1</STRONG> (Thumb, 0 bytes, Stack size unknown bytes, libinit2.o(.ARM.Collect$$libinit$$0000001B))

<P><STRONG><a name="[195]"></a>__rt_lib_init_clock_1</STRONG> (Thumb, 0 bytes, Stack size unknown bytes, libinit2.o(.ARM.Collect$$libinit$$00000021))

<P><STRONG><a name="[196]"></a>__rt_lib_init_cpp_1</STRONG> (Thumb, 0 bytes, Stack size unknown bytes, libinit2.o(.ARM.Collect$$libinit$$00000032))

<P><STRONG><a name="[197]"></a>__rt_lib_init_exceptions_1</STRONG> (Thumb, 0 bytes, Stack size unknown bytes, libinit2.o(.ARM.Collect$$libinit$$00000030))

<P><STRONG><a name="[198]"></a>__rt_lib_init_fp_trap_1</STRONG> (Thumb, 0 bytes, Stack size unknown bytes, libinit2.o(.ARM.Collect$$libinit$$0000001F))

<P><STRONG><a name="[199]"></a>__rt_lib_init_getenv_1</STRONG> (Thumb, 0 bytes, Stack size unknown bytes, libinit2.o(.ARM.Collect$$libinit$$00000023))

<P><STRONG><a name="[19a]"></a>__rt_lib_init_lc_ctype_1</STRONG> (Thumb, 0 bytes, Stack size unknown bytes, libinit2.o(.ARM.Collect$$libinit$$00000013))

<P><STRONG><a name="[19b]"></a>__rt_lib_init_lc_monetary_1</STRONG> (Thumb, 0 bytes, Stack size unknown bytes, libinit2.o(.ARM.Collect$$libinit$$00000015))

<P><STRONG><a name="[19c]"></a>__rt_lib_init_lc_numeric_1</STRONG> (Thumb, 0 bytes, Stack size unknown bytes, libinit2.o(.ARM.Collect$$libinit$$00000017))

<P><STRONG><a name="[19d]"></a>__rt_lib_init_lc_time_1</STRONG> (Thumb, 0 bytes, Stack size unknown bytes, libinit2.o(.ARM.Collect$$libinit$$00000019))

<P><STRONG><a name="[19e]"></a>__rt_lib_init_return</STRONG> (Thumb, 0 bytes, Stack size unknown bytes, libinit2.o(.ARM.Collect$$libinit$$00000033))

<P><STRONG><a name="[19f]"></a>__rt_lib_init_signal_1</STRONG> (Thumb, 0 bytes, Stack size unknown bytes, libinit2.o(.ARM.Collect$$libinit$$0000001D))

<P><STRONG><a name="[1a0]"></a>__rt_lib_init_stdio_1</STRONG> (Thumb, 0 bytes, Stack size unknown bytes, libinit2.o(.ARM.Collect$$libinit$$00000025))

<P><STRONG><a name="[6e]"></a>__rt_lib_shutdown</STRONG> (Thumb, 0 bytes, Stack size unknown bytes, libshutdown.o(.ARM.Collect$$libshutdown$$00000000))
<BR><BR>[Called By]<UL><LI><a href="#[6d]">&gt;&gt;</a>&nbsp;&nbsp;&nbsp;__rt_exit_ls
</UL>

<P><STRONG><a name="[1a1]"></a>__rt_lib_shutdown_cpp_1</STRONG> (Thumb, 0 bytes, Stack size unknown bytes, libshutdown2.o(.ARM.Collect$$libshutdown$$00000002))

<P><STRONG><a name="[1a2]"></a>__rt_lib_shutdown_fp_trap_1</STRONG> (Thumb, 0 bytes, Stack size unknown bytes, libshutdown2.o(.ARM.Collect$$libshutdown$$00000007))

<P><STRONG><a name="[1a3]"></a>__rt_lib_shutdown_heap_1</STRONG> (Thumb, 0 bytes, Stack size unknown bytes, libshutdown2.o(.ARM.Collect$$libshutdown$$0000000F))

<P><STRONG><a name="[1a4]"></a>__rt_lib_shutdown_return</STRONG> (Thumb, 0 bytes, Stack size unknown bytes, libshutdown2.o(.ARM.Collect$$libshutdown$$00000010))

<P><STRONG><a name="[1a5]"></a>__rt_lib_shutdown_signal_1</STRONG> (Thumb, 0 bytes, Stack size unknown bytes, libshutdown2.o(.ARM.Collect$$libshutdown$$0000000A))

<P><STRONG><a name="[1a6]"></a>__rt_lib_shutdown_stdio_1</STRONG> (Thumb, 0 bytes, Stack size unknown bytes, libshutdown2.o(.ARM.Collect$$libshutdown$$00000004))

<P><STRONG><a name="[1a7]"></a>__rt_lib_shutdown_user_alloc_1</STRONG> (Thumb, 0 bytes, Stack size unknown bytes, libshutdown2.o(.ARM.Collect$$libshutdown$$0000000C))

<P><STRONG><a name="[5d]"></a>__rt_entry</STRONG> (Thumb, 0 bytes, Stack size unknown bytes, __rtentry.o(.ARM.Collect$$rtentry$$00000000))
<BR><BR>[Called By]<UL><LI><a href="#[5b]">&gt;&gt;</a>&nbsp;&nbsp;&nbsp;__main
<LI><a href="#[5e]">&gt;&gt;</a>&nbsp;&nbsp;&nbsp;__scatterload_rt2
</UL>

<P><STRONG><a name="[1a8]"></a>__rt_entry_presh_1</STRONG> (Thumb, 0 bytes, Stack size unknown bytes, __rtentry2.o(.ARM.Collect$$rtentry$$00000002))

<P><STRONG><a name="[66]"></a>__rt_entry_sh</STRONG> (Thumb, 0 bytes, Stack size unknown bytes, __rtentry4.o(.ARM.Collect$$rtentry$$00000004))
<BR><BR>[Stack]<UL><LI>Max Depth = 8 + Unknown Stack Size
<LI>Call Chain = __rt_entry_sh &rArr; __user_setup_stackheap
</UL>
<BR>[Calls]<UL><LI><a href="#[67]">&gt;&gt;</a>&nbsp;&nbsp;&nbsp;__user_setup_stackheap
</UL>

<P><STRONG><a name="[68]"></a>__rt_entry_li</STRONG> (Thumb, 0 bytes, Stack size unknown bytes, __rtentry2.o(.ARM.Collect$$rtentry$$0000000A))
<BR><BR>[Calls]<UL><LI><a href="#[69]">&gt;&gt;</a>&nbsp;&nbsp;&nbsp;__rt_lib_init
</UL>

<P><STRONG><a name="[1a9]"></a>__rt_entry_postsh_1</STRONG> (Thumb, 0 bytes, Stack size unknown bytes, __rtentry2.o(.ARM.Collect$$rtentry$$00000009))

<P><STRONG><a name="[6a]"></a>__rt_entry_main</STRONG> (Thumb, 0 bytes, Stack size unknown bytes, __rtentry2.o(.ARM.Collect$$rtentry$$0000000D))
<BR><BR>[Stack]<UL><LI>Max Depth = 408 + Unknown Stack Size
<LI>Call Chain = __rt_entry_main &rArr; main &rArr; Show_Menu &rArr; SET_Menu &rArr; Speed_adjust_Page &rArr; Page_To_Menu_Display &rArr; u8g2_DrawStr &rArr; u8g2_draw_string &rArr; u8g2_DrawGlyph &rArr; u8g2_font_draw_glyph &rArr; u8g2_font_decode_glyph &rArr; u8g2_font_decode_len &rArr; u8g2_DrawHVLine &rArr; u8g2_clip_intersection2
</UL>
<BR>[Calls]<UL><LI><a href="#[6b]">&gt;&gt;</a>&nbsp;&nbsp;&nbsp;main
<LI><a href="#[6c]">&gt;&gt;</a>&nbsp;&nbsp;&nbsp;exit
</UL>

<P><STRONG><a name="[1aa]"></a>__rt_entry_postli_1</STRONG> (Thumb, 0 bytes, Stack size unknown bytes, __rtentry2.o(.ARM.Collect$$rtentry$$0000000C))

<P><STRONG><a name="[90]"></a>__rt_exit</STRONG> (Thumb, 0 bytes, Stack size unknown bytes, rtexit.o(.ARM.Collect$$rtexit$$00000000))
<BR><BR>[Called By]<UL><LI><a href="#[6c]">&gt;&gt;</a>&nbsp;&nbsp;&nbsp;exit
</UL>

<P><STRONG><a name="[6d]"></a>__rt_exit_ls</STRONG> (Thumb, 0 bytes, Stack size unknown bytes, rtexit2.o(.ARM.Collect$$rtexit$$00000003))
<BR><BR>[Calls]<UL><LI><a href="#[6e]">&gt;&gt;</a>&nbsp;&nbsp;&nbsp;__rt_lib_shutdown
</UL>

<P><STRONG><a name="[1ab]"></a>__rt_exit_prels_1</STRONG> (Thumb, 0 bytes, Stack size unknown bytes, rtexit2.o(.ARM.Collect$$rtexit$$00000002))

<P><STRONG><a name="[6f]"></a>__rt_exit_exit</STRONG> (Thumb, 0 bytes, Stack size unknown bytes, rtexit2.o(.ARM.Collect$$rtexit$$00000004))
<BR><BR>[Calls]<UL><LI><a href="#[70]">&gt;&gt;</a>&nbsp;&nbsp;&nbsp;_sys_exit
</UL>

<P><STRONG><a name="[b]"></a>Reset_Handler</STRONG> (Thumb, 8 bytes, Stack size 0 bytes, startup_stm32f10x_md.o(.text))
<BR>[Address Reference Count : 1]<UL><LI> startup_stm32f10x_md.o(RESET)
</UL>
<P><STRONG><a name="[1ac]"></a>_maybe_terminate_alloc</STRONG> (Thumb, 0 bytes, Stack size 0 bytes, maybetermalloc1.o(.emb_text), UNUSED)

<P><STRONG><a name="[27]"></a>ADC1_2_IRQHandler</STRONG> (Thumb, 0 bytes, Stack size 0 bytes, startup_stm32f10x_md.o(.text))
<BR><BR>[Calls]<UL><LI><a href="#[27]">&gt;&gt;</a>&nbsp;&nbsp;&nbsp;ADC1_2_IRQHandler
</UL>
<BR>[Called By]<UL><LI><a href="#[27]">&gt;&gt;</a>&nbsp;&nbsp;&nbsp;ADC1_2_IRQHandler
</UL>
<BR>[Address Reference Count : 1]<UL><LI> startup_stm32f10x_md.o(RESET)
</UL>
<P><STRONG><a name="[2a]"></a>CAN1_RX1_IRQHandler</STRONG> (Thumb, 0 bytes, Stack size 0 bytes, startup_stm32f10x_md.o(.text))
<BR>[Address Reference Count : 1]<UL><LI> startup_stm32f10x_md.o(RESET)
</UL>
<P><STRONG><a name="[2b]"></a>CAN1_SCE_IRQHandler</STRONG> (Thumb, 0 bytes, Stack size 0 bytes, startup_stm32f10x_md.o(.text))
<BR>[Address Reference Count : 1]<UL><LI> startup_stm32f10x_md.o(RESET)
</UL>
<P><STRONG><a name="[20]"></a>DMA1_Channel1_IRQHandler</STRONG> (Thumb, 0 bytes, Stack size 0 bytes, startup_stm32f10x_md.o(.text))
<BR>[Address Reference Count : 1]<UL><LI> startup_stm32f10x_md.o(RESET)
</UL>
<P><STRONG><a name="[21]"></a>DMA1_Channel2_IRQHandler</STRONG> (Thumb, 0 bytes, Stack size 0 bytes, startup_stm32f10x_md.o(.text))
<BR>[Address Reference Count : 1]<UL><LI> startup_stm32f10x_md.o(RESET)
</UL>
<P><STRONG><a name="[22]"></a>DMA1_Channel3_IRQHandler</STRONG> (Thumb, 0 bytes, Stack size 0 bytes, startup_stm32f10x_md.o(.text))
<BR>[Address Reference Count : 1]<UL><LI> startup_stm32f10x_md.o(RESET)
</UL>
<P><STRONG><a name="[23]"></a>DMA1_Channel4_IRQHandler</STRONG> (Thumb, 0 bytes, Stack size 0 bytes, startup_stm32f10x_md.o(.text))
<BR>[Address Reference Count : 1]<UL><LI> startup_stm32f10x_md.o(RESET)
</UL>
<P><STRONG><a name="[24]"></a>DMA1_Channel5_IRQHandler</STRONG> (Thumb, 0 bytes, Stack size 0 bytes, startup_stm32f10x_md.o(.text))
<BR>[Address Reference Count : 1]<UL><LI> startup_stm32f10x_md.o(RESET)
</UL>
<P><STRONG><a name="[25]"></a>DMA1_Channel6_IRQHandler</STRONG> (Thumb, 0 bytes, Stack size 0 bytes, startup_stm32f10x_md.o(.text))
<BR>[Address Reference Count : 1]<UL><LI> startup_stm32f10x_md.o(RESET)
</UL>
<P><STRONG><a name="[26]"></a>DMA1_Channel7_IRQHandler</STRONG> (Thumb, 0 bytes, Stack size 0 bytes, startup_stm32f10x_md.o(.text))
<BR>[Address Reference Count : 1]<UL><LI> startup_stm32f10x_md.o(RESET)
</UL>
<P><STRONG><a name="[1b]"></a>EXTI0_IRQHandler</STRONG> (Thumb, 0 bytes, Stack size 0 bytes, startup_stm32f10x_md.o(.text))
<BR>[Address Reference Count : 1]<UL><LI> startup_stm32f10x_md.o(RESET)
</UL>
<P><STRONG><a name="[3d]"></a>EXTI15_10_IRQHandler</STRONG> (Thumb, 0 bytes, Stack size 0 bytes, startup_stm32f10x_md.o(.text))
<BR>[Address Reference Count : 1]<UL><LI> startup_stm32f10x_md.o(RESET)
</UL>
<P><STRONG><a name="[1c]"></a>EXTI1_IRQHandler</STRONG> (Thumb, 0 bytes, Stack size 0 bytes, startup_stm32f10x_md.o(.text))
<BR>[Address Reference Count : 1]<UL><LI> startup_stm32f10x_md.o(RESET)
</UL>
<P><STRONG><a name="[1d]"></a>EXTI2_IRQHandler</STRONG> (Thumb, 0 bytes, Stack size 0 bytes, startup_stm32f10x_md.o(.text))
<BR>[Address Reference Count : 1]<UL><LI> startup_stm32f10x_md.o(RESET)
</UL>
<P><STRONG><a name="[1e]"></a>EXTI3_IRQHandler</STRONG> (Thumb, 0 bytes, Stack size 0 bytes, startup_stm32f10x_md.o(.text))
<BR>[Address Reference Count : 1]<UL><LI> startup_stm32f10x_md.o(RESET)
</UL>
<P><STRONG><a name="[1f]"></a>EXTI4_IRQHandler</STRONG> (Thumb, 0 bytes, Stack size 0 bytes, startup_stm32f10x_md.o(.text))
<BR>[Address Reference Count : 1]<UL><LI> startup_stm32f10x_md.o(RESET)
</UL>
<P><STRONG><a name="[2c]"></a>EXTI9_5_IRQHandler</STRONG> (Thumb, 0 bytes, Stack size 0 bytes, startup_stm32f10x_md.o(.text))
<BR>[Address Reference Count : 1]<UL><LI> startup_stm32f10x_md.o(RESET)
</UL>
<P><STRONG><a name="[19]"></a>FLASH_IRQHandler</STRONG> (Thumb, 0 bytes, Stack size 0 bytes, startup_stm32f10x_md.o(.text))
<BR>[Address Reference Count : 1]<UL><LI> startup_stm32f10x_md.o(RESET)
</UL>
<P><STRONG><a name="[35]"></a>I2C1_ER_IRQHandler</STRONG> (Thumb, 0 bytes, Stack size 0 bytes, startup_stm32f10x_md.o(.text))
<BR>[Address Reference Count : 1]<UL><LI> startup_stm32f10x_md.o(RESET)
</UL>
<P><STRONG><a name="[34]"></a>I2C1_EV_IRQHandler</STRONG> (Thumb, 0 bytes, Stack size 0 bytes, startup_stm32f10x_md.o(.text))
<BR>[Address Reference Count : 1]<UL><LI> startup_stm32f10x_md.o(RESET)
</UL>
<P><STRONG><a name="[37]"></a>I2C2_ER_IRQHandler</STRONG> (Thumb, 0 bytes, Stack size 0 bytes, startup_stm32f10x_md.o(.text))
<BR>[Address Reference Count : 1]<UL><LI> startup_stm32f10x_md.o(RESET)
</UL>
<P><STRONG><a name="[36]"></a>I2C2_EV_IRQHandler</STRONG> (Thumb, 0 bytes, Stack size 0 bytes, startup_stm32f10x_md.o(.text))
<BR>[Address Reference Count : 1]<UL><LI> startup_stm32f10x_md.o(RESET)
</UL>
<P><STRONG><a name="[16]"></a>PVD_IRQHandler</STRONG> (Thumb, 0 bytes, Stack size 0 bytes, startup_stm32f10x_md.o(.text))
<BR>[Address Reference Count : 1]<UL><LI> startup_stm32f10x_md.o(RESET)
</UL>
<P><STRONG><a name="[1a]"></a>RCC_IRQHandler</STRONG> (Thumb, 0 bytes, Stack size 0 bytes, startup_stm32f10x_md.o(.text))
<BR>[Address Reference Count : 1]<UL><LI> startup_stm32f10x_md.o(RESET)
</UL>
<P><STRONG><a name="[3e]"></a>RTCAlarm_IRQHandler</STRONG> (Thumb, 0 bytes, Stack size 0 bytes, startup_stm32f10x_md.o(.text))
<BR>[Address Reference Count : 1]<UL><LI> startup_stm32f10x_md.o(RESET)
</UL>
<P><STRONG><a name="[18]"></a>RTC_IRQHandler</STRONG> (Thumb, 0 bytes, Stack size 0 bytes, startup_stm32f10x_md.o(.text))
<BR>[Address Reference Count : 1]<UL><LI> startup_stm32f10x_md.o(RESET)
</UL>
<P><STRONG><a name="[38]"></a>SPI1_IRQHandler</STRONG> (Thumb, 0 bytes, Stack size 0 bytes, startup_stm32f10x_md.o(.text))
<BR>[Address Reference Count : 1]<UL><LI> startup_stm32f10x_md.o(RESET)
</UL>
<P><STRONG><a name="[39]"></a>SPI2_IRQHandler</STRONG> (Thumb, 0 bytes, Stack size 0 bytes, startup_stm32f10x_md.o(.text))
<BR>[Address Reference Count : 1]<UL><LI> startup_stm32f10x_md.o(RESET)
</UL>
<P><STRONG><a name="[17]"></a>TAMPER_IRQHandler</STRONG> (Thumb, 0 bytes, Stack size 0 bytes, startup_stm32f10x_md.o(.text))
<BR>[Address Reference Count : 1]<UL><LI> startup_stm32f10x_md.o(RESET)
</UL>
<P><STRONG><a name="[2d]"></a>TIM1_BRK_IRQHandler</STRONG> (Thumb, 0 bytes, Stack size 0 bytes, startup_stm32f10x_md.o(.text))
<BR>[Address Reference Count : 1]<UL><LI> startup_stm32f10x_md.o(RESET)
</UL>
<P><STRONG><a name="[30]"></a>TIM1_CC_IRQHandler</STRONG> (Thumb, 0 bytes, Stack size 0 bytes, startup_stm32f10x_md.o(.text))
<BR>[Address Reference Count : 1]<UL><LI> startup_stm32f10x_md.o(RESET)
</UL>
<P><STRONG><a name="[2f]"></a>TIM1_TRG_COM_IRQHandler</STRONG> (Thumb, 0 bytes, Stack size 0 bytes, startup_stm32f10x_md.o(.text))
<BR>[Address Reference Count : 1]<UL><LI> startup_stm32f10x_md.o(RESET)
</UL>
<P><STRONG><a name="[2e]"></a>TIM1_UP_IRQHandler</STRONG> (Thumb, 0 bytes, Stack size 0 bytes, startup_stm32f10x_md.o(.text))
<BR>[Address Reference Count : 1]<UL><LI> startup_stm32f10x_md.o(RESET)
</UL>
<P><STRONG><a name="[32]"></a>TIM3_IRQHandler</STRONG> (Thumb, 0 bytes, Stack size 0 bytes, startup_stm32f10x_md.o(.text))
<BR>[Address Reference Count : 1]<UL><LI> startup_stm32f10x_md.o(RESET)
</UL>
<P><STRONG><a name="[33]"></a>TIM4_IRQHandler</STRONG> (Thumb, 0 bytes, Stack size 0 bytes, startup_stm32f10x_md.o(.text))
<BR>[Address Reference Count : 1]<UL><LI> startup_stm32f10x_md.o(RESET)
</UL>
<P><STRONG><a name="[3b]"></a>USART2_IRQHandler</STRONG> (Thumb, 0 bytes, Stack size 0 bytes, startup_stm32f10x_md.o(.text))
<BR>[Address Reference Count : 1]<UL><LI> startup_stm32f10x_md.o(RESET)
</UL>
<P><STRONG><a name="[3c]"></a>USART3_IRQHandler</STRONG> (Thumb, 0 bytes, Stack size 0 bytes, startup_stm32f10x_md.o(.text))
<BR>[Address Reference Count : 1]<UL><LI> startup_stm32f10x_md.o(RESET)
</UL>
<P><STRONG><a name="[3f]"></a>USBWakeUp_IRQHandler</STRONG> (Thumb, 0 bytes, Stack size 0 bytes, startup_stm32f10x_md.o(.text))
<BR>[Address Reference Count : 1]<UL><LI> startup_stm32f10x_md.o(RESET)
</UL>
<P><STRONG><a name="[28]"></a>USB_HP_CAN1_TX_IRQHandler</STRONG> (Thumb, 0 bytes, Stack size 0 bytes, startup_stm32f10x_md.o(.text))
<BR>[Address Reference Count : 1]<UL><LI> startup_stm32f10x_md.o(RESET)
</UL>
<P><STRONG><a name="[29]"></a>USB_LP_CAN1_RX0_IRQHandler</STRONG> (Thumb, 0 bytes, Stack size 0 bytes, startup_stm32f10x_md.o(.text))
<BR>[Address Reference Count : 1]<UL><LI> startup_stm32f10x_md.o(RESET)
</UL>
<P><STRONG><a name="[15]"></a>WWDG_IRQHandler</STRONG> (Thumb, 0 bytes, Stack size 0 bytes, startup_stm32f10x_md.o(.text))
<BR>[Address Reference Count : 1]<UL><LI> startup_stm32f10x_md.o(RESET)
</UL>
<P><STRONG><a name="[8f]"></a>__user_initial_stackheap</STRONG> (Thumb, 0 bytes, Stack size unknown bytes, startup_stm32f10x_md.o(.text))
<BR><BR>[Called By]<UL><LI><a href="#[67]">&gt;&gt;</a>&nbsp;&nbsp;&nbsp;__user_setup_stackheap
</UL>

<P><STRONG><a name="[9]"></a>malloc</STRONG> (Thumb, 94 bytes, Stack size 16 bytes, h1_alloc.o(.text))
<BR><BR>[Stack]<UL><LI>Max Depth = 48<LI>Call Chain = malloc &rArr; __Heap_Full &rArr; __Heap_ProvideMemory &rArr; free
</UL>
<BR>[Calls]<UL><LI><a href="#[72]">&gt;&gt;</a>&nbsp;&nbsp;&nbsp;__Heap_Full
<LI><a href="#[71]">&gt;&gt;</a>&nbsp;&nbsp;&nbsp;__rt_heap_descriptor
</UL>
<BR>[Called By]<UL><LI><a href="#[ea]">&gt;&gt;</a>&nbsp;&nbsp;&nbsp;MQTT_UnPacketPublish
<LI><a href="#[e3]">&gt;&gt;</a>&nbsp;&nbsp;&nbsp;MQTT_NewBuffer
</UL>
<BR>[Address Reference Count : 1]<UL><LI> cjson.o(.data)
</UL>
<P><STRONG><a name="[a]"></a>free</STRONG> (Thumb, 78 bytes, Stack size 16 bytes, h1_free.o(.text))
<BR><BR>[Stack]<UL><LI>Max Depth = 16<LI>Call Chain = free
</UL>
<BR>[Calls]<UL><LI><a href="#[71]">&gt;&gt;</a>&nbsp;&nbsp;&nbsp;__rt_heap_descriptor
</UL>
<BR>[Called By]<UL><LI><a href="#[f2]">&gt;&gt;</a>&nbsp;&nbsp;&nbsp;OneNet_RevPro
<LI><a href="#[ea]">&gt;&gt;</a>&nbsp;&nbsp;&nbsp;MQTT_UnPacketPublish
<LI><a href="#[e2]">&gt;&gt;</a>&nbsp;&nbsp;&nbsp;MQTT_DeleteBuffer
<LI><a href="#[82]">&gt;&gt;</a>&nbsp;&nbsp;&nbsp;__Heap_ProvideMemory
</UL>
<BR>[Address Reference Count : 1]<UL><LI> cjson.o(.data)
</UL>
<P><STRONG><a name="[73]"></a>tolower</STRONG> (Thumb, 26 bytes, Stack size 8 bytes, tolower.o(.text))
<BR><BR>[Stack]<UL><LI>Max Depth = 16<LI>Call Chain = tolower &rArr; __rt_ctype_table
</UL>
<BR>[Calls]<UL><LI><a href="#[74]">&gt;&gt;</a>&nbsp;&nbsp;&nbsp;__rt_ctype_table
</UL>
<BR>[Called By]<UL><LI><a href="#[120]">&gt;&gt;</a>&nbsp;&nbsp;&nbsp;cJSON_strcasecmp
</UL>

<P><STRONG><a name="[75]"></a>__2sprintf</STRONG> (Thumb, 34 bytes, Stack size 32 bytes, noretval__2sprintf.o(.text))
<BR><BR>[Stack]<UL><LI>Max Depth = 136 + Unknown Stack Size
<LI>Call Chain = __2sprintf &rArr; _printf_char_common &rArr; __printf
</UL>
<BR>[Calls]<UL><LI><a href="#[42]">&gt;&gt;</a>&nbsp;&nbsp;&nbsp;_sputc
<LI><a href="#[76]">&gt;&gt;</a>&nbsp;&nbsp;&nbsp;_printf_char_common
</UL>
<BR>[Called By]<UL><LI><a href="#[31]">&gt;&gt;</a>&nbsp;&nbsp;&nbsp;TIM2_IRQHandler
<LI><a href="#[be]">&gt;&gt;</a>&nbsp;&nbsp;&nbsp;Sersor_ReFresh
<LI><a href="#[d5]">&gt;&gt;</a>&nbsp;&nbsp;&nbsp;ESP8266_SendData
</UL>

<P><STRONG><a name="[88]"></a>_printf_pre_padding</STRONG> (Thumb, 44 bytes, Stack size 16 bytes, _printf_pad.o(.text))
<BR><BR>[Stack]<UL><LI>Max Depth = 16<LI>Call Chain = _printf_pre_padding
</UL>
<BR>[Called By]<UL><LI><a href="#[77]">&gt;&gt;</a>&nbsp;&nbsp;&nbsp;_printf_int_common
</UL>

<P><STRONG><a name="[89]"></a>_printf_post_padding</STRONG> (Thumb, 34 bytes, Stack size 16 bytes, _printf_pad.o(.text))
<BR><BR>[Stack]<UL><LI>Max Depth = 16<LI>Call Chain = _printf_post_padding
</UL>
<BR>[Called By]<UL><LI><a href="#[77]">&gt;&gt;</a>&nbsp;&nbsp;&nbsp;_printf_int_common
</UL>

<P><STRONG><a name="[60]"></a>_printf_int_dec</STRONG> (Thumb, 104 bytes, Stack size 24 bytes, _printf_dec.o(.text))
<BR><BR>[Stack]<UL><LI>Max Depth = 72<LI>Call Chain = _printf_int_dec &rArr; _printf_int_common &rArr; _printf_post_padding
</UL>
<BR>[Calls]<UL><LI><a href="#[77]">&gt;&gt;</a>&nbsp;&nbsp;&nbsp;_printf_int_common
</UL>
<BR>[Called By]<UL><LI><a href="#[5f]">&gt;&gt;</a>&nbsp;&nbsp;&nbsp;_printf_d
</UL>

<P><STRONG><a name="[78]"></a>__printf</STRONG> (Thumb, 308 bytes, Stack size 40 bytes, __printf_flags_wp.o(.text))
<BR><BR>[Stack]<UL><LI>Max Depth = 40 + Unknown Stack Size
<LI>Call Chain = __printf
</UL>
<BR>[Calls]<UL><LI><a href="#[7a]">&gt;&gt;</a>&nbsp;&nbsp;&nbsp;_printf_percent
<LI><a href="#[79]">&gt;&gt;</a>&nbsp;&nbsp;&nbsp;_is_digit
</UL>
<BR>[Called By]<UL><LI><a href="#[76]">&gt;&gt;</a>&nbsp;&nbsp;&nbsp;_printf_char_common
</UL>

<P><STRONG><a name="[7b]"></a>atoi</STRONG> (Thumb, 26 bytes, Stack size 16 bytes, atoi.o(.text))
<BR><BR>[Stack]<UL><LI>Max Depth = 88<LI>Call Chain = atoi &rArr; strtol &rArr; _strtoul
</UL>
<BR>[Calls]<UL><LI><a href="#[7d]">&gt;&gt;</a>&nbsp;&nbsp;&nbsp;strtol
<LI><a href="#[7c]">&gt;&gt;</a>&nbsp;&nbsp;&nbsp;__aeabi_errno_addr
</UL>
<BR>[Called By]<UL><LI><a href="#[f2]">&gt;&gt;</a>&nbsp;&nbsp;&nbsp;OneNet_RevPro
</UL>

<P><STRONG><a name="[d1]"></a>strchr</STRONG> (Thumb, 20 bytes, Stack size 0 bytes, strchr.o(.text))
<BR><BR>[Called By]<UL><LI><a href="#[f2]">&gt;&gt;</a>&nbsp;&nbsp;&nbsp;OneNet_RevPro
<LI><a href="#[ce]">&gt;&gt;</a>&nbsp;&nbsp;&nbsp;ESP8266_GetIPD
<LI><a href="#[ea]">&gt;&gt;</a>&nbsp;&nbsp;&nbsp;MQTT_UnPacketPublish
</UL>

<P><STRONG><a name="[e6]"></a>strncat</STRONG> (Thumb, 36 bytes, Stack size 8 bytes, strncat.o(.text))
<BR><BR>[Stack]<UL><LI>Max Depth = 8<LI>Call Chain = strncat
</UL>
<BR>[Called By]<UL><LI><a href="#[e9]">&gt;&gt;</a>&nbsp;&nbsp;&nbsp;MQTT_PacketSubscribe
<LI><a href="#[e7]">&gt;&gt;</a>&nbsp;&nbsp;&nbsp;MQTT_PacketPublish
<LI><a href="#[e4]">&gt;&gt;</a>&nbsp;&nbsp;&nbsp;MQTT_PacketConnect
</UL>

<P><STRONG><a name="[d0]"></a>strstr</STRONG> (Thumb, 36 bytes, Stack size 12 bytes, strstr.o(.text))
<BR><BR>[Stack]<UL><LI>Max Depth = 12<LI>Call Chain = strstr
</UL>
<BR>[Called By]<UL><LI><a href="#[ce]">&gt;&gt;</a>&nbsp;&nbsp;&nbsp;ESP8266_GetIPD
<LI><a href="#[ec]">&gt;&gt;</a>&nbsp;&nbsp;&nbsp;MQTT_UnPacketRecv
<LI><a href="#[ea]">&gt;&gt;</a>&nbsp;&nbsp;&nbsp;MQTT_UnPacketPublish
<LI><a href="#[d3]">&gt;&gt;</a>&nbsp;&nbsp;&nbsp;ESP8266_SendCmd
</UL>

<P><STRONG><a name="[fc]"></a>strcpy</STRONG> (Thumb, 72 bytes, Stack size 12 bytes, strcpy.o(.text))
<BR><BR>[Stack]<UL><LI>Max Depth = 12<LI>Call Chain = strcpy
</UL>
<BR>[Called By]<UL><LI><a href="#[f8]">&gt;&gt;</a>&nbsp;&nbsp;&nbsp;SET_Speed_ReFresh
<LI><a href="#[f9]">&gt;&gt;</a>&nbsp;&nbsp;&nbsp;SET_Sec_ReFresh
</UL>

<P><STRONG><a name="[c2]"></a>strlen</STRONG> (Thumb, 62 bytes, Stack size 8 bytes, strlen.o(.text))
<BR><BR>[Stack]<UL><LI>Max Depth = 8<LI>Call Chain = strlen
</UL>
<BR>[Called By]<UL><LI><a href="#[f1]">&gt;&gt;</a>&nbsp;&nbsp;&nbsp;OneNet_Publish
<LI><a href="#[fa]">&gt;&gt;</a>&nbsp;&nbsp;&nbsp;Speed_adjust_Page
<LI><a href="#[be]">&gt;&gt;</a>&nbsp;&nbsp;&nbsp;Sersor_ReFresh
<LI><a href="#[d7]">&gt;&gt;</a>&nbsp;&nbsp;&nbsp;Serial_Menu
<LI><a href="#[fb]">&gt;&gt;</a>&nbsp;&nbsp;&nbsp;Sensor_Re_Page
<LI><a href="#[f8]">&gt;&gt;</a>&nbsp;&nbsp;&nbsp;SET_Speed_ReFresh
<LI><a href="#[f9]">&gt;&gt;</a>&nbsp;&nbsp;&nbsp;SET_Sec_ReFresh
<LI><a href="#[f7]">&gt;&gt;</a>&nbsp;&nbsp;&nbsp;SET_Menu
<LI><a href="#[d6]">&gt;&gt;</a>&nbsp;&nbsp;&nbsp;Game_Menu
<LI><a href="#[ba]">&gt;&gt;</a>&nbsp;&nbsp;&nbsp;DATA_Menu
<LI><a href="#[e9]">&gt;&gt;</a>&nbsp;&nbsp;&nbsp;MQTT_PacketSubscribe
<LI><a href="#[e4]">&gt;&gt;</a>&nbsp;&nbsp;&nbsp;MQTT_PacketConnect
<LI><a href="#[d3]">&gt;&gt;</a>&nbsp;&nbsp;&nbsp;ESP8266_SendCmd
</UL>

<P><STRONG><a name="[131]"></a>strncmp</STRONG> (Thumb, 150 bytes, Stack size 16 bytes, strncmp.o(.text))
<BR><BR>[Stack]<UL><LI>Max Depth = 16<LI>Call Chain = strncmp
</UL>
<BR>[Called By]<UL><LI><a href="#[125]">&gt;&gt;</a>&nbsp;&nbsp;&nbsp;parse_value
</UL>

<P><STRONG><a name="[e8]"></a>__aeabi_memcpy</STRONG> (Thumb, 0 bytes, Stack size 0 bytes, rt_memcpy_v6.o(.text))
<BR><BR>[Called By]<UL><LI><a href="#[ea]">&gt;&gt;</a>&nbsp;&nbsp;&nbsp;MQTT_UnPacketPublish
<LI><a href="#[e7]">&gt;&gt;</a>&nbsp;&nbsp;&nbsp;MQTT_PacketPublish
</UL>

<P><STRONG><a name="[7e]"></a>__rt_memcpy</STRONG> (Thumb, 138 bytes, Stack size 0 bytes, rt_memcpy_v6.o(.text), UNUSED)
<BR><BR>[Calls]<UL><LI><a href="#[7f]">&gt;&gt;</a>&nbsp;&nbsp;&nbsp;__aeabi_memcpy4
</UL>

<P><STRONG><a name="[1ad]"></a>_memcpy_lastbytes</STRONG> (Thumb, 0 bytes, Stack size unknown bytes, rt_memcpy_v6.o(.text), UNUSED)

<P><STRONG><a name="[7f]"></a>__aeabi_memcpy4</STRONG> (Thumb, 0 bytes, Stack size 8 bytes, rt_memcpy_w.o(.text))
<BR><BR>[Stack]<UL><LI>Max Depth = 8<LI>Call Chain = __aeabi_memcpy4
</UL>
<BR>[Called By]<UL><LI><a href="#[f7]">&gt;&gt;</a>&nbsp;&nbsp;&nbsp;SET_Menu
<LI><a href="#[d6]">&gt;&gt;</a>&nbsp;&nbsp;&nbsp;Game_Menu
<LI><a href="#[ba]">&gt;&gt;</a>&nbsp;&nbsp;&nbsp;DATA_Menu
<LI><a href="#[7e]">&gt;&gt;</a>&nbsp;&nbsp;&nbsp;__rt_memcpy
</UL>

<P><STRONG><a name="[1ae]"></a>__aeabi_memcpy8</STRONG> (Thumb, 0 bytes, Stack size 8 bytes, rt_memcpy_w.o(.text), UNUSED)

<P><STRONG><a name="[1af]"></a>__rt_memcpy_w</STRONG> (Thumb, 100 bytes, Stack size 8 bytes, rt_memcpy_w.o(.text), UNUSED)

<P><STRONG><a name="[1b0]"></a>_memcpy_lastbytes_aligned</STRONG> (Thumb, 0 bytes, Stack size unknown bytes, rt_memcpy_w.o(.text), UNUSED)

<P><STRONG><a name="[cd]"></a>__aeabi_memclr</STRONG> (Thumb, 0 bytes, Stack size 0 bytes, rt_memclr.o(.text))
<BR><BR>[Called By]<UL><LI><a href="#[ab]">&gt;&gt;</a>&nbsp;&nbsp;&nbsp;u8g2_ClearBuffer
<LI><a href="#[cc]">&gt;&gt;</a>&nbsp;&nbsp;&nbsp;ESP8266_Clear
<LI><a href="#[ea]">&gt;&gt;</a>&nbsp;&nbsp;&nbsp;MQTT_UnPacketPublish
<LI><a href="#[e7]">&gt;&gt;</a>&nbsp;&nbsp;&nbsp;MQTT_PacketPublish
<LI><a href="#[e4]">&gt;&gt;</a>&nbsp;&nbsp;&nbsp;MQTT_PacketConnect
</UL>

<P><STRONG><a name="[80]"></a>__rt_memclr</STRONG> (Thumb, 68 bytes, Stack size 0 bytes, rt_memclr.o(.text), UNUSED)
<BR><BR>[Calls]<UL><LI><a href="#[81]">&gt;&gt;</a>&nbsp;&nbsp;&nbsp;_memset_w
</UL>

<P><STRONG><a name="[1b1]"></a>_memset</STRONG> (Thumb, 0 bytes, Stack size unknown bytes, rt_memclr.o(.text), UNUSED)

<P><STRONG><a name="[122]"></a>__aeabi_memclr4</STRONG> (Thumb, 0 bytes, Stack size 4 bytes, rt_memclr_w.o(.text))
<BR><BR>[Stack]<UL><LI>Max Depth = 4<LI>Call Chain = __aeabi_memclr4
</UL>
<BR>[Called By]<UL><LI><a href="#[121]">&gt;&gt;</a>&nbsp;&nbsp;&nbsp;cJSON_New_Item
</UL>

<P><STRONG><a name="[1b2]"></a>__aeabi_memclr8</STRONG> (Thumb, 0 bytes, Stack size 4 bytes, rt_memclr_w.o(.text), UNUSED)

<P><STRONG><a name="[1b3]"></a>__rt_memclr_w</STRONG> (Thumb, 78 bytes, Stack size 4 bytes, rt_memclr_w.o(.text), UNUSED)

<P><STRONG><a name="[81]"></a>_memset_w</STRONG> (Thumb, 0 bytes, Stack size unknown bytes, rt_memclr_w.o(.text), UNUSED)
<BR><BR>[Called By]<UL><LI><a href="#[80]">&gt;&gt;</a>&nbsp;&nbsp;&nbsp;__rt_memclr
</UL>

<P><STRONG><a name="[1b4]"></a>__use_two_region_memory</STRONG> (Thumb, 2 bytes, Stack size 0 bytes, heapauxi.o(.text), UNUSED)

<P><STRONG><a name="[1]"></a>__rt_heap_escrow</STRONG> (Thumb, 2 bytes, Stack size 0 bytes, heapauxi.o(.text), UNUSED)

<P><STRONG><a name="[0]"></a>__rt_heap_expand</STRONG> (Thumb, 2 bytes, Stack size 0 bytes, heapauxi.o(.text), UNUSED)

<P><STRONG><a name="[74]"></a>__rt_ctype_table</STRONG> (Thumb, 16 bytes, Stack size 8 bytes, rt_ctype_table.o(.text))
<BR><BR>[Stack]<UL><LI>Max Depth = 8<LI>Call Chain = __rt_ctype_table
</UL>
<BR>[Calls]<UL><LI><a href="#[64]">&gt;&gt;</a>&nbsp;&nbsp;&nbsp;__rt_locale
</UL>
<BR>[Called By]<UL><LI><a href="#[7d]">&gt;&gt;</a>&nbsp;&nbsp;&nbsp;strtol
<LI><a href="#[73]">&gt;&gt;</a>&nbsp;&nbsp;&nbsp;tolower
</UL>

<P><STRONG><a name="[71]"></a>__rt_heap_descriptor</STRONG> (Thumb, 8 bytes, Stack size 0 bytes, rt_heap_descriptor_intlibspace.o(.text))
<BR><BR>[Called By]<UL><LI><a href="#[a]">&gt;&gt;</a>&nbsp;&nbsp;&nbsp;free
<LI><a href="#[9]">&gt;&gt;</a>&nbsp;&nbsp;&nbsp;malloc
<LI><a href="#[62]">&gt;&gt;</a>&nbsp;&nbsp;&nbsp;_init_alloc
</UL>

<P><STRONG><a name="[7c]"></a>__aeabi_errno_addr</STRONG> (Thumb, 8 bytes, Stack size 0 bytes, rt_errno_addr_intlibspace.o(.text))
<BR><BR>[Called By]<UL><LI><a href="#[8a]">&gt;&gt;</a>&nbsp;&nbsp;&nbsp;_strtoul
<LI><a href="#[7d]">&gt;&gt;</a>&nbsp;&nbsp;&nbsp;strtol
<LI><a href="#[87]">&gt;&gt;</a>&nbsp;&nbsp;&nbsp;__set_errno
<LI><a href="#[86]">&gt;&gt;</a>&nbsp;&nbsp;&nbsp;__read_errno
<LI><a href="#[7b]">&gt;&gt;</a>&nbsp;&nbsp;&nbsp;atoi
</UL>

<P><STRONG><a name="[1b5]"></a>__errno$intlibspace</STRONG> (Thumb, 0 bytes, Stack size 0 bytes, rt_errno_addr_intlibspace.o(.text), UNUSED)

<P><STRONG><a name="[1b6]"></a>__rt_errno_addr$intlibspace</STRONG> (Thumb, 0 bytes, Stack size 0 bytes, rt_errno_addr_intlibspace.o(.text), UNUSED)

<P><STRONG><a name="[1b7]"></a>__use_no_heap</STRONG> (Thumb, 2 bytes, Stack size 0 bytes, hguard.o(.text), UNUSED)

<P><STRONG><a name="[1b8]"></a>__heap$guard</STRONG> (Thumb, 2 bytes, Stack size 0 bytes, hguard.o(.text), UNUSED)

<P><STRONG><a name="[7]"></a>_terminate_user_alloc</STRONG> (Thumb, 2 bytes, Stack size 0 bytes, init_alloc.o(.text), UNUSED)

<P><STRONG><a name="[5]"></a>_init_user_alloc</STRONG> (Thumb, 2 bytes, Stack size 0 bytes, init_alloc.o(.text), UNUSED)

<P><STRONG><a name="[72]"></a>__Heap_Full</STRONG> (Thumb, 34 bytes, Stack size 16 bytes, init_alloc.o(.text))
<BR><BR>[Stack]<UL><LI>Max Depth = 32<LI>Call Chain = __Heap_Full &rArr; __Heap_ProvideMemory &rArr; free
</UL>
<BR>[Calls]<UL><LI><a href="#[82]">&gt;&gt;</a>&nbsp;&nbsp;&nbsp;__Heap_ProvideMemory
</UL>
<BR>[Called By]<UL><LI><a href="#[9]">&gt;&gt;</a>&nbsp;&nbsp;&nbsp;malloc
</UL>

<P><STRONG><a name="[83]"></a>__Heap_Broken</STRONG> (Thumb, 6 bytes, Stack size 0 bytes, init_alloc.o(.text), UNUSED)
<BR><BR>[Calls]<UL><LI><a href="#[84]">&gt;&gt;</a>&nbsp;&nbsp;&nbsp;__rt_SIGRTMEM
</UL>

<P><STRONG><a name="[62]"></a>_init_alloc</STRONG> (Thumb, 94 bytes, Stack size 24 bytes, init_alloc.o(.text))
<BR><BR>[Stack]<UL><LI>Max Depth = 64<LI>Call Chain = _init_alloc &rArr; __rt_SIGRTMEM &rArr; __rt_SIGRTMEM_inner &rArr; __default_signal_display &rArr; _ttywrch
</UL>
<BR>[Calls]<UL><LI><a href="#[84]">&gt;&gt;</a>&nbsp;&nbsp;&nbsp;__rt_SIGRTMEM
<LI><a href="#[82]">&gt;&gt;</a>&nbsp;&nbsp;&nbsp;__Heap_ProvideMemory
<LI><a href="#[85]">&gt;&gt;</a>&nbsp;&nbsp;&nbsp;__Heap_Initialize
<LI><a href="#[71]">&gt;&gt;</a>&nbsp;&nbsp;&nbsp;__rt_heap_descriptor
</UL>
<BR>[Called By]<UL><LI><a href="#[61]">&gt;&gt;</a>&nbsp;&nbsp;&nbsp;__rt_lib_init_heap_2
</UL>

<P><STRONG><a name="[85]"></a>__Heap_Initialize</STRONG> (Thumb, 10 bytes, Stack size 0 bytes, h1_init.o(.text))
<BR><BR>[Called By]<UL><LI><a href="#[62]">&gt;&gt;</a>&nbsp;&nbsp;&nbsp;_init_alloc
</UL>

<P><STRONG><a name="[2]"></a>__Heap_DescSize</STRONG> (Thumb, 4 bytes, Stack size 0 bytes, h1_init.o(.text), UNUSED)

<P><STRONG><a name="[86]"></a>__read_errno</STRONG> (Thumb, 10 bytes, Stack size 8 bytes, _rserrno.o(.text), UNUSED)
<BR><BR>[Calls]<UL><LI><a href="#[7c]">&gt;&gt;</a>&nbsp;&nbsp;&nbsp;__aeabi_errno_addr
</UL>

<P><STRONG><a name="[87]"></a>__set_errno</STRONG> (Thumb, 12 bytes, Stack size 8 bytes, _rserrno.o(.text))
<BR><BR>[Stack]<UL><LI>Max Depth = 8<LI>Call Chain = __set_errno
</UL>
<BR>[Calls]<UL><LI><a href="#[7c]">&gt;&gt;</a>&nbsp;&nbsp;&nbsp;__aeabi_errno_addr
</UL>
<BR>[Called By]<UL><LI><a href="#[132]">&gt;&gt;</a>&nbsp;&nbsp;&nbsp;sqrt
<LI><a href="#[12c]">&gt;&gt;</a>&nbsp;&nbsp;&nbsp;pow
</UL>

<P><STRONG><a name="[77]"></a>_printf_int_common</STRONG> (Thumb, 178 bytes, Stack size 32 bytes, _printf_intcommon.o(.text))
<BR><BR>[Stack]<UL><LI>Max Depth = 48<LI>Call Chain = _printf_int_common &rArr; _printf_post_padding
</UL>
<BR>[Calls]<UL><LI><a href="#[89]">&gt;&gt;</a>&nbsp;&nbsp;&nbsp;_printf_post_padding
<LI><a href="#[88]">&gt;&gt;</a>&nbsp;&nbsp;&nbsp;_printf_pre_padding
</UL>
<BR>[Called By]<UL><LI><a href="#[60]">&gt;&gt;</a>&nbsp;&nbsp;&nbsp;_printf_int_dec
</UL>

<P><STRONG><a name="[76]"></a>_printf_char_common</STRONG> (Thumb, 32 bytes, Stack size 64 bytes, _printf_char_common.o(.text))
<BR><BR>[Stack]<UL><LI>Max Depth = 104 + Unknown Stack Size
<LI>Call Chain = _printf_char_common &rArr; __printf
</UL>
<BR>[Calls]<UL><LI><a href="#[78]">&gt;&gt;</a>&nbsp;&nbsp;&nbsp;__printf
</UL>
<BR>[Called By]<UL><LI><a href="#[75]">&gt;&gt;</a>&nbsp;&nbsp;&nbsp;__2sprintf
</UL>

<P><STRONG><a name="[42]"></a>_sputc</STRONG> (Thumb, 10 bytes, Stack size 0 bytes, _sputc.o(.text))
<BR><BR>[Called By]<UL><LI><a href="#[75]">&gt;&gt;</a>&nbsp;&nbsp;&nbsp;__2sprintf
</UL>
<BR>[Address Reference Count : 1]<UL><LI> noretval__2sprintf.o(.text)
</UL>
<P><STRONG><a name="[7d]"></a>strtol</STRONG> (Thumb, 112 bytes, Stack size 32 bytes, strtol.o(.text))
<BR><BR>[Stack]<UL><LI>Max Depth = 72<LI>Call Chain = strtol &rArr; _strtoul
</UL>
<BR>[Calls]<UL><LI><a href="#[8a]">&gt;&gt;</a>&nbsp;&nbsp;&nbsp;_strtoul
<LI><a href="#[7c]">&gt;&gt;</a>&nbsp;&nbsp;&nbsp;__aeabi_errno_addr
<LI><a href="#[74]">&gt;&gt;</a>&nbsp;&nbsp;&nbsp;__rt_ctype_table
</UL>
<BR>[Called By]<UL><LI><a href="#[7b]">&gt;&gt;</a>&nbsp;&nbsp;&nbsp;atoi
</UL>

<P><STRONG><a name="[1b9]"></a>__user_libspace</STRONG> (Thumb, 8 bytes, Stack size 0 bytes, libspace.o(.text), UNUSED)

<P><STRONG><a name="[8e]"></a>__user_perproc_libspace</STRONG> (Thumb, 0 bytes, Stack size 0 bytes, libspace.o(.text))
<BR><BR>[Called By]<UL><LI><a href="#[67]">&gt;&gt;</a>&nbsp;&nbsp;&nbsp;__user_setup_stackheap
</UL>

<P><STRONG><a name="[1ba]"></a>__user_perthread_libspace</STRONG> (Thumb, 0 bytes, Stack size 0 bytes, libspace.o(.text), UNUSED)

<P><STRONG><a name="[64]"></a>__rt_locale</STRONG> (Thumb, 8 bytes, Stack size 0 bytes, rt_locale_intlibspace.o(.text))
<BR><BR>[Called By]<UL><LI><a href="#[63]">&gt;&gt;</a>&nbsp;&nbsp;&nbsp;__rt_lib_init_lc_common
<LI><a href="#[74]">&gt;&gt;</a>&nbsp;&nbsp;&nbsp;__rt_ctype_table
</UL>

<P><STRONG><a name="[82]"></a>__Heap_ProvideMemory</STRONG> (Thumb, 52 bytes, Stack size 0 bytes, h1_extend.o(.text))
<BR><BR>[Stack]<UL><LI>Max Depth = 16<LI>Call Chain = __Heap_ProvideMemory &rArr; free
</UL>
<BR>[Calls]<UL><LI><a href="#[a]">&gt;&gt;</a>&nbsp;&nbsp;&nbsp;free
</UL>
<BR>[Called By]<UL><LI><a href="#[62]">&gt;&gt;</a>&nbsp;&nbsp;&nbsp;_init_alloc
<LI><a href="#[72]">&gt;&gt;</a>&nbsp;&nbsp;&nbsp;__Heap_Full
</UL>

<P><STRONG><a name="[8a]"></a>_strtoul</STRONG> (Thumb, 158 bytes, Stack size 40 bytes, _strtoul.o(.text))
<BR><BR>[Stack]<UL><LI>Max Depth = 40<LI>Call Chain = _strtoul
</UL>
<BR>[Calls]<UL><LI><a href="#[7c]">&gt;&gt;</a>&nbsp;&nbsp;&nbsp;__aeabi_errno_addr
<LI><a href="#[8b]">&gt;&gt;</a>&nbsp;&nbsp;&nbsp;_chval
</UL>
<BR>[Called By]<UL><LI><a href="#[7d]">&gt;&gt;</a>&nbsp;&nbsp;&nbsp;strtol
</UL>

<P><STRONG><a name="[84]"></a>__rt_SIGRTMEM</STRONG> (Thumb, 14 bytes, Stack size 8 bytes, defsig_rtmem_outer.o(.text))
<BR><BR>[Stack]<UL><LI>Max Depth = 40<LI>Call Chain = __rt_SIGRTMEM &rArr; __rt_SIGRTMEM_inner &rArr; __default_signal_display &rArr; _ttywrch
</UL>
<BR>[Calls]<UL><LI><a href="#[8c]">&gt;&gt;</a>&nbsp;&nbsp;&nbsp;__rt_SIGRTMEM_inner
<LI><a href="#[8d]">&gt;&gt;</a>&nbsp;&nbsp;&nbsp;__sig_exit
</UL>
<BR>[Called By]<UL><LI><a href="#[62]">&gt;&gt;</a>&nbsp;&nbsp;&nbsp;_init_alloc
<LI><a href="#[83]">&gt;&gt;</a>&nbsp;&nbsp;&nbsp;__Heap_Broken
</UL>

<P><STRONG><a name="[1bb]"></a>__I$use$semihosting</STRONG> (Thumb, 0 bytes, Stack size 0 bytes, use_no_semi.o(.text), UNUSED)

<P><STRONG><a name="[1bc]"></a>__use_no_semihosting_swi</STRONG> (Thumb, 2 bytes, Stack size 0 bytes, use_no_semi.o(.text), UNUSED)

<P><STRONG><a name="[1bd]"></a>__semihosting_library_function</STRONG> (Thumb, 0 bytes, Stack size 8 bytes, indicate_semi.o(.text), UNUSED)

<P><STRONG><a name="[67]"></a>__user_setup_stackheap</STRONG> (Thumb, 74 bytes, Stack size 8 bytes, sys_stackheap_outer.o(.text))
<BR><BR>[Stack]<UL><LI>Max Depth = 8 + Unknown Stack Size
<LI>Call Chain = __user_setup_stackheap
</UL>
<BR>[Calls]<UL><LI><a href="#[8f]">&gt;&gt;</a>&nbsp;&nbsp;&nbsp;__user_initial_stackheap
<LI><a href="#[8e]">&gt;&gt;</a>&nbsp;&nbsp;&nbsp;__user_perproc_libspace
</UL>
<BR>[Called By]<UL><LI><a href="#[66]">&gt;&gt;</a>&nbsp;&nbsp;&nbsp;__rt_entry_sh
</UL>

<P><STRONG><a name="[8b]"></a>_chval</STRONG> (Thumb, 28 bytes, Stack size 0 bytes, _chval.o(.text))
<BR><BR>[Called By]<UL><LI><a href="#[8a]">&gt;&gt;</a>&nbsp;&nbsp;&nbsp;_strtoul
</UL>

<P><STRONG><a name="[6c]"></a>exit</STRONG> (Thumb, 18 bytes, Stack size 8 bytes, exit.o(.text))
<BR><BR>[Stack]<UL><LI>Max Depth = 8 + Unknown Stack Size
<LI>Call Chain = exit
</UL>
<BR>[Calls]<UL><LI><a href="#[90]">&gt;&gt;</a>&nbsp;&nbsp;&nbsp;__rt_exit
</UL>
<BR>[Called By]<UL><LI><a href="#[6a]">&gt;&gt;</a>&nbsp;&nbsp;&nbsp;__rt_entry_main
</UL>

<P><STRONG><a name="[8d]"></a>__sig_exit</STRONG> (Thumb, 10 bytes, Stack size 0 bytes, defsig_exit.o(.text))
<BR><BR>[Calls]<UL><LI><a href="#[70]">&gt;&gt;</a>&nbsp;&nbsp;&nbsp;_sys_exit
</UL>
<BR>[Called By]<UL><LI><a href="#[84]">&gt;&gt;</a>&nbsp;&nbsp;&nbsp;__rt_SIGRTMEM
</UL>

<P><STRONG><a name="[8c]"></a>__rt_SIGRTMEM_inner</STRONG> (Thumb, 22 bytes, Stack size 8 bytes, defsig_rtmem_inner.o(.text))
<BR><BR>[Stack]<UL><LI>Max Depth = 32<LI>Call Chain = __rt_SIGRTMEM_inner &rArr; __default_signal_display &rArr; _ttywrch
</UL>
<BR>[Calls]<UL><LI><a href="#[91]">&gt;&gt;</a>&nbsp;&nbsp;&nbsp;__default_signal_display
</UL>
<BR>[Called By]<UL><LI><a href="#[84]">&gt;&gt;</a>&nbsp;&nbsp;&nbsp;__rt_SIGRTMEM
</UL>

<P><STRONG><a name="[174]"></a>strcmp</STRONG> (Thumb, 128 bytes, Stack size 0 bytes, strcmpv7m.o(.text))
<BR><BR>[Called By]<UL><LI><a href="#[43]">&gt;&gt;</a>&nbsp;&nbsp;&nbsp;_get_lc_ctype
</UL>

<P><STRONG><a name="[70]"></a>_sys_exit</STRONG> (Thumb, 8 bytes, Stack size 0 bytes, sys_exit.o(.text))
<BR><BR>[Called By]<UL><LI><a href="#[6f]">&gt;&gt;</a>&nbsp;&nbsp;&nbsp;__rt_exit_exit
<LI><a href="#[8d]">&gt;&gt;</a>&nbsp;&nbsp;&nbsp;__sig_exit
</UL>

<P><STRONG><a name="[91]"></a>__default_signal_display</STRONG> (Thumb, 50 bytes, Stack size 16 bytes, defsig_general.o(.text))
<BR><BR>[Stack]<UL><LI>Max Depth = 24<LI>Call Chain = __default_signal_display &rArr; _ttywrch
</UL>
<BR>[Calls]<UL><LI><a href="#[92]">&gt;&gt;</a>&nbsp;&nbsp;&nbsp;_ttywrch
</UL>
<BR>[Called By]<UL><LI><a href="#[8c]">&gt;&gt;</a>&nbsp;&nbsp;&nbsp;__rt_SIGRTMEM_inner
</UL>

<P><STRONG><a name="[92]"></a>_ttywrch</STRONG> (Thumb, 14 bytes, Stack size 8 bytes, sys_wrch.o(.text))
<BR><BR>[Stack]<UL><LI>Max Depth = 8<LI>Call Chain = _ttywrch
</UL>
<BR>[Called By]<UL><LI><a href="#[91]">&gt;&gt;</a>&nbsp;&nbsp;&nbsp;__default_signal_display
</UL>

<P><STRONG><a name="[9d]"></a>ADC_Cmd</STRONG> (Thumb, 22 bytes, Stack size 0 bytes, stm32f10x_adc.o(i.ADC_Cmd))
<BR><BR>[Called By]<UL><LI><a href="#[98]">&gt;&gt;</a>&nbsp;&nbsp;&nbsp;AD_Init
</UL>

<P><STRONG><a name="[a1]"></a>ADC_GetCalibrationStatus</STRONG> (Thumb, 20 bytes, Stack size 0 bytes, stm32f10x_adc.o(i.ADC_GetCalibrationStatus))
<BR><BR>[Called By]<UL><LI><a href="#[98]">&gt;&gt;</a>&nbsp;&nbsp;&nbsp;AD_Init
</UL>

<P><STRONG><a name="[97]"></a>ADC_GetConversionValue</STRONG> (Thumb, 8 bytes, Stack size 0 bytes, stm32f10x_adc.o(i.ADC_GetConversionValue))
<BR><BR>[Called By]<UL><LI><a href="#[93]">&gt;&gt;</a>&nbsp;&nbsp;&nbsp;AD_GetValue
</UL>

<P><STRONG><a name="[96]"></a>ADC_GetFlagStatus</STRONG> (Thumb, 18 bytes, Stack size 0 bytes, stm32f10x_adc.o(i.ADC_GetFlagStatus))
<BR><BR>[Called By]<UL><LI><a href="#[93]">&gt;&gt;</a>&nbsp;&nbsp;&nbsp;AD_GetValue
</UL>

<P><STRONG><a name="[9f]"></a>ADC_GetResetCalibrationStatus</STRONG> (Thumb, 20 bytes, Stack size 0 bytes, stm32f10x_adc.o(i.ADC_GetResetCalibrationStatus))
<BR><BR>[Called By]<UL><LI><a href="#[98]">&gt;&gt;</a>&nbsp;&nbsp;&nbsp;AD_Init
</UL>

<P><STRONG><a name="[9c]"></a>ADC_Init</STRONG> (Thumb, 70 bytes, Stack size 12 bytes, stm32f10x_adc.o(i.ADC_Init))
<BR><BR>[Stack]<UL><LI>Max Depth = 12<LI>Call Chain = ADC_Init
</UL>
<BR>[Called By]<UL><LI><a href="#[98]">&gt;&gt;</a>&nbsp;&nbsp;&nbsp;AD_Init
</UL>

<P><STRONG><a name="[94]"></a>ADC_RegularChannelConfig</STRONG> (Thumb, 184 bytes, Stack size 20 bytes, stm32f10x_adc.o(i.ADC_RegularChannelConfig))
<BR><BR>[Stack]<UL><LI>Max Depth = 20<LI>Call Chain = ADC_RegularChannelConfig
</UL>
<BR>[Called By]<UL><LI><a href="#[93]">&gt;&gt;</a>&nbsp;&nbsp;&nbsp;AD_GetValue
</UL>

<P><STRONG><a name="[9e]"></a>ADC_ResetCalibration</STRONG> (Thumb, 10 bytes, Stack size 0 bytes, stm32f10x_adc.o(i.ADC_ResetCalibration))
<BR><BR>[Called By]<UL><LI><a href="#[98]">&gt;&gt;</a>&nbsp;&nbsp;&nbsp;AD_Init
</UL>

<P><STRONG><a name="[95]"></a>ADC_SoftwareStartConvCmd</STRONG> (Thumb, 22 bytes, Stack size 0 bytes, stm32f10x_adc.o(i.ADC_SoftwareStartConvCmd))
<BR><BR>[Called By]<UL><LI><a href="#[93]">&gt;&gt;</a>&nbsp;&nbsp;&nbsp;AD_GetValue
</UL>

<P><STRONG><a name="[a0]"></a>ADC_StartCalibration</STRONG> (Thumb, 10 bytes, Stack size 0 bytes, stm32f10x_adc.o(i.ADC_StartCalibration))
<BR><BR>[Called By]<UL><LI><a href="#[98]">&gt;&gt;</a>&nbsp;&nbsp;&nbsp;AD_Init
</UL>

<P><STRONG><a name="[93]"></a>AD_GetValue</STRONG> (Thumb, 46 bytes, Stack size 8 bytes, ad.o(i.AD_GetValue))
<BR><BR>[Stack]<UL><LI>Max Depth = 28<LI>Call Chain = AD_GetValue &rArr; ADC_RegularChannelConfig
</UL>
<BR>[Calls]<UL><LI><a href="#[95]">&gt;&gt;</a>&nbsp;&nbsp;&nbsp;ADC_SoftwareStartConvCmd
<LI><a href="#[94]">&gt;&gt;</a>&nbsp;&nbsp;&nbsp;ADC_RegularChannelConfig
<LI><a href="#[96]">&gt;&gt;</a>&nbsp;&nbsp;&nbsp;ADC_GetFlagStatus
<LI><a href="#[97]">&gt;&gt;</a>&nbsp;&nbsp;&nbsp;ADC_GetConversionValue
</UL>
<BR>[Called By]<UL><LI><a href="#[31]">&gt;&gt;</a>&nbsp;&nbsp;&nbsp;TIM2_IRQHandler
<LI><a href="#[a2]">&gt;&gt;</a>&nbsp;&nbsp;&nbsp;AD_Key_GetNum
</UL>

<P><STRONG><a name="[98]"></a>AD_Init</STRONG> (Thumb, 138 bytes, Stack size 32 bytes, ad.o(i.AD_Init))
<BR><BR>[Stack]<UL><LI>Max Depth = 56<LI>Call Chain = AD_Init &rArr; GPIO_Init
</UL>
<BR>[Calls]<UL><LI><a href="#[a0]">&gt;&gt;</a>&nbsp;&nbsp;&nbsp;ADC_StartCalibration
<LI><a href="#[9e]">&gt;&gt;</a>&nbsp;&nbsp;&nbsp;ADC_ResetCalibration
<LI><a href="#[9c]">&gt;&gt;</a>&nbsp;&nbsp;&nbsp;ADC_Init
<LI><a href="#[9f]">&gt;&gt;</a>&nbsp;&nbsp;&nbsp;ADC_GetResetCalibrationStatus
<LI><a href="#[a1]">&gt;&gt;</a>&nbsp;&nbsp;&nbsp;ADC_GetCalibrationStatus
<LI><a href="#[9d]">&gt;&gt;</a>&nbsp;&nbsp;&nbsp;ADC_Cmd
<LI><a href="#[9b]">&gt;&gt;</a>&nbsp;&nbsp;&nbsp;GPIO_Init
<LI><a href="#[99]">&gt;&gt;</a>&nbsp;&nbsp;&nbsp;RCC_APB2PeriphClockCmd
<LI><a href="#[9a]">&gt;&gt;</a>&nbsp;&nbsp;&nbsp;RCC_ADCCLKConfig
</UL>
<BR>[Called By]<UL><LI><a href="#[a4]">&gt;&gt;</a>&nbsp;&nbsp;&nbsp;ALL_Init
</UL>

<P><STRONG><a name="[a2]"></a>AD_Key_GetNum</STRONG> (Thumb, 186 bytes, Stack size 8 bytes, key.o(i.AD_Key_GetNum))
<BR><BR>[Stack]<UL><LI>Max Depth = 36<LI>Call Chain = AD_Key_GetNum &rArr; AD_GetValue &rArr; ADC_RegularChannelConfig
</UL>
<BR>[Calls]<UL><LI><a href="#[93]">&gt;&gt;</a>&nbsp;&nbsp;&nbsp;AD_GetValue
<LI><a href="#[a3]">&gt;&gt;</a>&nbsp;&nbsp;&nbsp;Delay_ms
</UL>
<BR>[Called By]<UL><LI><a href="#[fa]">&gt;&gt;</a>&nbsp;&nbsp;&nbsp;Speed_adjust_Page
<LI><a href="#[100]">&gt;&gt;</a>&nbsp;&nbsp;&nbsp;Show_Menu
<LI><a href="#[d7]">&gt;&gt;</a>&nbsp;&nbsp;&nbsp;Serial_Menu
<LI><a href="#[fb]">&gt;&gt;</a>&nbsp;&nbsp;&nbsp;Sensor_Re_Page
<LI><a href="#[f7]">&gt;&gt;</a>&nbsp;&nbsp;&nbsp;SET_Menu
<LI><a href="#[d6]">&gt;&gt;</a>&nbsp;&nbsp;&nbsp;Game_Menu
<LI><a href="#[ba]">&gt;&gt;</a>&nbsp;&nbsp;&nbsp;DATA_Menu
</UL>

<P><STRONG><a name="[a4]"></a>ALL_Init</STRONG> (Thumb, 134 bytes, Stack size 8 bytes, main.o(i.ALL_Init))
<BR><BR>[Stack]<UL><LI>Max Depth = 352 + Unknown Stack Size
<LI>Call Chain = ALL_Init &rArr; OneNet_DevLink &rArr; u8g2_DrawStr &rArr; u8g2_draw_string &rArr; u8g2_DrawGlyph &rArr; u8g2_font_draw_glyph &rArr; u8g2_font_decode_glyph &rArr; u8g2_font_decode_len &rArr; u8g2_DrawHVLine &rArr; u8g2_clip_intersection2
</UL>
<BR>[Calls]<UL><LI><a href="#[b2]">&gt;&gt;</a>&nbsp;&nbsp;&nbsp;u8g2_NextPage
<LI><a href="#[b0]">&gt;&gt;</a>&nbsp;&nbsp;&nbsp;OneNet_Subscribe
<LI><a href="#[af]">&gt;&gt;</a>&nbsp;&nbsp;&nbsp;OneNet_DevLink
<LI><a href="#[a5]">&gt;&gt;</a>&nbsp;&nbsp;&nbsp;I2C_Config
<LI><a href="#[ad]">&gt;&gt;</a>&nbsp;&nbsp;&nbsp;ESP8266_Init
<LI><a href="#[a6]">&gt;&gt;</a>&nbsp;&nbsp;&nbsp;u8g2_Config
<LI><a href="#[b1]">&gt;&gt;</a>&nbsp;&nbsp;&nbsp;draw
<LI><a href="#[ac]">&gt;&gt;</a>&nbsp;&nbsp;&nbsp;Hardware_Init
<LI><a href="#[ae]">&gt;&gt;</a>&nbsp;&nbsp;&nbsp;u8g2_SendBuffer
<LI><a href="#[ab]">&gt;&gt;</a>&nbsp;&nbsp;&nbsp;u8g2_ClearBuffer
<LI><a href="#[a7]">&gt;&gt;</a>&nbsp;&nbsp;&nbsp;Show_Menu_Config
<LI><a href="#[98]">&gt;&gt;</a>&nbsp;&nbsp;&nbsp;AD_Init
<LI><a href="#[aa]">&gt;&gt;</a>&nbsp;&nbsp;&nbsp;Key_Init
<LI><a href="#[a8]">&gt;&gt;</a>&nbsp;&nbsp;&nbsp;LED_Init
<LI><a href="#[b4]">&gt;&gt;</a>&nbsp;&nbsp;&nbsp;LED2_OFF
<LI><a href="#[a9]">&gt;&gt;</a>&nbsp;&nbsp;&nbsp;Beep_Init
<LI><a href="#[b3]">&gt;&gt;</a>&nbsp;&nbsp;&nbsp;Timer_Init
<LI><a href="#[a3]">&gt;&gt;</a>&nbsp;&nbsp;&nbsp;Delay_ms
</UL>
<BR>[Called By]<UL><LI><a href="#[6b]">&gt;&gt;</a>&nbsp;&nbsp;&nbsp;main
</UL>

<P><STRONG><a name="[a9]"></a>Beep_Init</STRONG> (Thumb, 38 bytes, Stack size 8 bytes, led.o(i.Beep_Init))
<BR><BR>[Stack]<UL><LI>Max Depth = 32<LI>Call Chain = Beep_Init &rArr; GPIO_Init
</UL>
<BR>[Calls]<UL><LI><a href="#[9b]">&gt;&gt;</a>&nbsp;&nbsp;&nbsp;GPIO_Init
<LI><a href="#[99]">&gt;&gt;</a>&nbsp;&nbsp;&nbsp;RCC_APB2PeriphClockCmd
</UL>
<BR>[Called By]<UL><LI><a href="#[a4]">&gt;&gt;</a>&nbsp;&nbsp;&nbsp;ALL_Init
</UL>

<P><STRONG><a name="[b5]"></a>Beep_OFF</STRONG> (Thumb, 14 bytes, Stack size 8 bytes, led.o(i.Beep_OFF))
<BR><BR>[Stack]<UL><LI>Max Depth = 8<LI>Call Chain = Beep_OFF
</UL>
<BR>[Calls]<UL><LI><a href="#[b6]">&gt;&gt;</a>&nbsp;&nbsp;&nbsp;GPIO_SetBits
</UL>
<BR>[Called By]<UL><LI><a href="#[31]">&gt;&gt;</a>&nbsp;&nbsp;&nbsp;TIM2_IRQHandler
</UL>

<P><STRONG><a name="[b7]"></a>Beep_Turn</STRONG> (Thumb, 38 bytes, Stack size 8 bytes, led.o(i.Beep_Turn))
<BR><BR>[Stack]<UL><LI>Max Depth = 8<LI>Call Chain = Beep_Turn
</UL>
<BR>[Calls]<UL><LI><a href="#[b6]">&gt;&gt;</a>&nbsp;&nbsp;&nbsp;GPIO_SetBits
<LI><a href="#[b9]">&gt;&gt;</a>&nbsp;&nbsp;&nbsp;GPIO_ResetBits
<LI><a href="#[b8]">&gt;&gt;</a>&nbsp;&nbsp;&nbsp;GPIO_ReadOutputDataBit
</UL>
<BR>[Called By]<UL><LI><a href="#[31]">&gt;&gt;</a>&nbsp;&nbsp;&nbsp;TIM2_IRQHandler
</UL>

<P><STRONG><a name="[f]"></a>BusFault_Handler</STRONG> (Thumb, 4 bytes, Stack size 0 bytes, stm32f10x_it.o(i.BusFault_Handler))
<BR>[Address Reference Count : 1]<UL><LI> startup_stm32f10x_md.o(RESET)
</UL>
<P><STRONG><a name="[ba]"></a>DATA_Menu</STRONG> (Thumb, 654 bytes, Stack size 32 bytes, menu.o(i.DATA_Menu))
<BR><BR>[Stack]<UL><LI>Max Depth = 360 + Unknown Stack Size
<LI>Call Chain = DATA_Menu &rArr; OnePage_To_Menu_Display &rArr; u8g2_DrawStr &rArr; u8g2_draw_string &rArr; u8g2_DrawGlyph &rArr; u8g2_font_draw_glyph &rArr; u8g2_font_decode_glyph &rArr; u8g2_font_decode_len &rArr; u8g2_DrawHVLine &rArr; u8g2_clip_intersection2
</UL>
<BR>[Calls]<UL><LI><a href="#[ae]">&gt;&gt;</a>&nbsp;&nbsp;&nbsp;u8g2_SendBuffer
<LI><a href="#[bc]">&gt;&gt;</a>&nbsp;&nbsp;&nbsp;u8g2_DrawStr
<LI><a href="#[bd]">&gt;&gt;</a>&nbsp;&nbsp;&nbsp;u8g2_DrawLine
<LI><a href="#[c0]">&gt;&gt;</a>&nbsp;&nbsp;&nbsp;u8g2_DrawFrame
<LI><a href="#[ab]">&gt;&gt;</a>&nbsp;&nbsp;&nbsp;u8g2_ClearBuffer
<LI><a href="#[bf]">&gt;&gt;</a>&nbsp;&nbsp;&nbsp;ui_run
<LI><a href="#[a7]">&gt;&gt;</a>&nbsp;&nbsp;&nbsp;Show_Menu_Config
<LI><a href="#[be]">&gt;&gt;</a>&nbsp;&nbsp;&nbsp;Sersor_ReFresh
<LI><a href="#[c1]">&gt;&gt;</a>&nbsp;&nbsp;&nbsp;OnePage_To_Menu_Display
<LI><a href="#[bb]">&gt;&gt;</a>&nbsp;&nbsp;&nbsp;Menu_To_OnePage_Display
<LI><a href="#[a2]">&gt;&gt;</a>&nbsp;&nbsp;&nbsp;AD_Key_GetNum
<LI><a href="#[7f]">&gt;&gt;</a>&nbsp;&nbsp;&nbsp;__aeabi_memcpy4
<LI><a href="#[c2]">&gt;&gt;</a>&nbsp;&nbsp;&nbsp;strlen
</UL>
<BR>[Called By]<UL><LI><a href="#[100]">&gt;&gt;</a>&nbsp;&nbsp;&nbsp;Show_Menu
</UL>

<P><STRONG><a name="[c3]"></a>DHT11_Check</STRONG> (Thumb, 86 bytes, Stack size 8 bytes, dht11.o(i.DHT11_Check))
<BR><BR>[Stack]<UL><LI>Max Depth = 40<LI>Call Chain = DHT11_Check &rArr; DHT11_IO_IN &rArr; GPIO_Init
</UL>
<BR>[Calls]<UL><LI><a href="#[c6]">&gt;&gt;</a>&nbsp;&nbsp;&nbsp;GPIO_ReadInputDataBit
<LI><a href="#[c4]">&gt;&gt;</a>&nbsp;&nbsp;&nbsp;DHT11_IO_IN
<LI><a href="#[c5]">&gt;&gt;</a>&nbsp;&nbsp;&nbsp;Delay_us
</UL>
<BR>[Called By]<UL><LI><a href="#[ca]">&gt;&gt;</a>&nbsp;&nbsp;&nbsp;DHT11_Read_Data
</UL>

<P><STRONG><a name="[c4]"></a>DHT11_IO_IN</STRONG> (Thumb, 26 bytes, Stack size 8 bytes, dht11.o(i.DHT11_IO_IN))
<BR><BR>[Stack]<UL><LI>Max Depth = 32<LI>Call Chain = DHT11_IO_IN &rArr; GPIO_Init
</UL>
<BR>[Calls]<UL><LI><a href="#[9b]">&gt;&gt;</a>&nbsp;&nbsp;&nbsp;GPIO_Init
</UL>
<BR>[Called By]<UL><LI><a href="#[c3]">&gt;&gt;</a>&nbsp;&nbsp;&nbsp;DHT11_Check
</UL>

<P><STRONG><a name="[c7]"></a>DHT11_IO_OUT</STRONG> (Thumb, 32 bytes, Stack size 8 bytes, dht11.o(i.DHT11_IO_OUT))
<BR><BR>[Stack]<UL><LI>Max Depth = 32<LI>Call Chain = DHT11_IO_OUT &rArr; GPIO_Init
</UL>
<BR>[Calls]<UL><LI><a href="#[9b]">&gt;&gt;</a>&nbsp;&nbsp;&nbsp;GPIO_Init
</UL>
<BR>[Called By]<UL><LI><a href="#[cb]">&gt;&gt;</a>&nbsp;&nbsp;&nbsp;Drv_Dht11_Start
</UL>

<P><STRONG><a name="[c8]"></a>DHT11_Read_Bit</STRONG> (Thumb, 88 bytes, Stack size 8 bytes, dht11.o(i.DHT11_Read_Bit))
<BR><BR>[Stack]<UL><LI>Max Depth = 8<LI>Call Chain = DHT11_Read_Bit
</UL>
<BR>[Calls]<UL><LI><a href="#[c6]">&gt;&gt;</a>&nbsp;&nbsp;&nbsp;GPIO_ReadInputDataBit
<LI><a href="#[c5]">&gt;&gt;</a>&nbsp;&nbsp;&nbsp;Delay_us
</UL>
<BR>[Called By]<UL><LI><a href="#[c9]">&gt;&gt;</a>&nbsp;&nbsp;&nbsp;DHT11_Read_Byte
</UL>

<P><STRONG><a name="[c9]"></a>DHT11_Read_Byte</STRONG> (Thumb, 30 bytes, Stack size 16 bytes, dht11.o(i.DHT11_Read_Byte))
<BR><BR>[Stack]<UL><LI>Max Depth = 24<LI>Call Chain = DHT11_Read_Byte &rArr; DHT11_Read_Bit
</UL>
<BR>[Calls]<UL><LI><a href="#[c8]">&gt;&gt;</a>&nbsp;&nbsp;&nbsp;DHT11_Read_Bit
</UL>
<BR>[Called By]<UL><LI><a href="#[ca]">&gt;&gt;</a>&nbsp;&nbsp;&nbsp;DHT11_Read_Data
</UL>

<P><STRONG><a name="[ca]"></a>DHT11_Read_Data</STRONG> (Thumb, 112 bytes, Stack size 24 bytes, dht11.o(i.DHT11_Read_Data))
<BR><BR>[Stack]<UL><LI>Max Depth = 64<LI>Call Chain = DHT11_Read_Data &rArr; Drv_Dht11_Start &rArr; DHT11_IO_OUT &rArr; GPIO_Init
</UL>
<BR>[Calls]<UL><LI><a href="#[cb]">&gt;&gt;</a>&nbsp;&nbsp;&nbsp;Drv_Dht11_Start
<LI><a href="#[c9]">&gt;&gt;</a>&nbsp;&nbsp;&nbsp;DHT11_Read_Byte
<LI><a href="#[c3]">&gt;&gt;</a>&nbsp;&nbsp;&nbsp;DHT11_Check
</UL>
<BR>[Called By]<UL><LI><a href="#[31]">&gt;&gt;</a>&nbsp;&nbsp;&nbsp;TIM2_IRQHandler
</UL>

<P><STRONG><a name="[12]"></a>DebugMon_Handler</STRONG> (Thumb, 2 bytes, Stack size 0 bytes, stm32f10x_it.o(i.DebugMon_Handler))
<BR>[Address Reference Count : 1]<UL><LI> startup_stm32f10x_md.o(RESET)
</UL>
<P><STRONG><a name="[a3]"></a>Delay_ms</STRONG> (Thumb, 24 bytes, Stack size 4 bytes, delay.o(i.Delay_ms))
<BR><BR>[Stack]<UL><LI>Max Depth = 4<LI>Call Chain = Delay_ms
</UL>
<BR>[Calls]<UL><LI><a href="#[c5]">&gt;&gt;</a>&nbsp;&nbsp;&nbsp;Delay_us
</UL>
<BR>[Called By]<UL><LI><a href="#[ad]">&gt;&gt;</a>&nbsp;&nbsp;&nbsp;ESP8266_Init
<LI><a href="#[a4]">&gt;&gt;</a>&nbsp;&nbsp;&nbsp;ALL_Init
<LI><a href="#[cb]">&gt;&gt;</a>&nbsp;&nbsp;&nbsp;Drv_Dht11_Start
<LI><a href="#[ce]">&gt;&gt;</a>&nbsp;&nbsp;&nbsp;ESP8266_GetIPD
<LI><a href="#[dc]">&gt;&gt;</a>&nbsp;&nbsp;&nbsp;Key_GetNum
<LI><a href="#[a2]">&gt;&gt;</a>&nbsp;&nbsp;&nbsp;AD_Key_GetNum
<LI><a href="#[d3]">&gt;&gt;</a>&nbsp;&nbsp;&nbsp;ESP8266_SendCmd
</UL>

<P><STRONG><a name="[c5]"></a>Delay_us</STRONG> (Thumb, 46 bytes, Stack size 0 bytes, delay.o(i.Delay_us))
<BR><BR>[Called By]<UL><LI><a href="#[cb]">&gt;&gt;</a>&nbsp;&nbsp;&nbsp;Drv_Dht11_Start
<LI><a href="#[c8]">&gt;&gt;</a>&nbsp;&nbsp;&nbsp;DHT11_Read_Bit
<LI><a href="#[c3]">&gt;&gt;</a>&nbsp;&nbsp;&nbsp;DHT11_Check
<LI><a href="#[a3]">&gt;&gt;</a>&nbsp;&nbsp;&nbsp;Delay_ms
</UL>

<P><STRONG><a name="[cb]"></a>Drv_Dht11_Start</STRONG> (Thumb, 56 bytes, Stack size 8 bytes, dht11.o(i.Drv_Dht11_Start))
<BR><BR>[Stack]<UL><LI>Max Depth = 40<LI>Call Chain = Drv_Dht11_Start &rArr; DHT11_IO_OUT &rArr; GPIO_Init
</UL>
<BR>[Calls]<UL><LI><a href="#[b6]">&gt;&gt;</a>&nbsp;&nbsp;&nbsp;GPIO_SetBits
<LI><a href="#[b9]">&gt;&gt;</a>&nbsp;&nbsp;&nbsp;GPIO_ResetBits
<LI><a href="#[c7]">&gt;&gt;</a>&nbsp;&nbsp;&nbsp;DHT11_IO_OUT
<LI><a href="#[c5]">&gt;&gt;</a>&nbsp;&nbsp;&nbsp;Delay_us
<LI><a href="#[a3]">&gt;&gt;</a>&nbsp;&nbsp;&nbsp;Delay_ms
</UL>
<BR>[Called By]<UL><LI><a href="#[ca]">&gt;&gt;</a>&nbsp;&nbsp;&nbsp;DHT11_Read_Data
</UL>

<P><STRONG><a name="[cc]"></a>ESP8266_Clear</STRONG> (Thumb, 20 bytes, Stack size 8 bytes, esp8266.o(i.ESP8266_Clear))
<BR><BR>[Stack]<UL><LI>Max Depth = 8<LI>Call Chain = ESP8266_Clear
</UL>
<BR>[Calls]<UL><LI><a href="#[cd]">&gt;&gt;</a>&nbsp;&nbsp;&nbsp;__aeabi_memclr
</UL>
<BR>[Called By]<UL><LI><a href="#[ad]">&gt;&gt;</a>&nbsp;&nbsp;&nbsp;ESP8266_Init
<LI><a href="#[f2]">&gt;&gt;</a>&nbsp;&nbsp;&nbsp;OneNet_RevPro
<LI><a href="#[31]">&gt;&gt;</a>&nbsp;&nbsp;&nbsp;TIM2_IRQHandler
<LI><a href="#[d5]">&gt;&gt;</a>&nbsp;&nbsp;&nbsp;ESP8266_SendData
<LI><a href="#[d3]">&gt;&gt;</a>&nbsp;&nbsp;&nbsp;ESP8266_SendCmd
</UL>

<P><STRONG><a name="[ce]"></a>ESP8266_GetIPD</STRONG> (Thumb, 66 bytes, Stack size 16 bytes, esp8266.o(i.ESP8266_GetIPD))
<BR><BR>[Stack]<UL><LI>Max Depth = 28<LI>Call Chain = ESP8266_GetIPD &rArr; strstr
</UL>
<BR>[Calls]<UL><LI><a href="#[a3]">&gt;&gt;</a>&nbsp;&nbsp;&nbsp;Delay_ms
<LI><a href="#[cf]">&gt;&gt;</a>&nbsp;&nbsp;&nbsp;ESP8266_WaitRecive
<LI><a href="#[d0]">&gt;&gt;</a>&nbsp;&nbsp;&nbsp;strstr
<LI><a href="#[d1]">&gt;&gt;</a>&nbsp;&nbsp;&nbsp;strchr
</UL>
<BR>[Called By]<UL><LI><a href="#[af]">&gt;&gt;</a>&nbsp;&nbsp;&nbsp;OneNet_DevLink
<LI><a href="#[31]">&gt;&gt;</a>&nbsp;&nbsp;&nbsp;TIM2_IRQHandler
</UL>

<P><STRONG><a name="[ad]"></a>ESP8266_Init</STRONG> (Thumb, 320 bytes, Stack size 8 bytes, esp8266.o(i.ESP8266_Init))
<BR><BR>[Stack]<UL><LI>Max Depth = 296<LI>Call Chain = ESP8266_Init &rArr; u8g2_DrawStr &rArr; u8g2_draw_string &rArr; u8g2_DrawGlyph &rArr; u8g2_font_draw_glyph &rArr; u8g2_font_decode_glyph &rArr; u8g2_font_decode_len &rArr; u8g2_DrawHVLine &rArr; u8g2_clip_intersection2
</UL>
<BR>[Calls]<UL><LI><a href="#[d2]">&gt;&gt;</a>&nbsp;&nbsp;&nbsp;GPIO_WriteBit
<LI><a href="#[9b]">&gt;&gt;</a>&nbsp;&nbsp;&nbsp;GPIO_Init
<LI><a href="#[99]">&gt;&gt;</a>&nbsp;&nbsp;&nbsp;RCC_APB2PeriphClockCmd
<LI><a href="#[ae]">&gt;&gt;</a>&nbsp;&nbsp;&nbsp;u8g2_SendBuffer
<LI><a href="#[bc]">&gt;&gt;</a>&nbsp;&nbsp;&nbsp;u8g2_DrawStr
<LI><a href="#[ab]">&gt;&gt;</a>&nbsp;&nbsp;&nbsp;u8g2_ClearBuffer
<LI><a href="#[cc]">&gt;&gt;</a>&nbsp;&nbsp;&nbsp;ESP8266_Clear
<LI><a href="#[a3]">&gt;&gt;</a>&nbsp;&nbsp;&nbsp;Delay_ms
<LI><a href="#[d3]">&gt;&gt;</a>&nbsp;&nbsp;&nbsp;ESP8266_SendCmd
</UL>
<BR>[Called By]<UL><LI><a href="#[a4]">&gt;&gt;</a>&nbsp;&nbsp;&nbsp;ALL_Init
</UL>

<P><STRONG><a name="[d3]"></a>ESP8266_SendCmd</STRONG> (Thumb, 76 bytes, Stack size 24 bytes, esp8266.o(i.ESP8266_SendCmd))
<BR><BR>[Stack]<UL><LI>Max Depth = 48<LI>Call Chain = ESP8266_SendCmd &rArr; Usart_SendString
</UL>
<BR>[Calls]<UL><LI><a href="#[cc]">&gt;&gt;</a>&nbsp;&nbsp;&nbsp;ESP8266_Clear
<LI><a href="#[d4]">&gt;&gt;</a>&nbsp;&nbsp;&nbsp;Usart_SendString
<LI><a href="#[a3]">&gt;&gt;</a>&nbsp;&nbsp;&nbsp;Delay_ms
<LI><a href="#[cf]">&gt;&gt;</a>&nbsp;&nbsp;&nbsp;ESP8266_WaitRecive
<LI><a href="#[c2]">&gt;&gt;</a>&nbsp;&nbsp;&nbsp;strlen
<LI><a href="#[d0]">&gt;&gt;</a>&nbsp;&nbsp;&nbsp;strstr
</UL>
<BR>[Called By]<UL><LI><a href="#[ad]">&gt;&gt;</a>&nbsp;&nbsp;&nbsp;ESP8266_Init
<LI><a href="#[d5]">&gt;&gt;</a>&nbsp;&nbsp;&nbsp;ESP8266_SendData
</UL>

<P><STRONG><a name="[d5]"></a>ESP8266_SendData</STRONG> (Thumb, 46 bytes, Stack size 48 bytes, esp8266.o(i.ESP8266_SendData))
<BR><BR>[Stack]<UL><LI>Max Depth = 184 + Unknown Stack Size
<LI>Call Chain = ESP8266_SendData &rArr; __2sprintf &rArr; _printf_char_common &rArr; __printf
</UL>
<BR>[Calls]<UL><LI><a href="#[cc]">&gt;&gt;</a>&nbsp;&nbsp;&nbsp;ESP8266_Clear
<LI><a href="#[d4]">&gt;&gt;</a>&nbsp;&nbsp;&nbsp;Usart_SendString
<LI><a href="#[d3]">&gt;&gt;</a>&nbsp;&nbsp;&nbsp;ESP8266_SendCmd
<LI><a href="#[75]">&gt;&gt;</a>&nbsp;&nbsp;&nbsp;__2sprintf
</UL>
<BR>[Called By]<UL><LI><a href="#[b0]">&gt;&gt;</a>&nbsp;&nbsp;&nbsp;OneNet_Subscribe
<LI><a href="#[af]">&gt;&gt;</a>&nbsp;&nbsp;&nbsp;OneNet_DevLink
<LI><a href="#[f1]">&gt;&gt;</a>&nbsp;&nbsp;&nbsp;OneNet_Publish
</UL>

<P><STRONG><a name="[cf]"></a>ESP8266_WaitRecive</STRONG> (Thumb, 42 bytes, Stack size 0 bytes, esp8266.o(i.ESP8266_WaitRecive))
<BR><BR>[Called By]<UL><LI><a href="#[ce]">&gt;&gt;</a>&nbsp;&nbsp;&nbsp;ESP8266_GetIPD
<LI><a href="#[d3]">&gt;&gt;</a>&nbsp;&nbsp;&nbsp;ESP8266_SendCmd
</UL>

<P><STRONG><a name="[9b]"></a>GPIO_Init</STRONG> (Thumb, 278 bytes, Stack size 24 bytes, stm32f10x_gpio.o(i.GPIO_Init))
<BR><BR>[Stack]<UL><LI>Max Depth = 24<LI>Call Chain = GPIO_Init
</UL>
<BR>[Called By]<UL><LI><a href="#[a5]">&gt;&gt;</a>&nbsp;&nbsp;&nbsp;I2C_Config
<LI><a href="#[ad]">&gt;&gt;</a>&nbsp;&nbsp;&nbsp;ESP8266_Init
<LI><a href="#[c7]">&gt;&gt;</a>&nbsp;&nbsp;&nbsp;DHT11_IO_OUT
<LI><a href="#[c4]">&gt;&gt;</a>&nbsp;&nbsp;&nbsp;DHT11_IO_IN
<LI><a href="#[98]">&gt;&gt;</a>&nbsp;&nbsp;&nbsp;AD_Init
<LI><a href="#[aa]">&gt;&gt;</a>&nbsp;&nbsp;&nbsp;Key_Init
<LI><a href="#[a8]">&gt;&gt;</a>&nbsp;&nbsp;&nbsp;LED_Init
<LI><a href="#[a9]">&gt;&gt;</a>&nbsp;&nbsp;&nbsp;Beep_Init
<LI><a href="#[d9]">&gt;&gt;</a>&nbsp;&nbsp;&nbsp;Usart1_Init
</UL>

<P><STRONG><a name="[c6]"></a>GPIO_ReadInputDataBit</STRONG> (Thumb, 18 bytes, Stack size 0 bytes, stm32f10x_gpio.o(i.GPIO_ReadInputDataBit))
<BR><BR>[Called By]<UL><LI><a href="#[c8]">&gt;&gt;</a>&nbsp;&nbsp;&nbsp;DHT11_Read_Bit
<LI><a href="#[c3]">&gt;&gt;</a>&nbsp;&nbsp;&nbsp;DHT11_Check
<LI><a href="#[dc]">&gt;&gt;</a>&nbsp;&nbsp;&nbsp;Key_GetNum
</UL>

<P><STRONG><a name="[b8]"></a>GPIO_ReadOutputDataBit</STRONG> (Thumb, 18 bytes, Stack size 0 bytes, stm32f10x_gpio.o(i.GPIO_ReadOutputDataBit))
<BR><BR>[Called By]<UL><LI><a href="#[e1]">&gt;&gt;</a>&nbsp;&nbsp;&nbsp;LED2_ReadData
<LI><a href="#[df]">&gt;&gt;</a>&nbsp;&nbsp;&nbsp;LED1_ReadData
<LI><a href="#[b7]">&gt;&gt;</a>&nbsp;&nbsp;&nbsp;Beep_Turn
</UL>

<P><STRONG><a name="[b9]"></a>GPIO_ResetBits</STRONG> (Thumb, 4 bytes, Stack size 0 bytes, stm32f10x_gpio.o(i.GPIO_ResetBits))
<BR><BR>[Called By]<UL><LI><a href="#[cb]">&gt;&gt;</a>&nbsp;&nbsp;&nbsp;Drv_Dht11_Start
<LI><a href="#[a8]">&gt;&gt;</a>&nbsp;&nbsp;&nbsp;LED_Init
<LI><a href="#[e0]">&gt;&gt;</a>&nbsp;&nbsp;&nbsp;LED2_ON
<LI><a href="#[de]">&gt;&gt;</a>&nbsp;&nbsp;&nbsp;LED1_ON
<LI><a href="#[b7]">&gt;&gt;</a>&nbsp;&nbsp;&nbsp;Beep_Turn
</UL>

<P><STRONG><a name="[b6]"></a>GPIO_SetBits</STRONG> (Thumb, 4 bytes, Stack size 0 bytes, stm32f10x_gpio.o(i.GPIO_SetBits))
<BR><BR>[Called By]<UL><LI><a href="#[cb]">&gt;&gt;</a>&nbsp;&nbsp;&nbsp;Drv_Dht11_Start
<LI><a href="#[b4]">&gt;&gt;</a>&nbsp;&nbsp;&nbsp;LED2_OFF
<LI><a href="#[dd]">&gt;&gt;</a>&nbsp;&nbsp;&nbsp;LED1_OFF
<LI><a href="#[b7]">&gt;&gt;</a>&nbsp;&nbsp;&nbsp;Beep_Turn
<LI><a href="#[b5]">&gt;&gt;</a>&nbsp;&nbsp;&nbsp;Beep_OFF
</UL>

<P><STRONG><a name="[d2]"></a>GPIO_WriteBit</STRONG> (Thumb, 10 bytes, Stack size 0 bytes, stm32f10x_gpio.o(i.GPIO_WriteBit))
<BR><BR>[Called By]<UL><LI><a href="#[ad]">&gt;&gt;</a>&nbsp;&nbsp;&nbsp;ESP8266_Init
</UL>

<P><STRONG><a name="[d6]"></a>Game_Menu</STRONG> (Thumb, 652 bytes, Stack size 32 bytes, menu.o(i.Game_Menu))
<BR><BR>[Stack]<UL><LI>Max Depth = 376<LI>Call Chain = Game_Menu &rArr; Serial_Menu &rArr; Page_To_Menu_Display &rArr; u8g2_DrawStr &rArr; u8g2_draw_string &rArr; u8g2_DrawGlyph &rArr; u8g2_font_draw_glyph &rArr; u8g2_font_decode_glyph &rArr; u8g2_font_decode_len &rArr; u8g2_DrawHVLine &rArr; u8g2_clip_intersection2
</UL>
<BR>[Calls]<UL><LI><a href="#[ae]">&gt;&gt;</a>&nbsp;&nbsp;&nbsp;u8g2_SendBuffer
<LI><a href="#[bc]">&gt;&gt;</a>&nbsp;&nbsp;&nbsp;u8g2_DrawStr
<LI><a href="#[bd]">&gt;&gt;</a>&nbsp;&nbsp;&nbsp;u8g2_DrawLine
<LI><a href="#[c0]">&gt;&gt;</a>&nbsp;&nbsp;&nbsp;u8g2_DrawFrame
<LI><a href="#[ab]">&gt;&gt;</a>&nbsp;&nbsp;&nbsp;u8g2_ClearBuffer
<LI><a href="#[bf]">&gt;&gt;</a>&nbsp;&nbsp;&nbsp;ui_run
<LI><a href="#[a7]">&gt;&gt;</a>&nbsp;&nbsp;&nbsp;Show_Menu_Config
<LI><a href="#[d7]">&gt;&gt;</a>&nbsp;&nbsp;&nbsp;Serial_Menu
<LI><a href="#[c1]">&gt;&gt;</a>&nbsp;&nbsp;&nbsp;OnePage_To_Menu_Display
<LI><a href="#[bb]">&gt;&gt;</a>&nbsp;&nbsp;&nbsp;Menu_To_OnePage_Display
<LI><a href="#[a2]">&gt;&gt;</a>&nbsp;&nbsp;&nbsp;AD_Key_GetNum
<LI><a href="#[7f]">&gt;&gt;</a>&nbsp;&nbsp;&nbsp;__aeabi_memcpy4
<LI><a href="#[c2]">&gt;&gt;</a>&nbsp;&nbsp;&nbsp;strlen
</UL>
<BR>[Called By]<UL><LI><a href="#[100]">&gt;&gt;</a>&nbsp;&nbsp;&nbsp;Show_Menu
</UL>

<P><STRONG><a name="[d]"></a>HardFault_Handler</STRONG> (Thumb, 4 bytes, Stack size 0 bytes, stm32f10x_it.o(i.HardFault_Handler))
<BR>[Address Reference Count : 1]<UL><LI> startup_stm32f10x_md.o(RESET)
</UL>
<P><STRONG><a name="[ac]"></a>Hardware_Init</STRONG> (Thumb, 32 bytes, Stack size 8 bytes, main.o(i.Hardware_Init))
<BR><BR>[Stack]<UL><LI>Max Depth = 296<LI>Call Chain = Hardware_Init &rArr; u8g2_DrawStr &rArr; u8g2_draw_string &rArr; u8g2_DrawGlyph &rArr; u8g2_font_draw_glyph &rArr; u8g2_font_decode_glyph &rArr; u8g2_font_decode_len &rArr; u8g2_DrawHVLine &rArr; u8g2_clip_intersection2
</UL>
<BR>[Calls]<UL><LI><a href="#[d8]">&gt;&gt;</a>&nbsp;&nbsp;&nbsp;NVIC_PriorityGroupConfig
<LI><a href="#[bc]">&gt;&gt;</a>&nbsp;&nbsp;&nbsp;u8g2_DrawStr
<LI><a href="#[d9]">&gt;&gt;</a>&nbsp;&nbsp;&nbsp;Usart1_Init
</UL>
<BR>[Called By]<UL><LI><a href="#[a4]">&gt;&gt;</a>&nbsp;&nbsp;&nbsp;ALL_Init
</UL>

<P><STRONG><a name="[161]"></a>I2C_CheckEvent</STRONG> (Thumb, 42 bytes, Stack size 16 bytes, stm32f10x_i2c.o(i.I2C_CheckEvent))
<BR><BR>[Stack]<UL><LI>Max Depth = 16<LI>Call Chain = I2C_CheckEvent
</UL>
<BR>[Called By]<UL><LI><a href="#[46]">&gt;&gt;</a>&nbsp;&nbsp;&nbsp;u8x8_byte_hw_i2c
</UL>

<P><STRONG><a name="[162]"></a>I2C_Cmd</STRONG> (Thumb, 24 bytes, Stack size 0 bytes, stm32f10x_i2c.o(i.I2C_Cmd))
<BR><BR>[Called By]<UL><LI><a href="#[46]">&gt;&gt;</a>&nbsp;&nbsp;&nbsp;u8x8_byte_hw_i2c
</UL>

<P><STRONG><a name="[a5]"></a>I2C_Config</STRONG> (Thumb, 72 bytes, Stack size 8 bytes, u8x8_byte.o(i.I2C_Config))
<BR><BR>[Stack]<UL><LI>Max Depth = 32<LI>Call Chain = I2C_Config &rArr; GPIO_Init
</UL>
<BR>[Calls]<UL><LI><a href="#[9b]">&gt;&gt;</a>&nbsp;&nbsp;&nbsp;GPIO_Init
<LI><a href="#[99]">&gt;&gt;</a>&nbsp;&nbsp;&nbsp;RCC_APB2PeriphClockCmd
</UL>
<BR>[Called By]<UL><LI><a href="#[a4]">&gt;&gt;</a>&nbsp;&nbsp;&nbsp;ALL_Init
</UL>

<P><STRONG><a name="[164]"></a>I2C_GenerateSTART</STRONG> (Thumb, 24 bytes, Stack size 0 bytes, stm32f10x_i2c.o(i.I2C_GenerateSTART))
<BR><BR>[Called By]<UL><LI><a href="#[46]">&gt;&gt;</a>&nbsp;&nbsp;&nbsp;u8x8_byte_hw_i2c
</UL>

<P><STRONG><a name="[166]"></a>I2C_GenerateSTOP</STRONG> (Thumb, 24 bytes, Stack size 0 bytes, stm32f10x_i2c.o(i.I2C_GenerateSTOP))
<BR><BR>[Called By]<UL><LI><a href="#[46]">&gt;&gt;</a>&nbsp;&nbsp;&nbsp;u8x8_byte_hw_i2c
</UL>

<P><STRONG><a name="[163]"></a>I2C_GetFlagStatus</STRONG> (Thumb, 58 bytes, Stack size 12 bytes, stm32f10x_i2c.o(i.I2C_GetFlagStatus))
<BR><BR>[Stack]<UL><LI>Max Depth = 12<LI>Call Chain = I2C_GetFlagStatus
</UL>
<BR>[Called By]<UL><LI><a href="#[46]">&gt;&gt;</a>&nbsp;&nbsp;&nbsp;u8x8_byte_hw_i2c
</UL>

<P><STRONG><a name="[da]"></a>I2C_Init</STRONG> (Thumb, 222 bytes, Stack size 48 bytes, stm32f10x_i2c.o(i.I2C_Init))
<BR><BR>[Stack]<UL><LI>Max Depth = 60<LI>Call Chain = I2C_Init &rArr; RCC_GetClocksFreq
</UL>
<BR>[Calls]<UL><LI><a href="#[db]">&gt;&gt;</a>&nbsp;&nbsp;&nbsp;RCC_GetClocksFreq
</UL>
<BR>[Called By]<UL><LI><a href="#[46]">&gt;&gt;</a>&nbsp;&nbsp;&nbsp;u8x8_byte_hw_i2c
</UL>

<P><STRONG><a name="[165]"></a>I2C_Send7bitAddress</STRONG> (Thumb, 18 bytes, Stack size 0 bytes, stm32f10x_i2c.o(i.I2C_Send7bitAddress))
<BR><BR>[Called By]<UL><LI><a href="#[46]">&gt;&gt;</a>&nbsp;&nbsp;&nbsp;u8x8_byte_hw_i2c
</UL>

<P><STRONG><a name="[160]"></a>I2C_SendData</STRONG> (Thumb, 4 bytes, Stack size 0 bytes, stm32f10x_i2c.o(i.I2C_SendData))
<BR><BR>[Called By]<UL><LI><a href="#[46]">&gt;&gt;</a>&nbsp;&nbsp;&nbsp;u8x8_byte_hw_i2c
</UL>

<P><STRONG><a name="[dc]"></a>Key_GetNum</STRONG> (Thumb, 88 bytes, Stack size 8 bytes, key.o(i.Key_GetNum))
<BR><BR>[Stack]<UL><LI>Max Depth = 12<LI>Call Chain = Key_GetNum &rArr; Delay_ms
</UL>
<BR>[Calls]<UL><LI><a href="#[c6]">&gt;&gt;</a>&nbsp;&nbsp;&nbsp;GPIO_ReadInputDataBit
<LI><a href="#[a3]">&gt;&gt;</a>&nbsp;&nbsp;&nbsp;Delay_ms
</UL>
<BR>[Called By]<UL><LI><a href="#[ee]">&gt;&gt;</a>&nbsp;&nbsp;&nbsp;OLED_Display
</UL>

<P><STRONG><a name="[aa]"></a>Key_Init</STRONG> (Thumb, 40 bytes, Stack size 8 bytes, key.o(i.Key_Init))
<BR><BR>[Stack]<UL><LI>Max Depth = 32<LI>Call Chain = Key_Init &rArr; GPIO_Init
</UL>
[...]
<LI><a href="#[12c]">&gt;&gt;</a>&nbsp;&nbsp;&nbsp;pow
</UL>

<P><STRONG><a name="[175]"></a>_dadd</STRONG> (Thumb, 332 bytes, Stack size 16 bytes, daddsub_clz.o(x$fpl$dadd), UNUSED)
<BR><BR>[Calls]<UL><LI><a href="#[177]">&gt;&gt;</a>&nbsp;&nbsp;&nbsp;__fpl_dretinf
<LI><a href="#[178]">&gt;&gt;</a>&nbsp;&nbsp;&nbsp;__fpl_dnaninf
<LI><a href="#[176]">&gt;&gt;</a>&nbsp;&nbsp;&nbsp;_dsub1
</UL>

<P><STRONG><a name="[179]"></a>__fpl_dcheck_NaN1</STRONG> (Thumb, 10 bytes, Stack size 0 bytes, dcheck1.o(x$fpl$dcheck1))
<BR><BR>[Calls]<UL><LI><a href="#[17a]">&gt;&gt;</a>&nbsp;&nbsp;&nbsp;__fpl_return_NaN
</UL>
<BR>[Called By]<UL><LI><a href="#[11e]">&gt;&gt;</a>&nbsp;&nbsp;&nbsp;__ARM_scalbn
</UL>

<P><STRONG><a name="[17e]"></a>__fpl_dcmp_Inf</STRONG> (Thumb, 24 bytes, Stack size 0 bytes, dcmpi.o(x$fpl$dcmpinf), UNUSED)
<BR><BR>[Called By]<UL><LI><a href="#[17d]">&gt;&gt;</a>&nbsp;&nbsp;&nbsp;_dcmple
</UL>

<P><STRONG><a name="[11a]"></a>__aeabi_ddiv</STRONG> (Thumb, 0 bytes, Stack size 32 bytes, ddiv.o(x$fpl$ddiv))
<BR><BR>[Stack]<UL><LI>Max Depth = 32<LI>Call Chain = __aeabi_ddiv
</UL>
<BR>[Called By]<UL><LI><a href="#[11c]">&gt;&gt;</a>&nbsp;&nbsp;&nbsp;__mathlib_dbl_invalid
<LI><a href="#[119]">&gt;&gt;</a>&nbsp;&nbsp;&nbsp;__mathlib_dbl_divzero
<LI><a href="#[12c]">&gt;&gt;</a>&nbsp;&nbsp;&nbsp;pow
</UL>

<P><STRONG><a name="[17b]"></a>_ddiv</STRONG> (Thumb, 552 bytes, Stack size 32 bytes, ddiv.o(x$fpl$ddiv), UNUSED)
<BR><BR>[Calls]<UL><LI><a href="#[177]">&gt;&gt;</a>&nbsp;&nbsp;&nbsp;__fpl_dretinf
<LI><a href="#[178]">&gt;&gt;</a>&nbsp;&nbsp;&nbsp;__fpl_dnaninf
</UL>

<P><STRONG><a name="[12d]"></a>__aeabi_d2iz</STRONG> (Thumb, 0 bytes, Stack size 32 bytes, dfix.o(x$fpl$dfix))
<BR><BR>[Stack]<UL><LI>Max Depth = 32<LI>Call Chain = __aeabi_d2iz
</UL>
<BR>[Called By]<UL><LI><a href="#[129]">&gt;&gt;</a>&nbsp;&nbsp;&nbsp;parse_number
</UL>

<P><STRONG><a name="[17c]"></a>_dfix</STRONG> (Thumb, 94 bytes, Stack size 32 bytes, dfix.o(x$fpl$dfix), UNUSED)
<BR><BR>[Calls]<UL><LI><a href="#[178]">&gt;&gt;</a>&nbsp;&nbsp;&nbsp;__fpl_dnaninf
</UL>

<P><STRONG><a name="[12a]"></a>__aeabi_i2d</STRONG> (Thumb, 0 bytes, Stack size 0 bytes, dflt_clz.o(x$fpl$dflt))
<BR><BR>[Called By]<UL><LI><a href="#[129]">&gt;&gt;</a>&nbsp;&nbsp;&nbsp;parse_number
<LI><a href="#[12c]">&gt;&gt;</a>&nbsp;&nbsp;&nbsp;pow
</UL>

<P><STRONG><a name="[1be]"></a>_dflt</STRONG> (Thumb, 46 bytes, Stack size 0 bytes, dflt_clz.o(x$fpl$dflt), UNUSED)

<P><STRONG><a name="[1bf]"></a>__aeabi_cdcmple</STRONG> (Thumb, 0 bytes, Stack size 32 bytes, dleqf.o(x$fpl$dleqf), UNUSED)

<P><STRONG><a name="[17d]"></a>_dcmple</STRONG> (Thumb, 120 bytes, Stack size 32 bytes, dleqf.o(x$fpl$dleqf), UNUSED)
<BR><BR>[Calls]<UL><LI><a href="#[178]">&gt;&gt;</a>&nbsp;&nbsp;&nbsp;__fpl_dnaninf
<LI><a href="#[17e]">&gt;&gt;</a>&nbsp;&nbsp;&nbsp;__fpl_dcmp_Inf
</UL>

<P><STRONG><a name="[181]"></a>__fpl_dcmple_InfNaN</STRONG> (Thumb, 0 bytes, Stack size unknown bytes, dleqf.o(x$fpl$dleqf), UNUSED)
<BR><BR>[Called By]<UL><LI><a href="#[180]">&gt;&gt;</a>&nbsp;&nbsp;&nbsp;_drcmple
</UL>

<P><STRONG><a name="[117]"></a>__aeabi_dmul</STRONG> (Thumb, 0 bytes, Stack size 32 bytes, dmul.o(x$fpl$dmul))
<BR><BR>[Stack]<UL><LI>Max Depth = 32<LI>Call Chain = __aeabi_dmul
</UL>
<BR>[Called By]<UL><LI><a href="#[129]">&gt;&gt;</a>&nbsp;&nbsp;&nbsp;parse_number
<LI><a href="#[116]">&gt;&gt;</a>&nbsp;&nbsp;&nbsp;__kernel_poly
<LI><a href="#[12c]">&gt;&gt;</a>&nbsp;&nbsp;&nbsp;pow
</UL>

<P><STRONG><a name="[17f]"></a>_dmul</STRONG> (Thumb, 332 bytes, Stack size 32 bytes, dmul.o(x$fpl$dmul), UNUSED)
<BR><BR>[Calls]<UL><LI><a href="#[177]">&gt;&gt;</a>&nbsp;&nbsp;&nbsp;__fpl_dretinf
<LI><a href="#[178]">&gt;&gt;</a>&nbsp;&nbsp;&nbsp;__fpl_dnaninf
</UL>

<P><STRONG><a name="[178]"></a>__fpl_dnaninf</STRONG> (Thumb, 156 bytes, Stack size 16 bytes, dnaninf.o(x$fpl$dnaninf))
<BR><BR>[Stack]<UL><LI>Max Depth = 16<LI>Call Chain = __fpl_dnaninf
</UL>
<BR>[Called By]<UL><LI><a href="#[136]">&gt;&gt;</a>&nbsp;&nbsp;&nbsp;_dsqrt
<LI><a href="#[17b]">&gt;&gt;</a>&nbsp;&nbsp;&nbsp;_ddiv
<LI><a href="#[17f]">&gt;&gt;</a>&nbsp;&nbsp;&nbsp;_dmul
<LI><a href="#[17d]">&gt;&gt;</a>&nbsp;&nbsp;&nbsp;_dcmple
<LI><a href="#[17c]">&gt;&gt;</a>&nbsp;&nbsp;&nbsp;_dfix
<LI><a href="#[184]">&gt;&gt;</a>&nbsp;&nbsp;&nbsp;_dsub
<LI><a href="#[175]">&gt;&gt;</a>&nbsp;&nbsp;&nbsp;_dadd
</UL>

<P><STRONG><a name="[177]"></a>__fpl_dretinf</STRONG> (Thumb, 12 bytes, Stack size 0 bytes, dretinf.o(x$fpl$dretinf), UNUSED)
<BR><BR>[Called By]<UL><LI><a href="#[17b]">&gt;&gt;</a>&nbsp;&nbsp;&nbsp;_ddiv
<LI><a href="#[17f]">&gt;&gt;</a>&nbsp;&nbsp;&nbsp;_dmul
<LI><a href="#[175]">&gt;&gt;</a>&nbsp;&nbsp;&nbsp;_dadd
</UL>

<P><STRONG><a name="[134]"></a>__aeabi_cdrcmple</STRONG> (Thumb, 0 bytes, Stack size 16 bytes, drleqf.o(x$fpl$drleqf))
<BR><BR>[Stack]<UL><LI>Max Depth = 16<LI>Call Chain = __aeabi_cdrcmple
</UL>
<BR>[Called By]<UL><LI><a href="#[12c]">&gt;&gt;</a>&nbsp;&nbsp;&nbsp;pow
</UL>

<P><STRONG><a name="[180]"></a>_drcmple</STRONG> (Thumb, 108 bytes, Stack size 16 bytes, drleqf.o(x$fpl$drleqf), UNUSED)
<BR><BR>[Calls]<UL><LI><a href="#[181]">&gt;&gt;</a>&nbsp;&nbsp;&nbsp;__fpl_dcmple_InfNaN
</UL>

<P><STRONG><a name="[133]"></a>__aeabi_drsub</STRONG> (Thumb, 0 bytes, Stack size 8 bytes, daddsub_clz.o(x$fpl$drsb))
<BR><BR>[Stack]<UL><LI>Max Depth = 8<LI>Call Chain = __aeabi_drsub
</UL>
<BR>[Called By]<UL><LI><a href="#[12c]">&gt;&gt;</a>&nbsp;&nbsp;&nbsp;pow
</UL>

<P><STRONG><a name="[182]"></a>_drsb</STRONG> (Thumb, 22 bytes, Stack size 8 bytes, daddsub_clz.o(x$fpl$drsb), UNUSED)
<BR><BR>[Calls]<UL><LI><a href="#[176]">&gt;&gt;</a>&nbsp;&nbsp;&nbsp;_dsub1
<LI><a href="#[183]">&gt;&gt;</a>&nbsp;&nbsp;&nbsp;_dadd1
</UL>

<P><STRONG><a name="[136]"></a>_dsqrt</STRONG> (Thumb, 456 bytes, Stack size 24 bytes, dsqrt_noumaal.o(x$fpl$dsqrt))
<BR><BR>[Stack]<UL><LI>Max Depth = 40<LI>Call Chain = _dsqrt &rArr; __fpl_dnaninf
</UL>
<BR>[Calls]<UL><LI><a href="#[178]">&gt;&gt;</a>&nbsp;&nbsp;&nbsp;__fpl_dnaninf
</UL>
<BR>[Called By]<UL><LI><a href="#[132]">&gt;&gt;</a>&nbsp;&nbsp;&nbsp;sqrt
</UL>

<P><STRONG><a name="[12b]"></a>__aeabi_dsub</STRONG> (Thumb, 0 bytes, Stack size 32 bytes, daddsub_clz.o(x$fpl$dsub))
<BR><BR>[Stack]<UL><LI>Max Depth = 32<LI>Call Chain = __aeabi_dsub
</UL>
<BR>[Called By]<UL><LI><a href="#[129]">&gt;&gt;</a>&nbsp;&nbsp;&nbsp;parse_number
<LI><a href="#[12c]">&gt;&gt;</a>&nbsp;&nbsp;&nbsp;pow
</UL>

<P><STRONG><a name="[184]"></a>_dsub</STRONG> (Thumb, 464 bytes, Stack size 32 bytes, daddsub_clz.o(x$fpl$dsub), UNUSED)
<BR><BR>[Calls]<UL><LI><a href="#[178]">&gt;&gt;</a>&nbsp;&nbsp;&nbsp;__fpl_dnaninf
<LI><a href="#[183]">&gt;&gt;</a>&nbsp;&nbsp;&nbsp;_dadd1
</UL>

<P><STRONG><a name="[17a]"></a>__fpl_return_NaN</STRONG> (Thumb, 100 bytes, Stack size 0 bytes, retnan.o(x$fpl$retnan))
<BR><BR>[Calls]<UL><LI><a href="#[185]">&gt;&gt;</a>&nbsp;&nbsp;&nbsp;__fpl_cmpreturn
</UL>
<BR>[Called By]<UL><LI><a href="#[179]">&gt;&gt;</a>&nbsp;&nbsp;&nbsp;__fpl_dcheck_NaN1
</UL>

<P><STRONG><a name="[11e]"></a>__ARM_scalbn</STRONG> (Thumb, 92 bytes, Stack size 0 bytes, scalbn.o(x$fpl$scalbn))
<BR><BR>[Calls]<UL><LI><a href="#[179]">&gt;&gt;</a>&nbsp;&nbsp;&nbsp;__fpl_dcheck_NaN1
</UL>
<BR>[Called By]<UL><LI><a href="#[11f]">&gt;&gt;</a>&nbsp;&nbsp;&nbsp;__mathlib_dbl_underflow
<LI><a href="#[11d]">&gt;&gt;</a>&nbsp;&nbsp;&nbsp;__mathlib_dbl_overflow
<LI><a href="#[12c]">&gt;&gt;</a>&nbsp;&nbsp;&nbsp;pow
</UL>

<P><STRONG><a name="[185]"></a>__fpl_cmpreturn</STRONG> (Thumb, 48 bytes, Stack size 0 bytes, trapv.o(x$fpl$trapveneer))
<BR><BR>[Called By]<UL><LI><a href="#[17a]">&gt;&gt;</a>&nbsp;&nbsp;&nbsp;__fpl_return_NaN
</UL>
<P>
<H3>
Local Symbols
</H3>
<P><STRONG><a name="[fe]"></a>SetSysClock</STRONG> (Thumb, 8 bytes, Stack size 8 bytes, system_stm32f10x.o(i.SetSysClock))
<BR><BR>[Stack]<UL><LI>Max Depth = 20<LI>Call Chain = SetSysClock &rArr; SetSysClockTo72
</UL>
<BR>[Calls]<UL><LI><a href="#[ff]">&gt;&gt;</a>&nbsp;&nbsp;&nbsp;SetSysClockTo72
</UL>
<BR>[Called By]<UL><LI><a href="#[40]">&gt;&gt;</a>&nbsp;&nbsp;&nbsp;SystemInit
</UL>

<P><STRONG><a name="[ff]"></a>SetSysClockTo72</STRONG> (Thumb, 214 bytes, Stack size 12 bytes, system_stm32f10x.o(i.SetSysClockTo72))
<BR><BR>[Stack]<UL><LI>Max Depth = 12<LI>Call Chain = SetSysClockTo72
</UL>
<BR>[Called By]<UL><LI><a href="#[fe]">&gt;&gt;</a>&nbsp;&nbsp;&nbsp;SetSysClock
</UL>

<P><STRONG><a name="[142]"></a>u8g2_send_buffer</STRONG> (Thumb, 54 bytes, Stack size 24 bytes, u8g2_buffer.o(i.u8g2_send_buffer))
<BR><BR>[Stack]<UL><LI>Max Depth = 88<LI>Call Chain = u8g2_send_buffer &rArr; u8g2_send_tile_row &rArr; u8x8_DrawTile
</UL>
<BR>[Calls]<UL><LI><a href="#[159]">&gt;&gt;</a>&nbsp;&nbsp;&nbsp;u8g2_send_tile_row
</UL>
<BR>[Called By]<UL><LI><a href="#[b2]">&gt;&gt;</a>&nbsp;&nbsp;&nbsp;u8g2_NextPage
<LI><a href="#[ae]">&gt;&gt;</a>&nbsp;&nbsp;&nbsp;u8g2_SendBuffer
</UL>

<P><STRONG><a name="[159]"></a>u8g2_send_tile_row</STRONG> (Thumb, 54 bytes, Stack size 32 bytes, u8g2_buffer.o(i.u8g2_send_tile_row))
<BR><BR>[Stack]<UL><LI>Max Depth = 64<LI>Call Chain = u8g2_send_tile_row &rArr; u8x8_DrawTile
</UL>
<BR>[Calls]<UL><LI><a href="#[15a]">&gt;&gt;</a>&nbsp;&nbsp;&nbsp;u8x8_DrawTile
</UL>
<BR>[Called By]<UL><LI><a href="#[142]">&gt;&gt;</a>&nbsp;&nbsp;&nbsp;u8g2_send_buffer
</UL>

<P><STRONG><a name="[140]"></a>u8g2_draw_string</STRONG> (Thumb, 144 bytes, Stack size 32 bytes, u8g2_font.o(i.u8g2_draw_string))
<BR><BR>[Stack]<UL><LI>Max Depth = 264<LI>Call Chain = u8g2_draw_string &rArr; u8g2_DrawGlyph &rArr; u8g2_font_draw_glyph &rArr; u8g2_font_decode_glyph &rArr; u8g2_font_decode_len &rArr; u8g2_DrawHVLine &rArr; u8g2_clip_intersection2
</UL>
<BR>[Calls]<UL><LI><a href="#[14e]">&gt;&gt;</a>&nbsp;&nbsp;&nbsp;u8x8_utf8_init
<LI><a href="#[13b]">&gt;&gt;</a>&nbsp;&nbsp;&nbsp;u8g2_DrawGlyph
</UL>
<BR>[Called By]<UL><LI><a href="#[bc]">&gt;&gt;</a>&nbsp;&nbsp;&nbsp;u8g2_DrawStr
</UL>

<P><STRONG><a name="[13c]"></a>u8g2_font_draw_glyph</STRONG> (Thumb, 58 bytes, Stack size 32 bytes, u8g2_font.o(i.u8g2_font_draw_glyph))
<BR><BR>[Stack]<UL><LI>Max Depth = 208<LI>Call Chain = u8g2_font_draw_glyph &rArr; u8g2_font_decode_glyph &rArr; u8g2_font_decode_len &rArr; u8g2_DrawHVLine &rArr; u8g2_clip_intersection2
</UL>
<BR>[Calls]<UL><LI><a href="#[156]">&gt;&gt;</a>&nbsp;&nbsp;&nbsp;u8g2_font_get_glyph_data
<LI><a href="#[151]">&gt;&gt;</a>&nbsp;&nbsp;&nbsp;u8g2_font_decode_glyph
</UL>
<BR>[Called By]<UL><LI><a href="#[13b]">&gt;&gt;</a>&nbsp;&nbsp;&nbsp;u8g2_DrawGlyph
</UL>

<P><STRONG><a name="[158]"></a>u8g2_font_get_byte</STRONG> (Thumb, 8 bytes, Stack size 0 bytes, u8g2_font.o(i.u8g2_font_get_byte))
<BR><BR>[Called By]<UL><LI><a href="#[145]">&gt;&gt;</a>&nbsp;&nbsp;&nbsp;u8g2_read_font_info
</UL>

<P><STRONG><a name="[157]"></a>u8g2_font_get_word</STRONG> (Thumb, 24 bytes, Stack size 0 bytes, u8g2_font.o(i.u8g2_font_get_word))
<BR><BR>[Called By]<UL><LI><a href="#[145]">&gt;&gt;</a>&nbsp;&nbsp;&nbsp;u8g2_read_font_info
<LI><a href="#[156]">&gt;&gt;</a>&nbsp;&nbsp;&nbsp;u8g2_font_get_glyph_data
</UL>

<P><STRONG><a name="[152]"></a>u8g2_font_setup_decode</STRONG> (Thumb, 64 bytes, Stack size 16 bytes, u8g2_font.o(i.u8g2_font_setup_decode))
<BR><BR>[Stack]<UL><LI>Max Depth = 32<LI>Call Chain = u8g2_font_setup_decode &rArr; u8g2_font_decode_get_unsigned_bits
</UL>
<BR>[Calls]<UL><LI><a href="#[150]">&gt;&gt;</a>&nbsp;&nbsp;&nbsp;u8g2_font_decode_get_unsigned_bits
</UL>
<BR>[Called By]<UL><LI><a href="#[151]">&gt;&gt;</a>&nbsp;&nbsp;&nbsp;u8g2_font_decode_glyph
</UL>

<P><STRONG><a name="[13d]"></a>u8g2_clip_intersection2</STRONG> (Thumb, 76 bytes, Stack size 16 bytes, u8g2_hvline.o(i.u8g2_clip_intersection2))
<BR><BR>[Stack]<UL><LI>Max Depth = 16<LI>Call Chain = u8g2_clip_intersection2
</UL>
<BR>[Called By]<UL><LI><a href="#[13a]">&gt;&gt;</a>&nbsp;&nbsp;&nbsp;u8g2_DrawHVLine
</UL>

<P><STRONG><a name="[14c]"></a>u8g2_apply_clip_window</STRONG> (Thumb, 122 bytes, Stack size 16 bytes, u8g2_setup.o(i.u8g2_apply_clip_window))
<BR><BR>[Stack]<UL><LI>Max Depth = 48<LI>Call Chain = u8g2_apply_clip_window &rArr; u8g2_IsIntersection &rArr; u8g2_is_intersection_decision_tree
</UL>
<BR>[Calls]<UL><LI><a href="#[139]">&gt;&gt;</a>&nbsp;&nbsp;&nbsp;u8g2_IsIntersection
</UL>
<BR>[Called By]<UL><LI><a href="#[57]">&gt;&gt;</a>&nbsp;&nbsp;&nbsp;u8g2_update_page_win_r3
<LI><a href="#[54]">&gt;&gt;</a>&nbsp;&nbsp;&nbsp;u8g2_update_page_win_r2
<LI><a href="#[51]">&gt;&gt;</a>&nbsp;&nbsp;&nbsp;u8g2_update_page_win_r1
<LI><a href="#[4e]">&gt;&gt;</a>&nbsp;&nbsp;&nbsp;u8g2_update_page_win_r0
</UL>

<P><STRONG><a name="[15b]"></a>u8g2_update_dimension_common</STRONG> (Thumb, 96 bytes, Stack size 8 bytes, u8g2_setup.o(i.u8g2_update_dimension_common))
<BR><BR>[Stack]<UL><LI>Max Depth = 8<LI>Call Chain = u8g2_update_dimension_common
</UL>
<BR>[Called By]<UL><LI><a href="#[56]">&gt;&gt;</a>&nbsp;&nbsp;&nbsp;u8g2_update_dimension_r3
<LI><a href="#[53]">&gt;&gt;</a>&nbsp;&nbsp;&nbsp;u8g2_update_dimension_r2
<LI><a href="#[50]">&gt;&gt;</a>&nbsp;&nbsp;&nbsp;u8g2_update_dimension_r1
<LI><a href="#[4d]">&gt;&gt;</a>&nbsp;&nbsp;&nbsp;u8g2_update_dimension_r0
</UL>

<P><STRONG><a name="[16c]"></a>u8x8_i2c_data_transfer</STRONG> (Thumb, 46 bytes, Stack size 24 bytes, u8x8_cad.o(i.u8x8_i2c_data_transfer))
<BR><BR>[Stack]<UL><LI>Max Depth = 64<LI>Call Chain = u8x8_i2c_data_transfer &rArr; u8x8_byte_SendByte &rArr; u8x8_byte_SendBytes
</UL>
<BR>[Calls]<UL><LI><a href="#[16b]">&gt;&gt;</a>&nbsp;&nbsp;&nbsp;u8x8_byte_StartTransfer
<LI><a href="#[15e]">&gt;&gt;</a>&nbsp;&nbsp;&nbsp;u8x8_byte_SendByte
<LI><a href="#[16a]">&gt;&gt;</a>&nbsp;&nbsp;&nbsp;u8x8_byte_EndTransfer
</UL>
<BR>[Called By]<UL><LI><a href="#[49]">&gt;&gt;</a>&nbsp;&nbsp;&nbsp;u8x8_cad_ssd13xx_fast_i2c
</UL>

<P><STRONG><a name="[16e]"></a>u8x8_d_ssd1306_sh1106_generic</STRONG> (Thumb, 242 bytes, Stack size 32 bytes, u8x8_d_ssd1306_128x64_noname.o(i.u8x8_d_ssd1306_sh1106_generic))
<BR><BR>[Stack]<UL><LI>Max Depth = 80<LI>Call Chain = u8x8_d_ssd1306_sh1106_generic &rArr; u8x8_cad_SendSequence &rArr; u8x8_cad_SendData
</UL>
<BR>[Calls]<UL><LI><a href="#[170]">&gt;&gt;</a>&nbsp;&nbsp;&nbsp;u8x8_cad_StartTransfer
<LI><a href="#[167]">&gt;&gt;</a>&nbsp;&nbsp;&nbsp;u8x8_cad_SendSequence
<LI><a href="#[168]">&gt;&gt;</a>&nbsp;&nbsp;&nbsp;u8x8_cad_SendData
<LI><a href="#[171]">&gt;&gt;</a>&nbsp;&nbsp;&nbsp;u8x8_cad_SendCmd
<LI><a href="#[172]">&gt;&gt;</a>&nbsp;&nbsp;&nbsp;u8x8_cad_SendArg
<LI><a href="#[173]">&gt;&gt;</a>&nbsp;&nbsp;&nbsp;u8x8_cad_EndTransfer
</UL>
<BR>[Called By]<UL><LI><a href="#[4a]">&gt;&gt;</a>&nbsp;&nbsp;&nbsp;u8x8_d_ssd1306_128x64_noname
</UL>

<P><STRONG><a name="[121]"></a>cJSON_New_Item</STRONG> (Thumb, 26 bytes, Stack size 8 bytes, cjson.o(i.cJSON_New_Item))
<BR><BR>[Stack]<UL><LI>Max Depth = 12<LI>Call Chain = cJSON_New_Item &rArr; __aeabi_memclr4
</UL>
<BR>[Calls]<UL><LI><a href="#[122]">&gt;&gt;</a>&nbsp;&nbsp;&nbsp;__aeabi_memclr4
</UL>
<BR>[Called By]<UL><LI><a href="#[123]">&gt;&gt;</a>&nbsp;&nbsp;&nbsp;cJSON_ParseWithOpts
<LI><a href="#[12e]">&gt;&gt;</a>&nbsp;&nbsp;&nbsp;parse_object
<LI><a href="#[128]">&gt;&gt;</a>&nbsp;&nbsp;&nbsp;parse_array
</UL>

<P><STRONG><a name="[120]"></a>cJSON_strcasecmp</STRONG> (Thumb, 76 bytes, Stack size 16 bytes, cjson.o(i.cJSON_strcasecmp))
<BR><BR>[Stack]<UL><LI>Max Depth = 32<LI>Call Chain = cJSON_strcasecmp &rArr; tolower &rArr; __rt_ctype_table
</UL>
<BR>[Calls]<UL><LI><a href="#[73]">&gt;&gt;</a>&nbsp;&nbsp;&nbsp;tolower
</UL>
<BR>[Called By]<UL><LI><a href="#[f4]">&gt;&gt;</a>&nbsp;&nbsp;&nbsp;cJSON_GetObjectItem
</UL>

<P><STRONG><a name="[128]"></a>parse_array</STRONG> (Thumb, 166 bytes, Stack size 32 bytes, cjson.o(i.parse_array))
<BR><BR>[Stack]<UL><LI>Max Depth = 44 + In Cycle
<LI>Call Chain = parse_array &rArr;  parse_value (Cycle)
</UL>
<BR>[Calls]<UL><LI><a href="#[124]">&gt;&gt;</a>&nbsp;&nbsp;&nbsp;skip
<LI><a href="#[125]">&gt;&gt;</a>&nbsp;&nbsp;&nbsp;parse_value
<LI><a href="#[121]">&gt;&gt;</a>&nbsp;&nbsp;&nbsp;cJSON_New_Item
</UL>
<BR>[Called By]<UL><LI><a href="#[125]">&gt;&gt;</a>&nbsp;&nbsp;&nbsp;parse_value
</UL>

<P><STRONG><a name="[130]"></a>parse_hex4</STRONG> (Thumb, 276 bytes, Stack size 0 bytes, cjson.o(i.parse_hex4))
<BR><BR>[Called By]<UL><LI><a href="#[12f]">&gt;&gt;</a>&nbsp;&nbsp;&nbsp;parse_string
</UL>

<P><STRONG><a name="[129]"></a>parse_number</STRONG> (Thumb, 432 bytes, Stack size 80 bytes, cjson.o(i.parse_number))
<BR><BR>[Stack]<UL><LI>Max Depth = 272<LI>Call Chain = parse_number &rArr; pow &rArr; sqrt &rArr; _dsqrt &rArr; __fpl_dnaninf
</UL>
<BR>[Calls]<UL><LI><a href="#[12c]">&gt;&gt;</a>&nbsp;&nbsp;&nbsp;pow
<LI><a href="#[117]">&gt;&gt;</a>&nbsp;&nbsp;&nbsp;__aeabi_dmul
<LI><a href="#[12a]">&gt;&gt;</a>&nbsp;&nbsp;&nbsp;__aeabi_i2d
<LI><a href="#[12d]">&gt;&gt;</a>&nbsp;&nbsp;&nbsp;__aeabi_d2iz
<LI><a href="#[12b]">&gt;&gt;</a>&nbsp;&nbsp;&nbsp;__aeabi_dsub
<LI><a href="#[118]">&gt;&gt;</a>&nbsp;&nbsp;&nbsp;__aeabi_dadd
</UL>
<BR>[Called By]<UL><LI><a href="#[125]">&gt;&gt;</a>&nbsp;&nbsp;&nbsp;parse_value
</UL>

<P><STRONG><a name="[12e]"></a>parse_object</STRONG> (Thumb, 270 bytes, Stack size 32 bytes, cjson.o(i.parse_object))
<BR><BR>[Stack]<UL><LI>Max Depth = 72 + In Cycle
<LI>Call Chain = parse_object &rArr;  parse_value (Cycle)
</UL>
<BR>[Calls]<UL><LI><a href="#[124]">&gt;&gt;</a>&nbsp;&nbsp;&nbsp;skip
<LI><a href="#[125]">&gt;&gt;</a>&nbsp;&nbsp;&nbsp;parse_value
<LI><a href="#[12f]">&gt;&gt;</a>&nbsp;&nbsp;&nbsp;parse_string
<LI><a href="#[121]">&gt;&gt;</a>&nbsp;&nbsp;&nbsp;cJSON_New_Item
</UL>
<BR>[Called By]<UL><LI><a href="#[125]">&gt;&gt;</a>&nbsp;&nbsp;&nbsp;parse_value
</UL>

<P><STRONG><a name="[12f]"></a>parse_string</STRONG> (Thumb, 448 bytes, Stack size 40 bytes, cjson.o(i.parse_string))
<BR><BR>[Stack]<UL><LI>Max Depth = 40<LI>Call Chain = parse_string
</UL>
<BR>[Calls]<UL><LI><a href="#[130]">&gt;&gt;</a>&nbsp;&nbsp;&nbsp;parse_hex4
</UL>
<BR>[Called By]<UL><LI><a href="#[125]">&gt;&gt;</a>&nbsp;&nbsp;&nbsp;parse_value
<LI><a href="#[12e]">&gt;&gt;</a>&nbsp;&nbsp;&nbsp;parse_object
</UL>

<P><STRONG><a name="[125]"></a>parse_value</STRONG> (Thumb, 158 bytes, Stack size 16 bytes, cjson.o(i.parse_value))
<BR><BR>[Stack]<UL><LI>Max Depth = 288<LI>Call Chain = parse_value &rArr; parse_number &rArr; pow &rArr; sqrt &rArr; _dsqrt &rArr; __fpl_dnaninf
</UL>
<BR>[Calls]<UL><LI><a href="#[12f]">&gt;&gt;</a>&nbsp;&nbsp;&nbsp;parse_string
<LI><a href="#[12e]">&gt;&gt;</a>&nbsp;&nbsp;&nbsp;parse_object
<LI><a href="#[129]">&gt;&gt;</a>&nbsp;&nbsp;&nbsp;parse_number
<LI><a href="#[128]">&gt;&gt;</a>&nbsp;&nbsp;&nbsp;parse_array
<LI><a href="#[131]">&gt;&gt;</a>&nbsp;&nbsp;&nbsp;strncmp
</UL>
<BR>[Called By]<UL><LI><a href="#[123]">&gt;&gt;</a>&nbsp;&nbsp;&nbsp;cJSON_ParseWithOpts
<LI><a href="#[12e]">&gt;&gt;</a>&nbsp;&nbsp;&nbsp;parse_object
<LI><a href="#[128]">&gt;&gt;</a>&nbsp;&nbsp;&nbsp;parse_array
</UL>

<P><STRONG><a name="[124]"></a>skip</STRONG> (Thumb, 18 bytes, Stack size 0 bytes, cjson.o(i.skip))
<BR><BR>[Called By]<UL><LI><a href="#[123]">&gt;&gt;</a>&nbsp;&nbsp;&nbsp;cJSON_ParseWithOpts
<LI><a href="#[12e]">&gt;&gt;</a>&nbsp;&nbsp;&nbsp;parse_object
<LI><a href="#[128]">&gt;&gt;</a>&nbsp;&nbsp;&nbsp;parse_array
</UL>

<P><STRONG><a name="[183]"></a>_dadd1</STRONG> (Thumb, 0 bytes, Stack size unknown bytes, daddsub_clz.o(x$fpl$dadd), UNUSED)
<BR><BR>[Called By]<UL><LI><a href="#[184]">&gt;&gt;</a>&nbsp;&nbsp;&nbsp;_dsub
<LI><a href="#[182]">&gt;&gt;</a>&nbsp;&nbsp;&nbsp;_drsb
</UL>

<P><STRONG><a name="[176]"></a>_dsub1</STRONG> (Thumb, 0 bytes, Stack size unknown bytes, daddsub_clz.o(x$fpl$dsub), UNUSED)
<BR><BR>[Called By]<UL><LI><a href="#[182]">&gt;&gt;</a>&nbsp;&nbsp;&nbsp;_drsb
<LI><a href="#[175]">&gt;&gt;</a>&nbsp;&nbsp;&nbsp;_dadd
</UL>

<P><STRONG><a name="[44]"></a>_printf_input_char</STRONG> (Thumb, 10 bytes, Stack size 0 bytes, _printf_char_common.o(.text))
<BR>[Address Reference Count : 1]<UL><LI> _printf_char_common.o(.text)
</UL><P>
<H3>
Undefined Global Symbols
</H3><HR></body></html>
