Component: ARM Compiler 5.06 update 5 (build 528) Tool: armlink [4d35e2]

==============================================================================

Section Cross References

    startup_stm32f10x_md.o(STACK) refers (Special) to heapauxi.o(.text) for __use_two_region_memory
    startup_stm32f10x_md.o(HEAP) refers (Special) to heapauxi.o(.text) for __use_two_region_memory
    startup_stm32f10x_md.o(RESET) refers (Special) to heapauxi.o(.text) for __use_two_region_memory
    startup_stm32f10x_md.o(RESET) refers to startup_stm32f10x_md.o(STACK) for __initial_sp
    startup_stm32f10x_md.o(RESET) refers to startup_stm32f10x_md.o(.text) for Reset_Handler
    startup_stm32f10x_md.o(RESET) refers to stm32f10x_it.o(i.NMI_Handler) for NMI_Handler
    startup_stm32f10x_md.o(RESET) refers to stm32f10x_it.o(i.HardFault_Handler) for HardFault_Handler
    startup_stm32f10x_md.o(RESET) refers to stm32f10x_it.o(i.MemManage_Handler) for MemManage_Handler
    startup_stm32f10x_md.o(RESET) refers to stm32f10x_it.o(i.BusFault_Handler) for BusFault_Handler
    startup_stm32f10x_md.o(RESET) refers to stm32f10x_it.o(i.UsageFault_Handler) for UsageFault_Handler
    startup_stm32f10x_md.o(RESET) refers to stm32f10x_it.o(i.SVC_Handler) for SVC_Handler
    startup_stm32f10x_md.o(RESET) refers to stm32f10x_it.o(i.DebugMon_Handler) for DebugMon_Handler
    startup_stm32f10x_md.o(RESET) refers to stm32f10x_it.o(i.PendSV_Handler) for PendSV_Handler
    startup_stm32f10x_md.o(RESET) refers to stm32f10x_it.o(i.SysTick_Handler) for SysTick_Handler
    startup_stm32f10x_md.o(RESET) refers to menu.o(i.TIM2_IRQHandler) for TIM2_IRQHandler
    startup_stm32f10x_md.o(RESET) refers to esp8266.o(i.USART1_IRQHandler) for USART1_IRQHandler
    startup_stm32f10x_md.o(.text) refers (Special) to heapauxi.o(.text) for __use_two_region_memory
    startup_stm32f10x_md.o(.text) refers to system_stm32f10x.o(i.SystemInit) for SystemInit
    startup_stm32f10x_md.o(.text) refers to __main.o(!!!main) for __main
    startup_stm32f10x_md.o(.text) refers to startup_stm32f10x_md.o(HEAP) for Heap_Mem
    startup_stm32f10x_md.o(.text) refers to startup_stm32f10x_md.o(STACK) for Stack_Mem
    system_stm32f10x.o(i.SetSysClock) refers to system_stm32f10x.o(i.SetSysClockTo72) for SetSysClockTo72
    system_stm32f10x.o(i.SystemCoreClockUpdate) refers to system_stm32f10x.o(.data) for SystemCoreClock
    system_stm32f10x.o(i.SystemInit) refers to system_stm32f10x.o(i.SetSysClock) for SetSysClock
    stm32f10x_adc.o(i.ADC_DeInit) refers to stm32f10x_rcc.o(i.RCC_APB2PeriphResetCmd) for RCC_APB2PeriphResetCmd
    stm32f10x_bkp.o(i.BKP_DeInit) refers to stm32f10x_rcc.o(i.RCC_BackupResetCmd) for RCC_BackupResetCmd
    stm32f10x_can.o(i.CAN_DeInit) refers to stm32f10x_rcc.o(i.RCC_APB1PeriphResetCmd) for RCC_APB1PeriphResetCmd
    stm32f10x_can.o(i.CAN_GetITStatus) refers to stm32f10x_can.o(i.CheckITStatus) for CheckITStatus
    stm32f10x_cec.o(i.CEC_DeInit) refers to stm32f10x_rcc.o(i.RCC_APB1PeriphResetCmd) for RCC_APB1PeriphResetCmd
    stm32f10x_dac.o(i.DAC_DeInit) refers to stm32f10x_rcc.o(i.RCC_APB1PeriphResetCmd) for RCC_APB1PeriphResetCmd
    stm32f10x_flash.o(i.FLASH_EnableWriteProtection) refers to stm32f10x_flash.o(i.FLASH_WaitForLastOperation) for FLASH_WaitForLastOperation
    stm32f10x_flash.o(i.FLASH_EraseAllBank1Pages) refers to stm32f10x_flash.o(i.FLASH_WaitForLastBank1Operation) for FLASH_WaitForLastBank1Operation
    stm32f10x_flash.o(i.FLASH_EraseAllPages) refers to stm32f10x_flash.o(i.FLASH_WaitForLastOperation) for FLASH_WaitForLastOperation
    stm32f10x_flash.o(i.FLASH_EraseOptionBytes) refers to stm32f10x_flash.o(i.FLASH_GetReadOutProtectionStatus) for FLASH_GetReadOutProtectionStatus
    stm32f10x_flash.o(i.FLASH_EraseOptionBytes) refers to stm32f10x_flash.o(i.FLASH_WaitForLastOperation) for FLASH_WaitForLastOperation
    stm32f10x_flash.o(i.FLASH_ErasePage) refers to stm32f10x_flash.o(i.FLASH_WaitForLastOperation) for FLASH_WaitForLastOperation
    stm32f10x_flash.o(i.FLASH_ProgramHalfWord) refers to stm32f10x_flash.o(i.FLASH_WaitForLastOperation) for FLASH_WaitForLastOperation
    stm32f10x_flash.o(i.FLASH_ProgramOptionByteData) refers to stm32f10x_flash.o(i.FLASH_WaitForLastOperation) for FLASH_WaitForLastOperation
    stm32f10x_flash.o(i.FLASH_ProgramWord) refers to stm32f10x_flash.o(i.FLASH_WaitForLastOperation) for FLASH_WaitForLastOperation
    stm32f10x_flash.o(i.FLASH_ReadOutProtection) refers to stm32f10x_flash.o(i.FLASH_WaitForLastOperation) for FLASH_WaitForLastOperation
    stm32f10x_flash.o(i.FLASH_UserOptionByteConfig) refers to stm32f10x_flash.o(i.FLASH_WaitForLastOperation) for FLASH_WaitForLastOperation
    stm32f10x_flash.o(i.FLASH_WaitForLastBank1Operation) refers to stm32f10x_flash.o(i.FLASH_GetBank1Status) for FLASH_GetBank1Status
    stm32f10x_flash.o(i.FLASH_WaitForLastOperation) refers to stm32f10x_flash.o(i.FLASH_GetBank1Status) for FLASH_GetBank1Status
[...]
    __aeabi_memcpy                           0x080006af   Thumb Code     0  rt_memcpy_v6.o(.text)
    __rt_memcpy                              0x080006af   Thumb Code   138  rt_memcpy_v6.o(.text)
    _memcpy_lastbytes                        0x08000715   Thumb Code     0  rt_memcpy_v6.o(.text)
    __aeabi_memcpy4                          0x08000739   Thumb Code     0  rt_memcpy_w.o(.text)
    __aeabi_memcpy8                          0x08000739   Thumb Code     0  rt_memcpy_w.o(.text)
    __rt_memcpy_w                            0x08000739   Thumb Code   100  rt_memcpy_w.o(.text)
    _memcpy_lastbytes_aligned                0x08000781   Thumb Code     0  rt_memcpy_w.o(.text)
    __aeabi_memclr                           0x0800079d   Thumb Code     0  rt_memclr.o(.text)
    __rt_memclr                              0x0800079d   Thumb Code    68  rt_memclr.o(.text)
    _memset                                  0x080007a1   Thumb Code     0  rt_memclr.o(.text)
    __aeabi_memclr4                          0x080007e1   Thumb Code     0  rt_memclr_w.o(.text)
    __aeabi_memclr8                          0x080007e1   Thumb Code     0  rt_memclr_w.o(.text)
    __rt_memclr_w                            0x080007e1   Thumb Code    78  rt_memclr_w.o(.text)
    _memset_w                                0x080007e5   Thumb Code     0  rt_memclr_w.o(.text)
    __use_two_region_memory                  0x0800082f   Thumb Code     2  heapauxi.o(.text)
    __rt_heap_escrow                         0x08000831   Thumb Code     2  heapauxi.o(.text)
    __rt_heap_expand                         0x08000833   Thumb Code     2  heapauxi.o(.text)
    __rt_ctype_table                         0x08000835   Thumb Code    16  rt_ctype_table.o(.text)
    __rt_heap_descriptor                     0x08000845   Thumb Code     8  rt_heap_descriptor_intlibspace.o(.text)
    __aeabi_errno_addr                       0x0800084d   Thumb Code     8  rt_errno_addr_intlibspace.o(.text)
    __errno$intlibspace                      0x0800084d   Thumb Code     0  rt_errno_addr_intlibspace.o(.text)
    __rt_errno_addr$intlibspace              0x0800084d   Thumb Code     0  rt_errno_addr_intlibspace.o(.text)
    __use_no_heap                            0x08000855   Thumb Code     2  hguard.o(.text)
    __heap$guard                             0x08000857   Thumb Code     2  hguard.o(.text)
    _terminate_user_alloc                    0x08000859   Thumb Code     2  init_alloc.o(.text)
    _init_user_alloc                         0x0800085b   Thumb Code     2  init_alloc.o(.text)
    __Heap_Full                              0x0800085d   Thumb Code    34  init_alloc.o(.text)
    __Heap_Broken                            0x0800087f   Thumb Code     6  init_alloc.o(.text)
    _init_alloc                              0x08000885   Thumb Code    94  init_alloc.o(.text)
    __Heap_Initialize                        0x080008e3   Thumb Code    10  h1_init.o(.text)
    __Heap_DescSize                          0x080008ed   Thumb Code     4  h1_init.o(.text)
    __read_errno                             0x080008f1   Thumb Code    10  _rserrno.o(.text)
    __set_errno                              0x080008fb   Thumb Code    12  _rserrno.o(.text)
    _printf_int_common                       0x08000907   Thumb Code   178  _printf_intcommon.o(.text)
    _printf_char_common                      0x080009c3   Thumb Code    32  _printf_char_common.o(.text)
    _sputc                                   0x080009e9   Thumb Code    10  _sputc.o(.text)
    strtol                                   0x080009f3   Thumb Code   112  strtol.o(.text)
    __user_libspace                          0x08000a65   Thumb Code     8  libspace.o(.text)
    __user_perproc_libspace                  0x08000a65   Thumb Code     0  libspace.o(.text)
    __user_perthread_libspace                0x08000a65   Thumb Code     0  libspace.o(.text)
    __rt_locale                              0x08000a6d   Thumb Code     8  rt_locale_intlibspace.o(.text)
    __Heap_ProvideMemory                     0x08000a75   Thumb Code    52  h1_extend.o(.text)
    _strtoul                                 0x08000aa9   Thumb Code   158  _strtoul.o(.text)
    __rt_SIGRTMEM                            0x08000b47   Thumb Code    14  defsig_rtmem_outer.o(.text)
    __I$use$semihosting                      0x08000b55   Thumb Code     0  use_no_semi.o(.text)
    __use_no_semihosting_swi                 0x08000b55   Thumb Code     2  use_no_semi.o(.text)
    __semihosting_library_function           0x08000b57   Thumb Code     0  indicate_semi.o(.text)
    __user_setup_stackheap                   0x08000b57   Thumb Code    74  sys_stackheap_outer.o(.text)
    _chval                                   0x08000ba1   Thumb Code    28  _chval.o(.text)
    exit                                     0x08000bbd   Thumb Code    18  exit.o(.text)
    __sig_exit                               0x08000bcf   Thumb Code    10  defsig_exit.o(.text)
    __rt_SIGRTMEM_inner                      0x08000bd9   Thumb Code    22  defsig_rtmem_inner.o(.text)
    strcmp                                   0x08000c29   Thumb Code   128  strcmpv7m.o(.text)
    _sys_exit                                0x08000ca9   Thumb Code     8  sys_exit.o(.text)
    __default_signal_display                 0x08000cb5   Thumb Code    50  defsig_general.o(.text)
    _ttywrch                                 0x08000ce7   Thumb Code    14  sys_wrch.o(.text)
    ADC_Cmd                                  0x08000cf5   Thumb Code    22  stm32f10x_adc.o(i.ADC_Cmd)
    ADC_GetCalibrationStatus                 0x08000d0b   Thumb Code    20  stm32f10x_adc.o(i.ADC_GetCalibrationStatus)
    ADC_GetConversionValue                   0x08000d1f   Thumb Code     8  stm32f10x_adc.o(i.ADC_GetConversionValue)
    ADC_GetFlagStatus                        0x08000d27   Thumb Code    18  stm32f10x_adc.o(i.ADC_GetFlagStatus)
    ADC_GetResetCalibrationStatus            0x08000d39   Thumb Code    20  stm32f10x_adc.o(i.ADC_GetResetCalibrationStatus)
    ADC_Init                                 0x08000d4d   Thumb Code    70  stm32f10x_adc.o(i.ADC_Init)
    ADC_RegularChannelConfig                 0x08000d9d   Thumb Code   184  stm32f10x_adc.o(i.ADC_RegularChannelConfig)
    ADC_ResetCalibration                     0x08000e55   Thumb Code    10  stm32f10x_adc.o(i.ADC_ResetCalibration)
    ADC_SoftwareStartConvCmd                 0x08000e5f   Thumb Code    22  stm32f10x_adc.o(i.ADC_SoftwareStartConvCmd)
    ADC_StartCalibration                     0x08000e75   Thumb Code    10  stm32f10x_adc.o(i.ADC_StartCalibration)
    AD_GetValue                              0x08000e81   Thumb Code    46  ad.o(i.AD_GetValue)
    AD_Init                                  0x08000eb5   Thumb Code   138  ad.o(i.AD_Init)
    AD_Key_GetNum                            0x08000f49   Thumb Code   186  key.o(i.AD_Key_GetNum)
    ALL_Init                                 0x0800100d   Thumb Code   134  main.o(i.ALL_Init)
    Beep_Init                                0x0800109d   Thumb Code    38  led.o(i.Beep_Init)
    Beep_OFF                                 0x080010c9   Thumb Code    14  led.o(i.Beep_OFF)
    Beep_Turn                                0x080010dd   Thumb Code    38  led.o(i.Beep_Turn)
    BusFault_Handler                         0x08001109   Thumb Code     4  stm32f10x_it.o(i.BusFault_Handler)
    DATA_Menu                                0x0800110d   Thumb Code   654  menu.o(i.DATA_Menu)
    DHT11_Check                              0x080013d5   Thumb Code    86  dht11.o(i.DHT11_Check)
    DHT11_IO_IN                              0x08001431   Thumb Code    26  dht11.o(i.DHT11_IO_IN)
    DHT11_IO_OUT                             0x08001451   Thumb Code    32  dht11.o(i.DHT11_IO_OUT)
    DHT11_Read_Bit                           0x08001475   Thumb Code    88  dht11.o(i.DHT11_Read_Bit)
    DHT11_Read_Byte                          0x080014d1   Thumb Code    30  dht11.o(i.DHT11_Read_Byte)
    DHT11_Read_Data                          0x080014ef   Thumb Code   112  dht11.o(i.DHT11_Read_Data)
    DebugMon_Handler                         0x0800155f   Thumb Code     2  stm32f10x_it.o(i.DebugMon_Handler)
    Delay_ms                                 0x08001561   Thumb Code    24  delay.o(i.Delay_ms)
    Delay_us                                 0x08001579   Thumb Code    46  delay.o(i.Delay_us)
    Drv_Dht11_Start                          0x080015a9   Thumb Code    56  dht11.o(i.Drv_Dht11_Start)
    ESP8266_Clear                            0x080015e5   Thumb Code    20  esp8266.o(i.ESP8266_Clear)
    ESP8266_GetIPD                           0x08001601   Thumb Code    66  esp8266.o(i.ESP8266_GetIPD)
    ESP8266_Init                             0x08001651   Thumb Code   320  esp8266.o(i.ESP8266_Init)
    ESP8266_SendCmd                          0x08001879   Thumb Code    76  esp8266.o(i.ESP8266_SendCmd)
    ESP8266_SendData                         0x080018cd   Thumb Code    46  esp8266.o(i.ESP8266_SendData)
    ESP8266_WaitRecive                       0x08001915   Thumb Code    42  esp8266.o(i.ESP8266_WaitRecive)
    GPIO_Init                                0x08001949   Thumb Code   278  stm32f10x_gpio.o(i.GPIO_Init)
    GPIO_ReadInputDataBit                    0x08001a5f   Thumb Code    18  stm32f10x_gpio.o(i.GPIO_ReadInputDataBit)
    GPIO_ReadOutputDataBit                   0x08001a71   Thumb Code    18  stm32f10x_gpio.o(i.GPIO_ReadOutputDataBit)
    GPIO_ResetBits                           0x08001a83   Thumb Code     4  stm32f10x_gpio.o(i.GPIO_ResetBits)
    GPIO_SetBits                             0x08001a87   Thumb Code     4  stm32f10x_gpio.o(i.GPIO_SetBits)
    GPIO_WriteBit                            0x08001a8b   Thumb Code    10  stm32f10x_gpio.o(i.GPIO_WriteBit)
    Game_Menu                                0x08001a95   Thumb Code   652  menu.o(i.Game_Menu)
    HardFault_Handler                        0x08001d59   Thumb Code     4  stm32f10x_it.o(i.HardFault_Handler)
    Hardware_Init                            0x08001d5d   Thumb Code    32  main.o(i.Hardware_Init)
    I2C_CheckEvent                           0x08001d95   Thumb Code    42  stm32f10x_i2c.o(i.I2C_CheckEvent)
    I2C_Cmd                                  0x08001dbf   Thumb Code    24  stm32f10x_i2c.o(i.I2C_Cmd)
    I2C_Config                               0x08001dd9   Thumb Code    72  u8x8_byte.o(i.I2C_Config)
    I2C_GenerateSTART                        0x08001e25   Thumb Code    24  stm32f10x_i2c.o(i.I2C_GenerateSTART)
    I2C_GenerateSTOP                         0x08001e3d   Thumb Code    24  stm32f10x_i2c.o(i.I2C_GenerateSTOP)
    I2C_GetFlagStatus                        0x08001e55   Thumb Code    58  stm32f10x_i2c.o(i.I2C_GetFlagStatus)
    I2C_Init                                 0x08001e91   Thumb Code   222  stm32f10x_i2c.o(i.I2C_Init)
    I2C_Send7bitAddress                      0x08001f7d   Thumb Code    18  stm32f10x_i2c.o(i.I2C_Send7bitAddress)
    I2C_SendData                             0x08001f8f   Thumb Code     4  stm32f10x_i2c.o(i.I2C_SendData)
    Key_GetNum                               0x08001f95   Thumb Code    88  key.o(i.Key_GetNum)
    Key_Init                                 0x08001ff1   Thumb Code    40  key.o(i.Key_Init)
    LED1_OFF                                 0x0800201d   Thumb Code    12  led.o(i.LED1_OFF)
    LED1_ON                                  0x0800202d   Thumb Code    12  led.o(i.LED1_ON)
    LED1_ReadData                            0x0800203d   Thumb Code    20  led.o(i.LED1_ReadData)
    LED2_OFF                                 0x08002055   Thumb Code    12  led.o(i.LED2_OFF)
    LED2_ON                                  0x08002065   Thumb Code    12  led.o(i.LED2_ON)
    LED2_ReadData                            0x08002075   Thumb Code    20  led.o(i.LED2_ReadData)
    LED_Init                                 0x0800208d   Thumb Code    54  led.o(i.LED_Init)
    MQTT_DeleteBuffer                        0x080020c9   Thumb Code    28  mqttkit.o(i.MQTT_DeleteBuffer)
    MQTT_DumpLength                          0x080020e5   Thumb Code    46  mqttkit.o(i.MQTT_DumpLength)
    MQTT_NewBuffer                           0x08002113   Thumb Code    88  mqttkit.o(i.MQTT_NewBuffer)
    MQTT_PacketConnect                       0x0800216d   Thumb Code   666  mqttkit.o(i.MQTT_PacketConnect)
    MQTT_PacketPublish                       0x0800240d   Thumb Code   440  mqttkit.o(i.MQTT_PacketPublish)
    MQTT_PacketSubscribe                     0x080025c5   Thumb Code   254  mqttkit.o(i.MQTT_PacketSubscribe)
    MQTT_ReadLength                          0x080026c3   Thumb Code    70  mqttkit.o(i.MQTT_ReadLength)
    MQTT_UnPacketConnectAck                  0x08002709   Thumb Code    30  mqttkit.o(i.MQTT_UnPacketConnectAck)
    MQTT_UnPacketPublish                     0x08002729   Thumb Code   438  mqttkit.o(i.MQTT_UnPacketPublish)
    MQTT_UnPacketRecv                        0x080028e9   Thumb Code   106  mqttkit.o(i.MQTT_UnPacketRecv)
    MemManage_Handler                        0x0800295d   Thumb Code     4  stm32f10x_it.o(i.MemManage_Handler)
    Menu_To_OnePage_Display                  0x08002961   Thumb Code   316  menu.o(i.Menu_To_OnePage_Display)
    NMI_Handler                              0x08002ac1   Thumb Code     2  stm32f10x_it.o(i.NMI_Handler)
    NVIC_Init                                0x08002ac5   Thumb Code   100  misc.o(i.NVIC_Init)
    NVIC_PriorityGroupConfig                 0x08002b35   Thumb Code    10  misc.o(i.NVIC_PriorityGroupConfig)
    OLED_Display                             0x08002b49   Thumb Code    38  main.o(i.OLED_Display)
    OneNet_DevLink                           0x08002b79   Thumb Code   252  onenet.o(i.OneNet_DevLink)
    OneNet_Publish                           0x08002d7d   Thumb Code    74  onenet.o(i.OneNet_Publish)
    OneNet_RevPro                            0x08002dc9   Thumb Code   258  onenet.o(i.OneNet_RevPro)
    OneNet_Subscribe                         0x08002ed9   Thumb Code    56  onenet.o(i.OneNet_Subscribe)
    OnePage_To_Menu_Display                  0x08002f11   Thumb Code   316  menu.o(i.OnePage_To_Menu_Display)
    Page_To_Menu_Display                     0x08003071   Thumb Code   252  menu.o(i.Page_To_Menu_Display)
    PendSV_Handler                           0x08003175   Thumb Code     2  stm32f10x_it.o(i.PendSV_Handler)
    RCC_ADCCLKConfig                         0x08003179   Thumb Code    18  stm32f10x_rcc.o(i.RCC_ADCCLKConfig)
    RCC_APB1PeriphClockCmd                   0x08003191   Thumb Code    26  stm32f10x_rcc.o(i.RCC_APB1PeriphClockCmd)
    RCC_APB2PeriphClockCmd                   0x080031b1   Thumb Code    26  stm32f10x_rcc.o(i.RCC_APB2PeriphClockCmd)
    RCC_GetClocksFreq                        0x080031d1   Thumb Code   192  stm32f10x_rcc.o(i.RCC_GetClocksFreq)
    SET_Menu                                 0x080032a5   Thumb Code   600  menu.o(i.SET_Menu)
    SET_Sec_ReFresh                          0x08003535   Thumb Code   154  menu.o(i.SET_Sec_ReFresh)
    SET_Speed_ReFresh                        0x0800360d   Thumb Code   134  menu.o(i.SET_Speed_ReFresh)
    SVC_Handler                              0x080036c1   Thumb Code     2  stm32f10x_it.o(i.SVC_Handler)
    Sensor_Re_Page                           0x080036c5   Thumb Code   782  menu.o(i.Sensor_Re_Page)
    Serial_Menu                              0x08003a15   Thumb Code   618  menu.o(i.Serial_Menu)
    Sersor_ReFresh                           0x08003cbd   Thumb Code   236  menu.o(i.Sersor_ReFresh)
    Show_Menu                                0x08003ebd   Thumb Code   538  menu.o(i.Show_Menu)
    Show_Menu_Config                         0x08004111   Thumb Code   128  menu.o(i.Show_Menu_Config)
    Speed_adjust_Page                        0x080041ad   Thumb Code   716  menu.o(i.Speed_adjust_Page)
    SysTick_Handler                          0x080044b9   Thumb Code     2  stm32f10x_it.o(i.SysTick_Handler)
    SystemInit                               0x080044bd   Thumb Code    78  system_stm32f10x.o(i.SystemInit)
    TIM2_IRQHandler                          0x0800451d   Thumb Code   238  menu.o(i.TIM2_IRQHandler)
    TIM_ClearFlag                            0x08004685   Thumb Code     6  stm32f10x_tim.o(i.TIM_ClearFlag)
    TIM_ClearITPendingBit                    0x0800468b   Thumb Code     6  stm32f10x_tim.o(i.TIM_ClearITPendingBit)
    TIM_Cmd                                  0x08004691   Thumb Code    24  stm32f10x_tim.o(i.TIM_Cmd)
    TIM_GetITStatus                          0x080046a9   Thumb Code    34  stm32f10x_tim.o(i.TIM_GetITStatus)
    TIM_ITConfig                             0x080046cb   Thumb Code    18  stm32f10x_tim.o(i.TIM_ITConfig)
    TIM_InternalClockConfig                  0x080046dd   Thumb Code    12  stm32f10x_tim.o(i.TIM_InternalClockConfig)
    TIM_TimeBaseInit                         0x080046e9   Thumb Code   122  stm32f10x_tim.o(i.TIM_TimeBaseInit)
    Timer_Init                               0x0800478d   Thumb Code   126  timer.o(i.Timer_Init)
    USART1_IRQHandler                        0x0800480d   Thumb Code    62  esp8266.o(i.USART1_IRQHandler)
    USART_ClearFlag                          0x08004859   Thumb Code    18  stm32f10x_usart.o(i.USART_ClearFlag)
    USART_Cmd                                0x0800486b   Thumb Code    24  stm32f10x_usart.o(i.USART_Cmd)
    USART_GetFlagStatus                      0x08004883   Thumb Code    26  stm32f10x_usart.o(i.USART_GetFlagStatus)
    USART_GetITStatus                        0x0800489d   Thumb Code    84  stm32f10x_usart.o(i.USART_GetITStatus)
    USART_ITConfig                           0x080048f1   Thumb Code    74  stm32f10x_usart.o(i.USART_ITConfig)
    USART_Init                               0x0800493d   Thumb Code   210  stm32f10x_usart.o(i.USART_Init)
    USART_SendData                           0x08004a15   Thumb Code     8  stm32f10x_usart.o(i.USART_SendData)
    UsageFault_Handler                       0x08004a1d   Thumb Code     4  stm32f10x_it.o(i.UsageFault_Handler)
    Usart1_Init                              0x08004a21   Thumb Code   166  usart.o(i.Usart1_Init)
    Usart_SendString                         0x08004ad1   Thumb Code    50  usart.o(i.Usart_SendString)
    __ARM_fpclassify                         0x08004b03   Thumb Code    40  fpclassify.o(i.__ARM_fpclassify)
    __kernel_poly                            0x08004b2b   Thumb Code   170  poly.o(i.__kernel_poly)
    __mathlib_dbl_divzero                    0x08004bd5   Thumb Code    12  dunder.o(i.__mathlib_dbl_divzero)
    __mathlib_dbl_infnan2                    0x08004be5   Thumb Code     4  dunder.o(i.__mathlib_dbl_infnan2)
    __mathlib_dbl_invalid                    0x08004be9   Thumb Code    12  dunder.o(i.__mathlib_dbl_invalid)
    __mathlib_dbl_overflow                   0x08004bf5   Thumb Code    14  dunder.o(i.__mathlib_dbl_overflow)
    __mathlib_dbl_underflow                  0x08004c05   Thumb Code    10  dunder.o(i.__mathlib_dbl_underflow)
    _is_digit                                0x08004c15   Thumb Code    14  __printf_wp.o(i._is_digit)
    cJSON_Delete                             0x08004c25   Thumb Code    82  cjson.o(i.cJSON_Delete)
    cJSON_GetObjectItem                      0x08004c7d   Thumb Code    30  cjson.o(i.cJSON_GetObjectItem)
    cJSON_Parse                              0x08004cbd   Thumb Code    16  cjson.o(i.cJSON_Parse)
    cJSON_ParseWithOpts                      0x08004ccd   Thumb Code    96  cjson.o(i.cJSON_ParseWithOpts)
    draw                                     0x08004d7d   Thumb Code   176  main.o(i.draw)
    esp_ready                                0x08004e69   Thumb Code     8  menu.o(i.esp_ready)
    main                                     0x08004e75   Thumb Code    16  main.o(i.main)
    pow                                      0x0800559d   Thumb Code  2512  pow.o(i.pow)
    sqrt                                     0x08005f87   Thumb Code    76  sqrt.o(i.sqrt)
    u8g2_ClearBuffer                         0x08005fd3   Thumb Code    26  u8g2_buffer.o(i.u8g2_ClearBuffer)
    u8g2_Config                              0x08005fed   Thumb Code    36  main.o(i.u8g2_Config)
    u8g2_DrawFrame                           0x08006021   Thumb Code   138  u8g2_box.o(i.u8g2_DrawFrame)
    u8g2_DrawGlyph                           0x080060ab   Thumb Code    98  u8g2_font.o(i.u8g2_DrawGlyph)
    u8g2_DrawHLine                           0x0800610d   Thumb Code    28  u8g2_hvline.o(i.u8g2_DrawHLine)
    u8g2_DrawHVLine                          0x08006129   Thumb Code   220  u8g2_hvline.o(i.u8g2_DrawHVLine)
    u8g2_DrawHXBM                            0x08006205   Thumb Code   154  u8g2_bitmap.o(i.u8g2_DrawHXBM)
    u8g2_DrawLine                            0x0800629f   Thumb Code   214  u8g2_line.o(i.u8g2_DrawLine)
    u8g2_DrawPixel                           0x08006375   Thumb Code    68  u8g2_hvline.o(i.u8g2_DrawPixel)
    u8g2_DrawStr                             0x080063b9   Thumb Code    32  u8g2_font.o(i.u8g2_DrawStr)
    u8g2_DrawVLine                           0x080063dd   Thumb Code    28  u8g2_hvline.o(i.u8g2_DrawVLine)
    u8g2_DrawXBM                             0x080063f9   Thumb Code    88  u8g2_bitmap.o(i.u8g2_DrawXBM)
    u8g2_IsIntersection                      0x08006451   Thumb Code    58  u8g2_intersection.o(i.u8g2_IsIntersection)
    u8g2_NextPage                            0x0800648b   Thumb Code    64  u8g2_buffer.o(i.u8g2_NextPage)
    u8g2_SendBuffer                          0x080064cb   Thumb Code    18  u8g2_buffer.o(i.u8g2_SendBuffer)
    u8g2_SetBufferCurrTileRow                0x080064dd   Thumb Code    28  u8g2_buffer.o(i.u8g2_SetBufferCurrTileRow)
    u8g2_SetFont                             0x080064f9   Thumb Code    32  u8g2_font.o(i.u8g2_SetFont)
    u8g2_SetFontDirection                    0x08006519   Thumb Code     6  u8g2_font.o(i.u8g2_SetFontDirection)
    u8g2_SetFontMode                         0x0800651f   Thumb Code     6  u8g2_font.o(i.u8g2_SetFontMode)
    u8g2_SetFontPosBaseline                  0x08006525   Thumb Code     6  u8g2_font.o(i.u8g2_SetFontPosBaseline)
    u8g2_SetMaxClipWindow                    0x08006531   Thumb Code    32  u8g2_setup.o(i.u8g2_SetMaxClipWindow)
    u8g2_SetupBuffer                         0x08006551   Thumb Code    90  u8g2_setup.o(i.u8g2_SetupBuffer)
    u8g2_Setup_ssd1306_i2c_128x64_noname_f   0x080065ad   Thumb Code    54  u8g2_d_setup.o(i.u8g2_Setup_ssd1306_i2c_128x64_noname_f)
    u8g2_UpdateRefHeight                     0x080065f1   Thumb Code   136  u8g2_font.o(i.u8g2_UpdateRefHeight)
    u8g2_add_vector_x                        0x08006679   Thumb Code    42  u8g2_font.o(i.u8g2_add_vector_x)
    u8g2_add_vector_y                        0x080066a3   Thumb Code    42  u8g2_font.o(i.u8g2_add_vector_y)
    u8g2_draw_hv_line_2dir                   0x08006793   Thumb Code    44  u8g2_hvline.o(i.u8g2_draw_hv_line_2dir)
    u8g2_draw_l90_mirrorr_r0                 0x080067bf   Thumb Code    60  u8g2_setup.o(i.u8g2_draw_l90_mirrorr_r0)
    u8g2_draw_l90_r0                         0x080067fb   Thumb Code    36  u8g2_setup.o(i.u8g2_draw_l90_r0)
    u8g2_draw_l90_r1                         0x0800681f   Thumb Code    68  u8g2_setup.o(i.u8g2_draw_l90_r1)
    u8g2_draw_l90_r2                         0x08006863   Thumb Code    86  u8g2_setup.o(i.u8g2_draw_l90_r2)
    u8g2_draw_l90_r3                         0x080068b9   Thumb Code    80  u8g2_setup.o(i.u8g2_draw_l90_r3)
    u8g2_draw_mirror_vertical_r0             0x08006909   Thumb Code    60  u8g2_setup.o(i.u8g2_draw_mirror_vertical_r0)
    u8g2_font_calc_vref_font                 0x080069d5   Thumb Code     6  u8g2_font.o(i.u8g2_font_calc_vref_font)
    u8g2_font_decode_get_signed_bits         0x080069db   Thumb Code    36  u8g2_font.o(i.u8g2_font_decode_get_signed_bits)
    u8g2_font_decode_get_unsigned_bits       0x080069ff   Thumb Code    66  u8g2_font.o(i.u8g2_font_decode_get_unsigned_bits)
    u8g2_font_decode_glyph                   0x08006a41   Thumb Code   386  u8g2_font.o(i.u8g2_font_decode_glyph)
    u8g2_font_decode_len                     0x08006bc3   Thumb Code   176  u8g2_font.o(i.u8g2_font_decode_len)
    u8g2_font_get_glyph_data                 0x08006cb5   Thumb Code   146  u8g2_font.o(i.u8g2_font_get_glyph_data)
    u8g2_gpio_and_delay_stm32                0x08006d9f   Thumb Code   112  mui_u8g2.o(i.u8g2_gpio_and_delay_stm32)
    u8g2_is_intersection_decision_tree       0x08006e0f   Thumb Code    48  u8g2_intersection.o(i.u8g2_is_intersection_decision_tree)
    u8g2_ll_hvline_vertical_top_lsb          0x08006e3f   Thumb Code   238  u8g2_ll_hvline.o(i.u8g2_ll_hvline_vertical_top_lsb)
    u8g2_m_16_8_f                            0x08006f2d   Thumb Code    10  u8g2_d_memory.o(i.u8g2_m_16_8_f)
    u8g2_read_font_info                      0x08006f3d   Thumb Code   224  u8g2_font.o(i.u8g2_read_font_info)
    u8g2_update_dimension_r0                 0x080070e9   Thumb Code    12  u8g2_setup.o(i.u8g2_update_dimension_r0)
    u8g2_update_dimension_r1                 0x080070f5   Thumb Code    28  u8g2_setup.o(i.u8g2_update_dimension_r1)
    u8g2_update_dimension_r2                 0x08007111   Thumb Code    12  u8g2_setup.o(i.u8g2_update_dimension_r2)
    u8g2_update_dimension_r3                 0x0800711d   Thumb Code    28  u8g2_setup.o(i.u8g2_update_dimension_r3)
    u8g2_update_page_win_r0                  0x08007139   Thumb Code    32  u8g2_setup.o(i.u8g2_update_page_win_r0)
    u8g2_update_page_win_r1                  0x08007159   Thumb Code    32  u8g2_setup.o(i.u8g2_update_page_win_r1)
    u8g2_update_page_win_r2                  0x08007179   Thumb Code    60  u8g2_setup.o(i.u8g2_update_page_win_r2)
    u8g2_update_page_win_r3                  0x080071b5   Thumb Code    60  u8g2_setup.o(i.u8g2_update_page_win_r3)
    u8x8_DrawTile                            0x080071f1   Thumb Code    50  u8x8_display.o(i.u8x8_DrawTile)
    u8x8_InitDisplay                         0x08007223   Thumb Code    18  u8x8_display.o(i.u8x8_InitDisplay)
    u8x8_RefreshDisplay                      0x08007235   Thumb Code    18  u8x8_display.o(i.u8x8_RefreshDisplay)
    u8x8_SetPowerSave                        0x08007247   Thumb Code    20  u8x8_display.o(i.u8x8_SetPowerSave)
    u8x8_Setup                               0x0800725b   Thumb Code    42  u8x8_setup.o(i.u8x8_Setup)
    u8x8_SetupDefaults                       0x08007285   Thumb Code    38  u8x8_setup.o(i.u8x8_SetupDefaults)
    u8x8_SetupMemory                         0x080072b1   Thumb Code    18  u8x8_display.o(i.u8x8_SetupMemory)
    u8x8_ascii_next                          0x080072c3   Thumb Code    18  u8x8_8x8.o(i.u8x8_ascii_next)
    u8x8_byte_EndTransfer                    0x080072d5   Thumb Code    18  u8x8_byte.o(i.u8x8_byte_EndTransfer)
    u8x8_byte_SendByte                       0x080072e7   Thumb Code    16  u8x8_byte.o(i.u8x8_byte_SendByte)
    u8x8_byte_SendBytes                      0x080072f7   Thumb Code    26  u8x8_byte.o(i.u8x8_byte_SendBytes)
    u8x8_byte_StartTransfer                  0x08007311   Thumb Code    18  u8x8_byte.o(i.u8x8_byte_StartTransfer)
    u8x8_byte_hw_i2c                         0x08007325   Thumb Code   238  u8x8_byte.o(i.u8x8_byte_hw_i2c)
    u8x8_cad_EndTransfer                     0x08007425   Thumb Code    18  u8x8_cad.o(i.u8x8_cad_EndTransfer)
    u8x8_cad_SendArg                         0x08007437   Thumb Code    20  u8x8_cad.o(i.u8x8_cad_SendArg)
    u8x8_cad_SendCmd                         0x0800744b   Thumb Code    20  u8x8_cad.o(i.u8x8_cad_SendCmd)
    u8x8_cad_SendData                        0x0800745f   Thumb Code    26  u8x8_cad.o(i.u8x8_cad_SendData)
    u8x8_cad_SendSequence                    0x08007479   Thumb Code   124  u8x8_cad.o(i.u8x8_cad_SendSequence)
    u8x8_cad_StartTransfer                   0x080074f5   Thumb Code    18  u8x8_cad.o(i.u8x8_cad_StartTransfer)
    u8x8_cad_ssd13xx_fast_i2c                0x08007509   Thumb Code   208  u8x8_cad.o(i.u8x8_cad_ssd13xx_fast_i2c)
    u8x8_d_helper_display_init               0x080075dd   Thumb Code    96  u8x8_display.o(i.u8x8_d_helper_display_init)
    u8x8_d_helper_display_setup_memory       0x0800763d   Thumb Code    12  u8x8_display.o(i.u8x8_d_helper_display_setup_memory)
    u8x8_d_ssd1306_128x64_noname             0x08007649   Thumb Code    76  u8x8_d_ssd1306_128x64_noname.o(i.u8x8_d_ssd1306_128x64_noname)
    u8x8_dummy_cb                            0x080077a1   Thumb Code     8  u8x8_setup.o(i.u8x8_dummy_cb)
    u8x8_gpio_call                           0x080077a9   Thumb Code    26  u8x8_gpio.o(i.u8x8_gpio_call)
    u8x8_utf8_init                           0x080077f1   Thumb Code     8  u8x8_8x8.o(i.u8x8_utf8_init)
    ui_left_one_Picture                      0x080077f9   Thumb Code    20  menu.o(i.ui_left_one_Picture)
    ui_right_one_Picture                     0x0800780d   Thumb Code    20  menu.o(i.ui_right_one_Picture)
    ui_run                                   0x08007821   Thumb Code    56  menu.o(i.ui_run)
    _get_lc_ctype                            0x08007859   Thumb Code    44  lc_ctype_c.o(locale$$code)
    __aeabi_dadd                             0x08007885   Thumb Code     0  daddsub_clz.o(x$fpl$dadd)
    _dadd                                    0x08007885   Thumb Code   332  daddsub_clz.o(x$fpl$dadd)
    __fpl_dcheck_NaN1                        0x080079d5   Thumb Code    10  dcheck1.o(x$fpl$dcheck1)
    __fpl_dcmp_Inf                           0x080079e5   Thumb Code    24  dcmpi.o(x$fpl$dcmpinf)
    __aeabi_ddiv                             0x080079fd   Thumb Code     0  ddiv.o(x$fpl$ddiv)
    _ddiv                                    0x080079fd   Thumb Code   552  ddiv.o(x$fpl$ddiv)
    __aeabi_d2iz                             0x08007cad   Thumb Code     0  dfix.o(x$fpl$dfix)
    _dfix                                    0x08007cad   Thumb Code    94  dfix.o(x$fpl$dfix)
    __aeabi_i2d                              0x08007d0b   Thumb Code     0  dflt_clz.o(x$fpl$dflt)
    _dflt                                    0x08007d0b   Thumb Code    46  dflt_clz.o(x$fpl$dflt)
    __aeabi_cdcmple                          0x08007d39   Thumb Code     0  dleqf.o(x$fpl$dleqf)
    _dcmple                                  0x08007d39   Thumb Code   120  dleqf.o(x$fpl$dleqf)
    __fpl_dcmple_InfNaN                      0x08007d9b   Thumb Code     0  dleqf.o(x$fpl$dleqf)
    __aeabi_dmul                             0x08007db1   Thumb Code     0  dmul.o(x$fpl$dmul)
    _dmul                                    0x08007db1   Thumb Code   332  dmul.o(x$fpl$dmul)
    __fpl_dnaninf                            0x08007f05   Thumb Code   156  dnaninf.o(x$fpl$dnaninf)
    __fpl_dretinf                            0x08007fa1   Thumb Code    12  dretinf.o(x$fpl$dretinf)
    __aeabi_cdrcmple                         0x08007fad   Thumb Code     0  drleqf.o(x$fpl$drleqf)
    _drcmple                                 0x08007fad   Thumb Code   108  drleqf.o(x$fpl$drleqf)
    __aeabi_drsub                            0x08008019   Thumb Code     0  daddsub_clz.o(x$fpl$drsb)
    _drsb                                    0x08008019   Thumb Code    22  daddsub_clz.o(x$fpl$drsb)
    _dsqrt                                   0x08008031   Thumb Code   456  dsqrt_noumaal.o(x$fpl$dsqrt)
    __aeabi_dsub                             0x080081fd   Thumb Code     0  daddsub_clz.o(x$fpl$dsub)
    _dsub                                    0x080081fd   Thumb Code   464  daddsub_clz.o(x$fpl$dsub)
    __fpl_return_NaN                         0x080083d1   Thumb Code   100  retnan.o(x$fpl$retnan)
    __ARM_scalbn                             0x08008435   Thumb Code    92  scalbn.o(x$fpl$scalbn)
    __fpl_cmpreturn                          0x08008491   Thumb Code    48  trapv.o(x$fpl$trapveneer)
    __I$use$fp                               0x080084c0   Number         0  usenofp.o(x$fpl$usenofp)
    game                                     0x080084c0   Data         128  menu.o(.constdata)
    wechat                                   0x08008540   Data         128  menu.o(.constdata)
    setting                                  0x080085c0   Data         128  menu.o(.constdata)
    square                                   0x08008640   Data         512  menu.o(.constdata)
    arrowhead                                0x08008840   Data         200  menu.o(.constdata)
    dinosaur                                 0x08008908   Data         128  menu.o(.constdata)
    dinosaur_run_1                           0x08008988   Data         128  menu.o(.constdata)
    dinosaur_run_2                           0x08008a08   Data         128  menu.o(.constdata)
    dinosaur_map                             0x08008a88   Data         272  menu.o(.constdata)
    words                                    0x08008b98   Data          30  menu.o(.constdata)
    u8g2_font_4x6_tr                         0x08008bbc   Data         723  u8g2_fonts.o(.constdata)
    u8g2_font_inb30_mn                       0x08008e8f   Data         807  u8g2_fonts.o(.constdata)
    u8g2_font_inb24_mf                       0x080091b6   Data        8821  u8g2_fonts.o(.constdata)
    u8g2_font_spleen6x12_mf                  0x0800b42b   Data        2683  u8g2_fonts.o(.constdata)
    u8g2_cb_r0                               0x0800bea8   Data          12  u8g2_setup.o(.constdata)
    u8g2_cb_r1                               0x0800beb4   Data          12  u8g2_setup.o(.constdata)
    u8g2_cb_r2                               0x0800bec0   Data          12  u8g2_setup.o(.constdata)
    u8g2_cb_r3                               0x0800becc   Data          12  u8g2_setup.o(.constdata)
    u8g2_cb_mirror                           0x0800bed8   Data          12  u8g2_setup.o(.constdata)
    u8g2_cb_mirror_vertical                  0x0800bee4   Data          12  u8g2_setup.o(.constdata)
    __mathlib_zero                           0x0800c0e8   Data           8  qnan.o(.constdata)
    Region$$Table$$Base                      0x0800c280   Number         0  anon$$obj.o(Region$$Table)
    Region$$Table$$Limit                     0x0800c2a0   Number         0  anon$$obj.o(Region$$Table)
    __ctype                                  0x0800c2ad   Data           0  lc_ctype_c.o(locale$$data)
    AD0                                      0x20000014   Data           2  key.o(.data)
    AD1                                      0x20000016   Data           2  key.o(.data)
    Num                                      0x20000018   Data           2  menu.o(.data)
    dataPtr                                  0x2000001c   Data           4  menu.o(.data)
    espReady                                 0x20000020   Data           1  menu.o(.data)
    GAME                                     0x20000024   Data          36  menu.o(.data)
    Serial                                   0x20000048   Data          36  menu.o(.data)
    SensorData                               0x2000006c   Data          36  menu.o(.data)
    SETTING                                  0x20000090   Data          36  menu.o(.data)
    Speed                                    0x200000b4   Data          36  menu.o(.data)
    Sersor_RE                                0x200000d8   Data          36  menu.o(.data)
    Speed_choose                             0x200000fc   Data           1  menu.o(.data)
    Fire_warning                             0x200000fd   Data           1  menu.o(.data)
    Led_Flag                                 0x200000fe   Data           1  menu.o(.data)
    Fan_Flag                                 0x200000ff   Data           1  menu.o(.data)
    Ser_Re                                   0x20000100   Data           2  menu.o(.data)
    Hum                                      0x20000102   Data           1  menu.o(.data)
    Flame                                    0x20000103   Data           1  menu.o(.data)
    Smog                                     0x20000104   Data           1  menu.o(.data)
    Temp                                     0x20000106   Data           2  menu.o(.data)
    display                                  0x20000108   Data           2  menu.o(.data)
    diaplay_trg                              0x2000010a   Data           2  menu.o(.data)
    circle_num                               0x2000010c   Data           1  menu.o(.data)
    KeyNum                                   0x2000010d   Data           1  menu.o(.data)
    Menu_Key                                 0x2000010f   Data           1  menu.o(.data)
    Box_x                                    0x20000110   Data           1  menu.o(.data)
    Box_y                                    0x20000111   Data           1  menu.o(.data)
    Box_w                                    0x20000112   Data           1  menu.o(.data)
    Box_h                                    0x20000113   Data           1  menu.o(.data)
    Box_x_trg                                0x20000114   Data           1  menu.o(.data)
    Box_y_trg                                0x20000115   Data           1  menu.o(.data)
    Box_w_trg                                0x20000116   Data           1  menu.o(.data)
    Box_h_trg                                0x20000117   Data           1  menu.o(.data)
    Box_Flag                                 0x20000118   Data           1  menu.o(.data)
    display_flag                             0x20000119   Data           1  main.o(.data)
    esp8266_cnt                              0x2000012c   Data           2  esp8266.o(.data)
    esp8266_cntPre                           0x2000012e   Data           2  esp8266.o(.data)
    PubTopic_Str                             0x20000134   Data          65  menu.o(.bss)
    u8g2                                     0x20000178   Data         148  main.o(.bss)
    esp8266_buf                              0x2000060c   Data         256  esp8266.o(.bss)
    __libspace_start                         0x2000070c   Data          96  libspace.o(.bss)
    __temporary_stack_top$libspace           0x2000076c   Data           0  libspace.o(.bss)



==============================================================================

Memory Map of the image

  Image Entry point : 0x080000ed

  Load Region LR_IROM1 (Base: 0x08000000, Size: 0x0000c4e4, Max: 0x00010000, ABSOLUTE, COMPRESSED[0x0000c448])

    Execution Region ER_IROM1 (Exec base: 0x08000000, Load base: 0x08000000, Size: 0x0000c3b0, Max: 0x00010000, ABSOLUTE)

    Exec Addr    Load Addr    Size         Type   Attr      Idx    E Section Name        Object

    0x08000000   0x08000000   0x000000ec   Data   RO            3    RESET               startup_stm32f10x_md.o
    0x080000ec   0x080000ec   0x00000008   Code   RO         7409  * !!!main             c_w.l(__main.o)
    0x080000f4   0x080000f4   0x00000034   Code   RO         7776    !!!scatter          c_w.l(__scatter.o)
    0x08000128   0x08000128   0x0000005a   Code   RO         7774    !!dczerorl2         c_w.l(__dczerorl2.o)
    0x08000182   0x08000182   0x00000002   PAD
    0x08000184   0x08000184   0x0000001c   Code   RO         7778    !!handler_zi        c_w.l(__scatter_zi.o)
    0x080001a0   0x080001a0   0x00000000   Code   RO         7384    .ARM.Collect$$_printf_percent$$00000000  c_w.l(_printf_percent.o)
    0x080001a0   0x080001a0   0x00000006   Code   RO         7381    .ARM.Collect$$_printf_percent$$00000009  c_w.l(_printf_d.o)
    0x080001a6   0x080001a6   0x00000004   Code   RO         7500    .ARM.Collect$$_printf_percent$$00000017  c_w.l(_printf_percent_end.o)
    0x080001aa   0x080001aa   0x00000002   Code   RO         7709    .ARM.Collect$$libinit$$00000000  c_w.l(libinit.o)
    0x080001ac   0x080001ac   0x00000000   Code   RO         7506    .ARM.Collect$$libinit$$00000002  c_w.l(libinit2.o)
    0x080001ac   0x080001ac   0x00000000   Code   RO         7508    .ARM.Collect$$libinit$$00000004  c_w.l(libinit2.o)
    0x080001ac   0x080001ac   0x00000008   Code   RO         7509    .ARM.Collect$$libinit$$00000005  c_w.l(libinit2.o)
    0x080001b4   0x080001b4   0x00000000   Code   RO         7511    .ARM.Collect$$libinit$$0000000A  c_w.l(libinit2.o)
    0x080001b4   0x080001b4   0x00000000   Code   RO         7513    .ARM.Collect$$libinit$$0000000C  c_w.l(libinit2.o)
    0x080001b4   0x080001b4   0x00000000   Code   RO         7515    .ARM.Collect$$libinit$$0000000E  c_w.l(libinit2.o)
    0x080001b4   0x080001b4   0x00000006   Code   RO         7516    .ARM.Collect$$libinit$$0000000F  c_w.l(libinit2.o)
    0x080001ba   0x080001ba   0x00000000   Code   RO         7518    .ARM.Collect$$libinit$$00000011  c_w.l(libinit2.o)
    0x080001ba   0x080001ba   0x0000000c   Code   RO         7519    .ARM.Collect$$libinit$$00000012  c_w.l(libinit2.o)
    0x080001c6   0x080001c6   0x00000000   Code   RO         7520    .ARM.Collect$$libinit$$00000013  c_w.l(libinit2.o)
    0x080001c6   0x080001c6   0x00000000   Code   RO         7522    .ARM.Collect$$libinit$$00000015  c_w.l(libinit2.o)
    0x080001c6   0x080001c6   0x00000000   Code   RO         7524    .ARM.Collect$$libinit$$00000017  c_w.l(libinit2.o)
    0x080001c6   0x080001c6   0x00000000   Code   RO         7526    .ARM.Collect$$libinit$$00000019  c_w.l(libinit2.o)
    0x080001c6   0x080001c6   0x00000000   Code   RO         7528    .ARM.Collect$$libinit$$0000001B  c_w.l(libinit2.o)
    0x080001c6   0x080001c6   0x00000000   Code   RO         7530    .ARM.Collect$$libinit$$0000001D  c_w.l(libinit2.o)
    0x080001c6   0x080001c6   0x00000000   Code   RO         7532    .ARM.Collect$$libinit$$0000001F  c_w.l(libinit2.o)
    0x080001c6   0x080001c6   0x00000000   Code   RO         7534    .ARM.Collect$$libinit$$00000021  c_w.l(libinit2.o)
    0x080001c6   0x080001c6   0x00000000   Code   RO         7536    .ARM.Collect$$libinit$$00000023  c_w.l(libinit2.o)
    0x080001c6   0x080001c6   0x00000000   Code   RO         7538    .ARM.Collect$$libinit$$00000025  c_w.l(libinit2.o)
    0x080001c6   0x080001c6   0x00000000   Code   RO         7542    .ARM.Collect$$libinit$$0000002C  c_w.l(libinit2.o)
    0x080001c6   0x080001c6   0x00000000   Code   RO         7544    .ARM.Collect$$libinit$$0000002E  c_w.l(libinit2.o)
    0x080001c6   0x080001c6   0x00000000   Code   RO         7546    .ARM.Collect$$libinit$$00000030  c_w.l(libinit2.o)
    0x080001c6   0x080001c6   0x00000000   Code   RO         7548    .ARM.Collect$$libinit$$00000032  c_w.l(libinit2.o)
    0x080001c6   0x080001c6   0x00000002   Code   RO         7549    .ARM.Collect$$libinit$$00000033  c_w.l(libinit2.o)
    0x080001c8   0x080001c8   0x00000002   Code   RO         7771    .ARM.Collect$$libshutdown$$00000000  c_w.l(libshutdown.o)
    0x080001ca   0x080001ca   0x00000000   Code   RO         7725    .ARM.Collect$$libshutdown$$00000002  c_w.l(libshutdown2.o)
    0x080001ca   0x080001ca   0x00000000   Code   RO         7727    .ARM.Collect$$libshutdown$$00000004  c_w.l(libshutdown2.o)
    0x080001ca   0x080001ca   0x00000000   Code   RO         7730    .ARM.Collect$$libshutdown$$00000007  c_w.l(libshutdown2.o)
    0x080001ca   0x080001ca   0x00000000   Code   RO         7733    .ARM.Collect$$libshutdown$$0000000A  c_w.l(libshutdown2.o)
    0x080001ca   0x080001ca   0x00000000   Code   RO         7735    .ARM.Collect$$libshutdown$$0000000C  c_w.l(libshutdown2.o)
    0x080001ca   0x080001ca   0x00000000   Code   RO         7738    .ARM.Collect$$libshutdown$$0000000F  c_w.l(libshutdown2.o)
    0x080001ca   0x080001ca   0x00000002   Code   RO         7739    .ARM.Collect$$libshutdown$$00000010  c_w.l(libshutdown2.o)
    0x080001cc   0x080001cc   0x00000000   Code   RO         7455    .ARM.Collect$$rtentry$$00000000  c_w.l(__rtentry.o)
    0x080001cc   0x080001cc   0x00000000   Code   RO         7598    .ARM.Collect$$rtentry$$00000002  c_w.l(__rtentry2.o)
    0x080001cc   0x080001cc   0x00000006   Code   RO         7610    .ARM.Collect$$rtentry$$00000004  c_w.l(__rtentry4.o)
    0x080001d2   0x080001d2   0x00000000   Code   RO         7600    .ARM.Collect$$rtentry$$00000009  c_w.l(__rtentry2.o)
    0x080001d2   0x080001d2   0x00000004   Code   RO         7601    .ARM.Collect$$rtentry$$0000000A  c_w.l(__rtentry2.o)
    0x080001d6   0x080001d6   0x00000000   Code   RO         7603    .ARM.Collect$$rtentry$$0000000C  c_w.l(__rtentry2.o)
    0x080001d6   0x080001d6   0x00000008   Code   RO         7604    .ARM.Collect$$rtentry$$0000000D  c_w.l(__rtentry2.o)
    0x080001de   0x080001de   0x00000002   Code   RO         7714    .ARM.Collect$$rtexit$$00000000  c_w.l(rtexit.o)
    0x080001e0   0x080001e0   0x00000000   Code   RO         7745    .ARM.Collect$$rtexit$$00000002  c_w.l(rtexit2.o)
    0x080001e0   0x080001e0   0x00000004   Code   RO         7746    .ARM.Collect$$rtexit$$00000003  c_w.l(rtexit2.o)
    0x080001e4   0x080001e4   0x00000006   Code   RO         7747    .ARM.Collect$$rtexit$$00000004  c_w.l(rtexit2.o)
    0x080001ea   0x080001ea   0x00000002   PAD
    0x080001ec   0x080001ec   0x00000000   Code   RO         7619    .emb_text           c_w.l(maybetermalloc1.o)
    0x080001ec   0x080001ec   0x00000040   Code   RO            4    .text               startup_stm32f10x_md.o
    0x0800022c   0x0800022c   0x0000005e   Code   RO         7266    .text               c_w.l(h1_alloc.o)
    0x0800028a   0x0800028a   0x0000004e   Code   RO         7268    .text               c_w.l(h1_free.o)
    0x080002d8   0x080002d8   0x0000001a   Code   RO         7324    .text               c_w.l(tolower.o)
    0x080002f2   0x080002f2   0x00000002   PAD
    0x080002f4   0x080002f4   0x00000028   Code   RO         7328    .text               c_w.l(noretval__2sprintf.o)
    0x0800031c   0x0800031c   0x0000004e   Code   RO         7332    .text               c_w.l(_printf_pad.o)
    0x0800036a   0x0800036a   0x00000002   PAD
    0x0800036c   0x0800036c   0x00000078   Code   RO         7336    .text               c_w.l(_printf_dec.o)
    0x080003e4   0x080003e4   0x00000138   Code   RO         7371    .text               c_w.l(__printf_flags_wp.o)
    0x0800051c   0x0800051c   0x0000001a   Code   RO         7385    .text               c_w.l(atoi.o)
    0x08000536   0x08000536   0x00000014   Code   RO         7387    .text               c_w.l(strchr.o)
    0x0800054a   0x0800054a   0x00000024   Code   RO         7389    .text               c_w.l(strncat.o)
    0x0800056e   0x0800056e   0x00000024   Code   RO         7391    .text               c_w.l(strstr.o)
    0x08000592   0x08000592   0x00000048   Code   RO         7393    .text               c_w.l(strcpy.o)
    0x080005da   0x080005da   0x0000003e   Code   RO         7395    .text               c_w.l(strlen.o)
    0x08000618   0x08000618   0x00000096   Code   RO         7397    .text               c_w.l(strncmp.o)
    0x080006ae   0x080006ae   0x0000008a   Code   RO         7399    .text               c_w.l(rt_memcpy_v6.o)
    0x08000738   0x08000738   0x00000064   Code   RO         7401    .text               c_w.l(rt_memcpy_w.o)
    0x0800079c   0x0800079c   0x00000044   Code   RO         7403    .text               c_w.l(rt_memclr.o)
    0x080007e0   0x080007e0   0x0000004e   Code   RO         7405    .text               c_w.l(rt_memclr_w.o)
    0x0800082e   0x0800082e   0x00000006   Code   RO         7407    .text               c_w.l(heapauxi.o)
    0x08000834   0x08000834   0x00000010   Code   RO         7456    .text               c_w.l(rt_ctype_table.o)
    0x08000844   0x08000844   0x00000008   Code   RO         7461    .text               c_w.l(rt_heap_descriptor_intlibspace.o)
    0x0800084c   0x0800084c   0x00000008   Code   RO         7466    .text               c_w.l(rt_errno_addr_intlibspace.o)
    0x08000854   0x08000854   0x00000004   Code   RO         7468    .text               c_w.l(hguard.o)
    0x08000858   0x08000858   0x0000008a   Code   RO         7470    .text               c_w.l(init_alloc.o)
    0x080008e2   0x080008e2   0x0000000e   Code   RO         7474    .text               c_w.l(h1_init.o)
    0x080008f0   0x080008f0   0x00000016   Code   RO         7488    .text               c_w.l(_rserrno.o)
    0x08000906   0x08000906   0x000000b2   Code   RO         7490    .text               c_w.l(_printf_intcommon.o)
    0x080009b8   0x080009b8   0x00000030   Code   RO         7494    .text               c_w.l(_printf_char_common.o)
    0x080009e8   0x080009e8   0x0000000a   Code   RO         7496    .text               c_w.l(_sputc.o)
    0x080009f2   0x080009f2   0x00000070   Code   RO         7501    .text               c_w.l(strtol.o)
    0x08000a62   0x08000a62   0x00000002   PAD
    0x08000a64   0x08000a64   0x00000008   Code   RO         7594    .text               c_w.l(libspace.o)
    0x08000a6c   0x08000a6c   0x00000008   Code   RO         7615    .text               c_w.l(rt_locale_intlibspace.o)
    0x08000a74   0x08000a74   0x00000034   Code   RO         7621    .text               c_w.l(h1_extend.o)
    0x08000aa8   0x08000aa8   0x0000009e   Code   RO         7631    .text               c_w.l(_strtoul.o)
    0x08000b46   0x08000b46   0x0000000e   Code   RO         7664    .text               c_w.l(defsig_rtmem_outer.o)
    0x08000b54   0x08000b54   0x00000002   Code   RO         7681    .text               c_w.l(use_no_semi.o)
    0x08000b56   0x08000b56   0x00000000   Code   RO         7683    .text               c_w.l(indicate_semi.o)
    0x08000b56   0x08000b56   0x0000004a   Code   RO         7684    .text               c_w.l(sys_stackheap_outer.o)
    0x08000ba0   0x08000ba0   0x0000001c   Code   RO         7690    .text               c_w.l(_chval.o)
    0x08000bbc   0x08000bbc   0x00000012   Code   RO         7692    .text               c_w.l(exit.o)
    0x08000bce   0x08000bce   0x0000000a   Code   RO         7694    .text               c_w.l(defsig_exit.o)
    0x08000bd8   0x08000bd8   0x00000050   Code   RO         7696    .text               c_w.l(defsig_rtmem_inner.o)
    0x08000c28   0x08000c28   0x00000080   Code   RO         7698    .text               c_w.l(strcmpv7m.o)
    0x08000ca8   0x08000ca8   0x0000000c   Code   RO         7712    .text               c_w.l(sys_exit.o)
    0x08000cb4   0x08000cb4   0x00000032   Code   RO         7722    .text               c_w.l(defsig_general.o)
    0x08000ce6   0x08000ce6   0x0000000e   Code   RO         7742    .text               c_w.l(sys_wrch.o)
    0x08000cf4   0x08000cf4   0x00000016   Code   RO          202    i.ADC_Cmd           stm32f10x_adc.o
    0x08000d0a   0x08000d0a   0x00000014   Code   RO          210    i.ADC_GetCalibrationStatus  stm32f10x_adc.o
    0x08000d1e   0x08000d1e   0x00000008   Code   RO          211    i.ADC_GetConversionValue  stm32f10x_adc.o
    0x08000d26   0x08000d26   0x00000012   Code   RO          213    i.ADC_GetFlagStatus  stm32f10x_adc.o
    0x08000d38   0x08000d38   0x00000014   Code   RO          216    i.ADC_GetResetCalibrationStatus  stm32f10x_adc.o
    0x08000d4c   0x08000d4c   0x00000050   Code   RO          220    i.ADC_Init          stm32f10x_adc.o
    0x08000d9c   0x08000d9c   0x000000b8   Code   RO          224    i.ADC_RegularChannelConfig  stm32f10x_adc.o
    0x08000e54   0x08000e54   0x0000000a   Code   RO          225    i.ADC_ResetCalibration  stm32f10x_adc.o
    0x08000e5e   0x08000e5e   0x00000016   Code   RO          227    i.ADC_SoftwareStartConvCmd  stm32f10x_adc.o
    0x08000e74   0x08000e74   0x0000000a   Code   RO          229    i.ADC_StartCalibration  stm32f10x_adc.o
    0x08000e7e   0x08000e7e   0x00000002   PAD
    0x08000e80   0x08000e80   0x00000034   Code   RO         3512    i.AD_GetValue       ad.o
    0x08000eb4   0x08000eb4   0x00000094   Code   RO         3513    i.AD_Init           ad.o
    0x08000f48   0x08000f48   0x000000c4   Code   RO         3365    i.AD_Key_GetNum     key.o
    0x0800100c   0x0800100c   0x00000090   Code   RO         3772    i.ALL_Init          main.o
    0x0800109c   0x0800109c   0x0000002c   Code   RO         3281    i.Beep_Init         led.o
    0x080010c8   0x080010c8   0x00000014   Code   RO         3282    i.Beep_OFF          led.o
    0x080010dc   0x080010dc   0x0000002c   Code   RO         3284    i.Beep_Turn         led.o
    0x08001108   0x08001108   0x00000004   Code   RO         3838    i.BusFault_Handler  stm32f10x_it.o
    0x0800110c   0x0800110c   0x000002c8   Code   RO         3565    i.DATA_Menu         menu.o
    0x080013d4   0x080013d4   0x0000005c   Code   RO         3724    i.DHT11_Check       dht11.o
    0x08001430   0x08001430   0x00000020   Code   RO         3725    i.DHT11_IO_IN       dht11.o
    0x08001450   0x08001450   0x00000024   Code   RO         3726    i.DHT11_IO_OUT      dht11.o
    0x08001474   0x08001474   0x0000005c   Code   RO         3727    i.DHT11_Read_Bit    dht11.o
    0x080014d0   0x080014d0   0x0000001e   Code   RO         3728    i.DHT11_Read_Byte   dht11.o
    0x080014ee   0x080014ee   0x00000070   Code   RO         3729    i.DHT11_Read_Data   dht11.o
    0x0800155e   0x0800155e   0x00000002   Code   RO         3839    i.DebugMon_Handler  stm32f10x_it.o
    0x08001560   0x08001560   0x00000018   Code   RO         3196    i.Delay_ms          delay.o
    0x08001578   0x08001578   0x0000002e   Code   RO         3198    i.Delay_us          delay.o
    0x080015a6   0x080015a6   0x00000002   PAD
    0x080015a8   0x080015a8   0x0000003c   Code   RO         3730    i.Drv_Dht11_Start   dht11.o
    0x080015e4   0x080015e4   0x0000001c   Code   RO         6972    i.ESP8266_Clear     esp8266.o
    0x08001600   0x08001600   0x00000050   Code   RO         6973    i.ESP8266_GetIPD    esp8266.o
    0x08001650   0x08001650   0x00000228   Code   RO         6974    i.ESP8266_Init      esp8266.o
    0x08001878   0x08001878   0x00000054   Code   RO         6975    i.ESP8266_SendCmd   esp8266.o
    0x080018cc   0x080018cc   0x00000048   Code   RO         6976    i.ESP8266_SendData  esp8266.o
    0x08001914   0x08001914   0x00000034   Code   RO         6977    i.ESP8266_WaitRecive  esp8266.o
    0x08001948   0x08001948   0x00000116   Code   RO         1347    i.GPIO_Init         stm32f10x_gpio.o
    0x08001a5e   0x08001a5e   0x00000012   Code   RO         1351    i.GPIO_ReadInputDataBit  stm32f10x_gpio.o
    0x08001a70   0x08001a70   0x00000012   Code   RO         1353    i.GPIO_ReadOutputDataBit  stm32f10x_gpio.o
    0x08001a82   0x08001a82   0x00000004   Code   RO         1354    i.GPIO_ResetBits    stm32f10x_gpio.o
    0x08001a86   0x08001a86   0x00000004   Code   RO         1355    i.GPIO_SetBits      stm32f10x_gpio.o
    0x08001a8a   0x08001a8a   0x0000000a   Code   RO         1358    i.GPIO_WriteBit     stm32f10x_gpio.o
    0x08001a94   0x08001a94   0x000002c4   Code   RO         3566    i.Game_Menu         menu.o
    0x08001d58   0x08001d58   0x00000004   Code   RO         3840    i.HardFault_Handler  stm32f10x_it.o
    0x08001d5c   0x08001d5c   0x00000038   Code   RO         3773    i.Hardware_Init     main.o
    0x08001d94   0x08001d94   0x0000002a   Code   RO         1461    i.I2C_CheckEvent    stm32f10x_i2c.o
    0x08001dbe   0x08001dbe   0x00000018   Code   RO         1464    i.I2C_Cmd           stm32f10x_i2c.o
    0x08001dd6   0x08001dd6   0x00000002   PAD
    0x08001dd8   0x08001dd8   0x0000004c   Code   RO         5873    i.I2C_Config        u8x8_byte.o
    0x08001e24   0x08001e24   0x00000018   Code   RO         1471    i.I2C_GenerateSTART  stm32f10x_i2c.o
    0x08001e3c   0x08001e3c   0x00000018   Code   RO         1472    i.I2C_GenerateSTOP  stm32f10x_i2c.o
    0x08001e54   0x08001e54   0x0000003a   Code   RO         1473    i.I2C_GetFlagStatus  stm32f10x_i2c.o
    0x08001e8e   0x08001e8e   0x00000002   PAD
    0x08001e90   0x08001e90   0x000000ec   Code   RO         1478    i.I2C_Init          stm32f10x_i2c.o
    0x08001f7c   0x08001f7c   0x00000012   Code   RO         1485    i.I2C_Send7bitAddress  stm32f10x_i2c.o
    0x08001f8e   0x08001f8e   0x00000004   Code   RO         1486    i.I2C_SendData      stm32f10x_i2c.o
    0x08001f92   0x08001f92   0x00000002   PAD
    0x08001f94   0x08001f94   0x0000005c   Code   RO         3366    i.Key_GetNum        key.o
    0x08001ff0   0x08001ff0   0x0000002c   Code   RO         3367    i.Key_Init          key.o
    0x0800201c   0x0800201c   0x00000010   Code   RO         3285    i.LED1_OFF          led.o
    0x0800202c   0x0800202c   0x00000010   Code   RO         3286    i.LED1_ON           led.o
    0x0800203c   0x0800203c   0x00000018   Code   RO         3287    i.LED1_ReadData     led.o
    0x08002054   0x08002054   0x00000010   Code   RO         3289    i.LED2_OFF          led.o
    0x08002064   0x08002064   0x00000010   Code   RO         3290    i.LED2_ON           led.o
    0x08002074   0x08002074   0x00000018   Code   RO         3291    i.LED2_ReadData     led.o
    0x0800208c   0x0800208c   0x0000003c   Code   RO         3293    i.LED_Init          led.o
    0x080020c8   0x080020c8   0x0000001c   Code   RO         7028    i.MQTT_DeleteBuffer  mqttkit.o
    0x080020e4   0x080020e4   0x0000002e   Code   RO         7029    i.MQTT_DumpLength   mqttkit.o
    0x08002112   0x08002112   0x00000058   Code   RO         7030    i.MQTT_NewBuffer    mqttkit.o
    0x0800216a   0x0800216a   0x00000002   PAD
    0x0800216c   0x0800216c   0x000002a0   Code   RO         7032    i.MQTT_PacketConnect  mqttkit.o
    0x0800240c   0x0800240c   0x000001b8   Code   RO         7035    i.MQTT_PacketPublish  mqttkit.o
    0x080025c4   0x080025c4   0x000000fe   Code   RO         7042    i.MQTT_PacketSubscribe  mqttkit.o
    0x080026c2   0x080026c2   0x00000046   Code   RO         7044    i.MQTT_ReadLength   mqttkit.o
    0x08002708   0x08002708   0x0000001e   Code   RO         7046    i.MQTT_UnPacketConnectAck  mqttkit.o
    0x08002726   0x08002726   0x00000002   PAD
    0x08002728   0x08002728   0x000001c0   Code   RO         7047    i.MQTT_UnPacketPublish  mqttkit.o
    0x080028e8   0x080028e8   0x00000074   Code   RO         7052    i.MQTT_UnPacketRecv  mqttkit.o
    0x0800295c   0x0800295c   0x00000004   Code   RO         3841    i.MemManage_Handler  stm32f10x_it.o
    0x08002960   0x08002960   0x00000160   Code   RO         3567    i.Menu_To_OnePage_Display  menu.o
    0x08002ac0   0x08002ac0   0x00000002   Code   RO         3842    i.NMI_Handler       stm32f10x_it.o
    0x08002ac2   0x08002ac2   0x00000002   PAD
    0x08002ac4   0x08002ac4   0x00000070   Code   RO          137    i.NVIC_Init         misc.o
    0x08002b34   0x08002b34   0x00000014   Code   RO          138    i.NVIC_PriorityGroupConfig  misc.o
    0x08002b48   0x08002b48   0x00000030   Code   RO         3774    i.OLED_Display      main.o
    0x08002b78   0x08002b78   0x00000204   Code   RO         7212    i.OneNet_DevLink    onenet.o
    0x08002d7c   0x08002d7c   0x0000004a   Code   RO         7213    i.OneNet_Publish    onenet.o
    0x08002dc6   0x08002dc6   0x00000002   PAD
    0x08002dc8   0x08002dc8   0x00000110   Code   RO         7214    i.OneNet_RevPro     onenet.o
    0x08002ed8   0x08002ed8   0x00000038   Code   RO         7215    i.OneNet_Subscribe  onenet.o
    0x08002f10   0x08002f10   0x00000160   Code   RO         3568    i.OnePage_To_Menu_Display  menu.o
    0x08003070   0x08003070   0x00000104   Code   RO         3569    i.Page_To_Menu_Display  menu.o
    0x08003174   0x08003174   0x00000002   Code   RO         3843    i.PendSV_Handler    stm32f10x_it.o
    0x08003176   0x08003176   0x00000002   PAD
    0x08003178   0x08003178   0x00000018   Code   RO         1773    i.RCC_ADCCLKConfig  stm32f10x_rcc.o
    0x08003190   0x08003190   0x00000020   Code   RO         1775    i.RCC_APB1PeriphClockCmd  stm32f10x_rcc.o
    0x080031b0   0x080031b0   0x00000020   Code   RO         1777    i.RCC_APB2PeriphClockCmd  stm32f10x_rcc.o
    0x080031d0   0x080031d0   0x000000d4   Code   RO         1785    i.RCC_GetClocksFreq  stm32f10x_rcc.o
    0x080032a4   0x080032a4   0x00000290   Code   RO         3570    i.SET_Menu          menu.o
    0x08003534   0x08003534   0x000000d8   Code   RO         3571    i.SET_Sec_ReFresh   menu.o
    0x0800360c   0x0800360c   0x000000b4   Code   RO         3572    i.SET_Speed_ReFresh  menu.o
    0x080036c0   0x080036c0   0x00000002   Code   RO         3844    i.SVC_Handler       stm32f10x_it.o
    0x080036c2   0x080036c2   0x00000002   PAD
    0x080036c4   0x080036c4   0x00000350   Code   RO         3573    i.Sensor_Re_Page    menu.o
    0x08003a14   0x08003a14   0x000002a8   Code   RO         3574    i.Serial_Menu       menu.o
    0x08003cbc   0x08003cbc   0x00000118   Code   RO         3575    i.Sersor_ReFresh    menu.o
    0x08003dd4   0x08003dd4   0x00000008   Code   RO           24    i.SetSysClock       system_stm32f10x.o
    0x08003ddc   0x08003ddc   0x000000e0   Code   RO           25    i.SetSysClockTo72   system_stm32f10x.o
    0x08003ebc   0x08003ebc   0x00000254   Code   RO         3576    i.Show_Menu         menu.o
    0x08004110   0x08004110   0x0000009c   Code   RO         3577    i.Show_Menu_Config  menu.o
    0x080041ac   0x080041ac   0x0000030c   Code   RO         3578    i.Speed_adjust_Page  menu.o
    0x080044b8   0x080044b8   0x00000002   Code   RO         3845    i.SysTick_Handler   stm32f10x_it.o
    0x080044ba   0x080044ba   0x00000002   PAD
    0x080044bc   0x080044bc   0x00000060   Code   RO           27    i.SystemInit        system_stm32f10x.o
    0x0800451c   0x0800451c   0x00000168   Code   RO         3579    i.TIM2_IRQHandler   menu.o
    0x08004684   0x08004684   0x00000006   Code   RO         2415    i.TIM_ClearFlag     stm32f10x_tim.o
    0x0800468a   0x0800468a   0x00000006   Code   RO         2416    i.TIM_ClearITPendingBit  stm32f10x_tim.o
    0x08004690   0x08004690   0x00000018   Code   RO         2421    i.TIM_Cmd           stm32f10x_tim.o
    0x080046a8   0x080046a8   0x00000022   Code   RO         2442    i.TIM_GetITStatus   stm32f10x_tim.o
    0x080046ca   0x080046ca   0x00000012   Code   RO         2446    i.TIM_ITConfig      stm32f10x_tim.o
    0x080046dc   0x080046dc   0x0000000c   Code   RO         2448    i.TIM_InternalClockConfig  stm32f10x_tim.o
    0x080046e8   0x080046e8   0x000000a4   Code   RO         2492    i.TIM_TimeBaseInit  stm32f10x_tim.o
    0x0800478c   0x0800478c   0x0000007e   Code   RO         3220    i.Timer_Init        timer.o
    0x0800480a   0x0800480a   0x00000002   PAD
    0x0800480c   0x0800480c   0x0000004c   Code   RO         6978    i.USART1_IRQHandler  esp8266.o
    0x08004858   0x08004858   0x00000012   Code   RO         2956    i.USART_ClearFlag   stm32f10x_usart.o
    0x0800486a   0x0800486a   0x00000018   Code   RO         2960    i.USART_Cmd         stm32f10x_usart.o
    0x08004882   0x08004882   0x0000001a   Code   RO         2963    i.USART_GetFlagStatus  stm32f10x_usart.o
    0x0800489c   0x0800489c   0x00000054   Code   RO         2964    i.USART_GetITStatus  stm32f10x_usart.o
    0x080048f0   0x080048f0   0x0000004a   Code   RO         2966    i.USART_ITConfig    stm32f10x_usart.o
    0x0800493a   0x0800493a   0x00000002   PAD
    0x0800493c   0x0800493c   0x000000d8   Code   RO         2967    i.USART_Init        stm32f10x_usart.o
    0x08004a14   0x08004a14   0x00000008   Code   RO         2977    i.USART_SendData    stm32f10x_usart.o
    0x08004a1c   0x08004a1c   0x00000004   Code   RO         3846    i.UsageFault_Handler  stm32f10x_it.o
    0x08004a20   0x08004a20   0x000000b0   Code   RO         3232    i.Usart1_Init       usart.o
    0x08004ad0   0x08004ad0   0x00000032   Code   RO         3235    i.Usart_SendString  usart.o
    0x08004b02   0x08004b02   0x00000028   Code   RO         7579    i.__ARM_fpclassify  m_ws.l(fpclassify.o)
    0x08004b2a   0x08004b2a   0x000000aa   Code   RO         7581    i.__kernel_poly     m_ws.l(poly.o)
    0x08004bd4   0x08004bd4   0x00000010   Code   RO         7565    i.__mathlib_dbl_divzero  m_ws.l(dunder.o)
    0x08004be4   0x08004be4   0x00000004   Code   RO         7567    i.__mathlib_dbl_infnan2  m_ws.l(dunder.o)
    0x08004be8   0x08004be8   0x0000000c   Code   RO         7568    i.__mathlib_dbl_invalid  m_ws.l(dunder.o)
    0x08004bf4   0x08004bf4   0x0000000e   Code   RO         7569    i.__mathlib_dbl_overflow  m_ws.l(dunder.o)
    0x08004c02   0x08004c02   0x00000002   PAD
    0x08004c04   0x08004c04   0x00000010   Code   RO         7571    i.__mathlib_dbl_underflow  m_ws.l(dunder.o)
    0x08004c14   0x08004c14   0x0000000e   Code   RO         7369    i._is_digit         c_w.l(__printf_wp.o)
    0x08004c22   0x08004c22   0x00000002   PAD
    0x08004c24   0x08004c24   0x00000058   Code   RO         6633    i.cJSON_Delete      cjson.o
    0x08004c7c   0x08004c7c   0x0000001e   Code   RO         6642    i.cJSON_GetObjectItem  cjson.o
    0x08004c9a   0x08004c9a   0x00000002   PAD
    0x08004c9c   0x08004c9c   0x00000020   Code   RO         6646    i.cJSON_New_Item    cjson.o
    0x08004cbc   0x08004cbc   0x00000010   Code   RO         6647    i.cJSON_Parse       cjson.o
    0x08004ccc   0x08004ccc   0x00000064   Code   RO         6648    i.cJSON_ParseWithOpts  cjson.o
    0x08004d30   0x08004d30   0x0000004c   Code   RO         6654    i.cJSON_strcasecmp  cjson.o
    0x08004d7c   0x08004d7c   0x000000ec   Code   RO         3775    i.draw              main.o
    0x08004e68   0x08004e68   0x0000000c   Code   RO         3580    i.esp_ready         menu.o
    0x08004e74   0x08004e74   0x00000010   Code   RO         3776    i.main              main.o
    0x08004e84   0x08004e84   0x000000ac   Code   RO         6658    i.parse_array       cjson.o
    0x08004f30   0x08004f30   0x00000114   Code   RO         6659    i.parse_hex4        cjson.o
    0x08005044   0x08005044   0x000001bc   Code   RO         6660    i.parse_number      cjson.o
    0x08005200   0x08005200   0x00000114   Code   RO         6661    i.parse_object      cjson.o
    0x08005314   0x08005314   0x000001cc   Code   RO         6662    i.parse_string      cjson.o
    0x080054e0   0x080054e0   0x000000bc   Code   RO         6663    i.parse_value       cjson.o
    0x0800559c   0x0800559c   0x000009d8   Code   RO         7444    i.pow               m_ws.l(pow.o)
    0x08005f74   0x08005f74   0x00000012   Code   RO         6671    i.skip              cjson.o
    0x08005f86   0x08005f86   0x0000004c   Code   RO         7585    i.sqrt              m_ws.l(sqrt.o)
    0x08005fd2   0x08005fd2   0x0000001a   Code   RO         4615    i.u8g2_ClearBuffer  u8g2_buffer.o
    0x08005fec   0x08005fec   0x00000034   Code   RO         3777    i.u8g2_Config       main.o
    0x08006020   0x08006020   0x0000008a   Code   RO         4586    i.u8g2_DrawFrame    u8g2_box.o
    0x080060aa   0x080060aa   0x00000062   Code   RO         4840    i.u8g2_DrawGlyph    u8g2_font.o
    0x0800610c   0x0800610c   0x0000001c   Code   RO         5177    i.u8g2_DrawHLine    u8g2_hvline.o
    0x08006128   0x08006128   0x000000dc   Code   RO         5178    i.u8g2_DrawHVLine   u8g2_hvline.o
    0x08006204   0x08006204   0x0000009a   Code   RO         4538    i.u8g2_DrawHXBM     u8g2_bitmap.o
    0x0800629e   0x0800629e   0x000000d6   Code   RO         5275    i.u8g2_DrawLine     u8g2_line.o
    0x08006374   0x08006374   0x00000044   Code   RO         5179    i.u8g2_DrawPixel    u8g2_hvline.o
    0x080063b8   0x080063b8   0x00000024   Code   RO         4842    i.u8g2_DrawStr      u8g2_font.o
    0x080063dc   0x080063dc   0x0000001c   Code   RO         5180    i.u8g2_DrawVLine    u8g2_hvline.o
    0x080063f8   0x080063f8   0x00000058   Code   RO         4541    i.u8g2_DrawXBM      u8g2_bitmap.o
    0x08006450   0x08006450   0x0000003a   Code   RO         5239    i.u8g2_IsIntersection  u8g2_intersection.o
    0x0800648a   0x0800648a   0x00000040   Code   RO         4617    i.u8g2_NextPage     u8g2_buffer.o
    0x080064ca   0x080064ca   0x00000012   Code   RO         4618    i.u8g2_SendBuffer   u8g2_buffer.o
    0x080064dc   0x080064dc   0x0000001c   Code   RO         4619    i.u8g2_SetBufferCurrTileRow  u8g2_buffer.o
    0x080064f8   0x080064f8   0x00000020   Code   RO         4859    i.u8g2_SetFont      u8g2_font.o
    0x08006518   0x08006518   0x00000006   Code   RO         4860    i.u8g2_SetFontDirection  u8g2_font.o
    0x0800651e   0x0800651e   0x00000006   Code   RO         4861    i.u8g2_SetFontMode  u8g2_font.o
    0x08006524   0x08006524   0x0000000c   Code   RO         4862    i.u8g2_SetFontPosBaseline  u8g2_font.o
    0x08006530   0x08006530   0x00000020   Code   RO         5454    i.u8g2_SetMaxClipWindow  u8g2_setup.o
    0x08006550   0x08006550   0x0000005a   Code   RO         5455    i.u8g2_SetupBuffer  u8g2_setup.o
    0x080065aa   0x080065aa   0x00000002   PAD
    0x080065ac   0x080065ac   0x00000044   Code   RO         4826    i.u8g2_Setup_ssd1306_i2c_128x64_noname_f  u8g2_d_setup.o
    0x080065f0   0x080065f0   0x00000088   Code   RO         4869    i.u8g2_UpdateRefHeight  u8g2_font.o
    0x08006678   0x08006678   0x0000002a   Code   RO         4870    i.u8g2_add_vector_x  u8g2_font.o
    0x080066a2   0x080066a2   0x0000002a   Code   RO         4871    i.u8g2_add_vector_y  u8g2_font.o
    0x080066cc   0x080066cc   0x0000007a   Code   RO         5457    i.u8g2_apply_clip_window  u8g2_setup.o
    0x08006746   0x08006746   0x0000004c   Code   RO         5182    i.u8g2_clip_intersection2  u8g2_hvline.o
    0x08006792   0x08006792   0x0000002c   Code   RO         5183    i.u8g2_draw_hv_line_2dir  u8g2_hvline.o
    0x080067be   0x080067be   0x0000003c   Code   RO         5458    i.u8g2_draw_l90_mirrorr_r0  u8g2_setup.o
    0x080067fa   0x080067fa   0x00000024   Code   RO         5459    i.u8g2_draw_l90_r0  u8g2_setup.o
    0x0800681e   0x0800681e   0x00000044   Code   RO         5460    i.u8g2_draw_l90_r1  u8g2_setup.o
    0x08006862   0x08006862   0x00000056   Code   RO         5461    i.u8g2_draw_l90_r2  u8g2_setup.o
    0x080068b8   0x080068b8   0x00000050   Code   RO         5462    i.u8g2_draw_l90_r3  u8g2_setup.o
    0x08006908   0x08006908   0x0000003c   Code   RO         5463    i.u8g2_draw_mirror_vertical_r0  u8g2_setup.o
    0x08006944   0x08006944   0x00000090   Code   RO         4872    i.u8g2_draw_string  u8g2_font.o
    0x080069d4   0x080069d4   0x00000006   Code   RO         4879    i.u8g2_font_calc_vref_font  u8g2_font.o
    0x080069da   0x080069da   0x00000024   Code   RO         4881    i.u8g2_font_decode_get_signed_bits  u8g2_font.o
    0x080069fe   0x080069fe   0x00000042   Code   RO         4882    i.u8g2_font_decode_get_unsigned_bits  u8g2_font.o
    0x08006a40   0x08006a40   0x00000182   Code   RO         4883    i.u8g2_font_decode_glyph  u8g2_font.o
    0x08006bc2   0x08006bc2   0x000000b0   Code   RO         4884    i.u8g2_font_decode_len  u8g2_font.o
    0x08006c72   0x08006c72   0x0000003a   Code   RO         4885    i.u8g2_font_draw_glyph  u8g2_font.o
    0x08006cac   0x08006cac   0x00000008   Code   RO         4886    i.u8g2_font_get_byte  u8g2_font.o
    0x08006cb4   0x08006cb4   0x00000092   Code   RO         4887    i.u8g2_font_get_glyph_data  u8g2_font.o
    0x08006d46   0x08006d46   0x00000018   Code   RO         4888    i.u8g2_font_get_word  u8g2_font.o
    0x08006d5e   0x08006d5e   0x00000040   Code   RO         4889    i.u8g2_font_setup_decode  u8g2_font.o
    0x08006d9e   0x08006d9e   0x00000070   Code   RO         4237    i.u8g2_gpio_and_delay_stm32  mui_u8g2.o
    0x08006e0e   0x08006e0e   0x00000030   Code   RO         5240    i.u8g2_is_intersection_decision_tree  u8g2_intersection.o
    0x08006e3e   0x08006e3e   0x000000ee   Code   RO         5288    i.u8g2_ll_hvline_vertical_top_lsb  u8g2_ll_hvline.o
    0x08006f2c   0x08006f2c   0x00000010   Code   RO         4813    i.u8g2_m_16_8_f     u8g2_d_memory.o
    0x08006f3c   0x08006f3c   0x000000e0   Code   RO         4891    i.u8g2_read_font_info  u8g2_font.o
    0x0800701c   0x0800701c   0x00000036   Code   RO         4626    i.u8g2_send_buffer  u8g2_buffer.o
    0x08007052   0x08007052   0x00000036   Code   RO         4627    i.u8g2_send_tile_row  u8g2_buffer.o
    0x08007088   0x08007088   0x00000060   Code   RO         5464    i.u8g2_update_dimension_common  u8g2_setup.o
    0x080070e8   0x080070e8   0x0000000c   Code   RO         5465    i.u8g2_update_dimension_r0  u8g2_setup.o
    0x080070f4   0x080070f4   0x0000001c   Code   RO         5466    i.u8g2_update_dimension_r1  u8g2_setup.o
    0x08007110   0x08007110   0x0000000c   Code   RO         5467    i.u8g2_update_dimension_r2  u8g2_setup.o
    0x0800711c   0x0800711c   0x0000001c   Code   RO         5468    i.u8g2_update_dimension_r3  u8g2_setup.o
    0x08007138   0x08007138   0x00000020   Code   RO         5469    i.u8g2_update_page_win_r0  u8g2_setup.o
    0x08007158   0x08007158   0x00000020   Code   RO         5470    i.u8g2_update_page_win_r1  u8g2_setup.o
    0x08007178   0x08007178   0x0000003c   Code   RO         5471    i.u8g2_update_page_win_r2  u8g2_setup.o
    0x080071b4   0x080071b4   0x0000003c   Code   RO         5472    i.u8g2_update_page_win_r3  u8g2_setup.o
    0x080071f0   0x080071f0   0x00000032   Code   RO         6324    i.u8x8_DrawTile     u8x8_display.o
    0x08007222   0x08007222   0x00000012   Code   RO         6326    i.u8x8_InitDisplay  u8x8_display.o
    0x08007234   0x08007234   0x00000012   Code   RO         6328    i.u8x8_RefreshDisplay  u8x8_display.o
    0x08007246   0x08007246   0x00000014   Code   RO         6331    i.u8x8_SetPowerSave  u8x8_display.o
    0x0800725a   0x0800725a   0x0000002a   Code   RO         6502    i.u8x8_Setup        u8x8_setup.o
    0x08007284   0x08007284   0x0000002c   Code   RO         6503    i.u8x8_SetupDefaults  u8x8_setup.o
    0x080072b0   0x080072b0   0x00000012   Code   RO         6332    i.u8x8_SetupMemory  u8x8_display.o
    0x080072c2   0x080072c2   0x00000012   Code   RO         5753    i.u8x8_ascii_next   u8x8_8x8.o
    0x080072d4   0x080072d4   0x00000012   Code   RO         5889    i.u8x8_byte_EndTransfer  u8x8_byte.o
    0x080072e6   0x080072e6   0x00000010   Code   RO         5890    i.u8x8_byte_SendByte  u8x8_byte.o
    0x080072f6   0x080072f6   0x0000001a   Code   RO         5891    i.u8x8_byte_SendBytes  u8x8_byte.o
    0x08007310   0x08007310   0x00000012   Code   RO         5893    i.u8x8_byte_StartTransfer  u8x8_byte.o
    0x08007322   0x08007322   0x00000002   PAD
    0x08007324   0x08007324   0x00000100   Code   RO         5895    i.u8x8_byte_hw_i2c  u8x8_byte.o
    0x08007424   0x08007424   0x00000012   Code   RO         6036    i.u8x8_cad_EndTransfer  u8x8_cad.o
    0x08007436   0x08007436   0x00000014   Code   RO         6037    i.u8x8_cad_SendArg  u8x8_cad.o
    0x0800744a   0x0800744a   0x00000014   Code   RO         6038    i.u8x8_cad_SendCmd  u8x8_cad.o
    0x0800745e   0x0800745e   0x0000001a   Code   RO         6039    i.u8x8_cad_SendData  u8x8_cad.o
    0x08007478   0x08007478   0x0000007c   Code   RO         6041    i.u8x8_cad_SendSequence  u8x8_cad.o
    0x080074f4   0x080074f4   0x00000012   Code   RO         6042    i.u8x8_cad_StartTransfer  u8x8_cad.o
    0x08007506   0x08007506   0x00000002   PAD
    0x08007508   0x08007508   0x000000d4   Code   RO         6045    i.u8x8_cad_ssd13xx_fast_i2c  u8x8_cad.o
    0x080075dc   0x080075dc   0x00000060   Code   RO         6333    i.u8x8_d_helper_display_init  u8x8_display.o
    0x0800763c   0x0800763c   0x0000000c   Code   RO         6334    i.u8x8_d_helper_display_setup_memory  u8x8_display.o
    0x08007648   0x08007648   0x00000054   Code   RO         6248    i.u8x8_d_ssd1306_128x64_noname  u8x8_d_ssd1306_128x64_noname.o
    0x0800769c   0x0800769c   0x00000104   Code   RO         6250    i.u8x8_d_ssd1306_sh1106_generic  u8x8_d_ssd1306_128x64_noname.o
    0x080077a0   0x080077a0   0x00000008   Code   RO         6505    i.u8x8_dummy_cb     u8x8_setup.o
    0x080077a8   0x080077a8   0x0000001a   Code   RO         6424    i.u8x8_gpio_call    u8x8_gpio.o
    0x080077c2   0x080077c2   0x0000002e   Code   RO         6053    i.u8x8_i2c_data_transfer  u8x8_cad.o
    0x080077f0   0x080077f0   0x00000008   Code   RO         5762    i.u8x8_utf8_init    u8x8_8x8.o
    0x080077f8   0x080077f8   0x00000014   Code   RO         3581    i.ui_left_one_Picture  menu.o
    0x0800780c   0x0800780c   0x00000014   Code   RO         3582    i.ui_right_one_Picture  menu.o
    0x08007820   0x08007820   0x00000038   Code   RO         3583    i.ui_run            menu.o
    0x08007858   0x08007858   0x0000002c   Code   RO         7659    locale$$code        c_w.l(lc_ctype_c.o)
    0x08007884   0x08007884   0x00000150   Code   RO         7411    x$fpl$dadd          fz_ws.l(daddsub_clz.o)
    0x080079d4   0x080079d4   0x00000010   Code   RO         7673    x$fpl$dcheck1       fz_ws.l(dcheck1.o)
    0x080079e4   0x080079e4   0x00000018   Code   RO         7550    x$fpl$dcmpinf       fz_ws.l(dcmpi.o)
    0x080079fc   0x080079fc   0x000002b0   Code   RO         7553    x$fpl$ddiv          fz_ws.l(ddiv.o)
    0x08007cac   0x08007cac   0x0000005e   Code   RO         7419    x$fpl$dfix          fz_ws.l(dfix.o)
    0x08007d0a   0x08007d0a   0x0000002e   Code   RO         7424    x$fpl$dflt          fz_ws.l(dflt_clz.o)
    0x08007d38   0x08007d38   0x00000078   Code   RO         7429    x$fpl$dleqf         fz_ws.l(dleqf.o)
    0x08007db0   0x08007db0   0x00000154   Code   RO         7431    x$fpl$dmul          fz_ws.l(dmul.o)
    0x08007f04   0x08007f04   0x0000009c   Code   RO         7556    x$fpl$dnaninf       fz_ws.l(dnaninf.o)
    0x08007fa0   0x08007fa0   0x0000000c   Code   RO         7558    x$fpl$dretinf       fz_ws.l(dretinf.o)
    0x08007fac   0x08007fac   0x0000006c   Code   RO         7433    x$fpl$drleqf        fz_ws.l(drleqf.o)
    0x08008018   0x08008018   0x00000016   Code   RO         7412    x$fpl$drsb          fz_ws.l(daddsub_clz.o)
    0x0800802e   0x0800802e   0x00000002   PAD
    0x08008030   0x08008030   0x000001cc   Code   RO         7675    x$fpl$dsqrt         fz_ws.l(dsqrt_noumaal.o)
    0x080081fc   0x080081fc   0x000001d4   Code   RO         7413    x$fpl$dsub          fz_ws.l(daddsub_clz.o)
    0x080083d0   0x080083d0   0x00000064   Code   RO         7710    x$fpl$retnan        fz_ws.l(retnan.o)
    0x08008434   0x08008434   0x0000005c   Code   RO         7562    x$fpl$scalbn        fz_ws.l(scalbn.o)
    0x08008490   0x08008490   0x00000030   Code   RO         7740    x$fpl$trapveneer    fz_ws.l(trapv.o)
    0x080084c0   0x080084c0   0x00000000   Code   RO         7564    x$fpl$usenofp       fz_ws.l(usenofp.o)
    0x080084c0   0x080084c0   0x000006f6   Data   RO         3585    .constdata          menu.o
    0x08008bb6   0x08008bb6   0x00000002   PAD
    0x08008bb8   0x08008bb8   0x00000004   Data   RO         3779    .constdata          main.o
    0x08008bbc   0x08008bbc   0x000032ea   Data   RO         5164    .constdata          u8g2_fonts.o
    0x0800bea6   0x0800bea6   0x00000002   PAD
    0x0800bea8   0x0800bea8   0x00000048   Data   RO         5473    .constdata          u8g2_setup.o
    0x0800bef0   0x0800bef0   0x00000158   Data   RO         6252    .constdata          u8x8_d_ssd1306_128x64_noname.o
    0x0800c048   0x0800c048   0x00000007   Data   RO         6674    .constdata          cjson.o
    0x0800c04f   0x0800c04f   0x00000011   Data   RO         7372    .constdata          c_w.l(__printf_flags_wp.o)
    0x0800c060   0x0800c060   0x00000088   Data   RO         7445    .constdata          m_ws.l(pow.o)
    0x0800c0e8   0x0800c0e8   0x00000008   Data   RO         7583    .constdata          m_ws.l(qnan.o)
    0x0800c0f0   0x0800c0f0   0x00000187   Data   RO         3586    .conststring        menu.o
    0x0800c277   0x0800c277   0x00000001   PAD
    0x0800c278   0x0800c278   0x00000007   Data   RO         3780    .conststring        main.o
    0x0800c27f   0x0800c27f   0x00000001   PAD
    0x0800c280   0x0800c280   0x00000020   Data   RO         7772    Region$$Table       anon$$obj.o
    0x0800c2a0   0x0800c2a0   0x00000110   Data   RO         7658    locale$$data        c_w.l(lc_ctype_c.o)


    Execution Region RW_IRAM1 (Exec base: 0x20000000, Load base: 0x0800c3b0, Size: 0x00000d70, Max: 0x00005000, ABSOLUTE, COMPRESSED[0x00000098])

    Exec Addr    Load Addr    Size         Type   Attr      Idx    E Section Name        Object

    0x20000000   COMPRESSED   0x00000014   Data   RW         1805    .data               stm32f10x_rcc.o
    0x20000014   COMPRESSED   0x00000004   Data   RW         3368    .data               key.o
    0x20000018   COMPRESSED   0x00000101   Data   RW         3587    .data               menu.o
    0x20000119   COMPRESSED   0x00000001   Data   RW         3781    .data               main.o
    0x2000011a   COMPRESSED   0x00000006   Data   RW         6055    .data               u8x8_cad.o
    0x20000120   COMPRESSED   0x0000000c   Data   RW         6675    .data               cjson.o
    0x2000012c   COMPRESSED   0x00000004   Data   RW         6980    .data               esp8266.o
    0x20000130   COMPRESSED   0x00000002   Data   RW         7216    .data               onenet.o
    0x20000132   COMPRESSED   0x00000002   PAD
    0x20000134        -       0x00000041   Zero   RW         3584    .bss                menu.o
    0x20000175   COMPRESSED   0x00000003   PAD
    0x20000178        -       0x00000094   Zero   RW         3778    .bss                main.o
    0x2000020c        -       0x00000400   Zero   RW         4814    .bss                u8g2_d_memory.o
    0x2000060c        -       0x00000100   Zero   RW         6979    .bss                esp8266.o
    0x2000070c        -       0x00000060   Zero   RW         7595    .bss                c_w.l(libspace.o)
    0x2000076c   COMPRESSED   0x00000004   PAD
    0x20000770        -       0x00000200   Zero   RW            2    HEAP                startup_stm32f10x_md.o
    0x20000970        -       0x00000400   Zero   RW            1    STACK               startup_stm32f10x_md.o


==============================================================================

Image component sizes


      Code (inc. data)   RO Data    RW Data    ZI Data      Debug   Object Name

       200         16          0          0          0       1048   ad.o
      2176         82          7         12          0      11053   cjson.o
         0          0          0          0          0       4500   core_cm3.o
        70          0          0          0          0        882   delay.o
       454         24          0          0          0       3878   dht11.o
       944        312          0          4        256       4778   esp8266.o
       332         18          0          4          0       1706   key.o
       280         48          0          0          0       4200   led.o
       552        120         11          1        148       2826   main.o
      7244        818       2173        257         65      15451   menu.o
       132         22          0          0          0     213623   misc.o
      2192         26          0          0          0      11167   mqttkit.o
       112          0          0          0          0     159834   mui_u8g2.o
         0          0          0          0          0     159694   my_iic.o
       918        284          0          2          0       6472   onenet.o
        64         26        236          0       1536        796   startup_stm32f10x_md.o
       394         10          0          0          0      17993   stm32f10x_adc.o
       332          0          0          0          0      12737   stm32f10x_gpio.o
       430         14          0          0          0      13966   stm32f10x_i2c.o
        26          0          0          0          0       3530   stm32f10x_it.o
       300         38          0         20          0      13321   stm32f10x_rcc.o
       264         42          0          0          0      24416   stm32f10x_tim.o
       450          6          0          0          0      11683   stm32f10x_usart.o
       328         28          0          0          0      52941   system_stm32f10x.o
       126          0          0          0          0        521   timer.o
       242          0          0          0          0       1847   u8g2_bitmap.o
       138          0          0          0          0        725   u8g2_box.o
       244          0          0          0          0       3645   u8g2_buffer.o
        16          6          0          0       1024        744   u8g2_d_memory.o
        68         14          0          0          0        969   u8g2_d_setup.o
      1748         10          0          0          0      13483   u8g2_font.o
         0          0      13034          0          0        665   u8g2_fonts.o
       464          0          0          0          0       4210   u8g2_hvline.o
       106          0          0          0          0       1427   u8g2_intersection.o
       214          0          0          0          0        972   u8g2_line.o
       238          0          0          0          0       1306   u8g2_ll_hvline.o
       994          0         72          0          0     152985   u8g2_setup.o
        26          0          0          0          0        955   u8x8_8x8.o
       410         22          0          0          0       3761   u8x8_byte.o
       484         10          0          6          0       7632   u8x8_cad.o
       344         26        344          0          0       2967   u8x8_d_ssd1306_128x64_noname.o
       232          0          0          0          0       3942   u8x8_display.o
        26          0          0          0          0        557   u8x8_gpio.o
        94          6          0          0          0       1726   u8x8_setup.o
       226         10          0          0          0       2109   usart.o

    ----------------------------------------------------------------------
     24670       2038      15915        308       3032     959643   Object Totals
         0          0         32          0          0          0   (incl. Generated)
        36          0          6          2          3          0   (incl. Padding)

    ----------------------------------------------------------------------

      Code (inc. data)   RO Data    RW Data    ZI Data      Debug   Library Member Name

        90          0          0          0          0          0   __dczerorl2.o
         8          0          0          0          0         68   __main.o
       312          4         17          0          0         92   __printf_flags_wp.o
        14          0          0          0          0         68   __printf_wp.o
         0          0          0          0          0          0   __rtentry.o
        12          0          0          0          0          0   __rtentry2.o
         6          0          0          0          0          0   __rtentry4.o
        52          8          0          0          0          0   __scatter.o
        28          0          0          0          0          0   __scatter_zi.o
        28          0          0          0          0         68   _chval.o
        48          6          0          0          0         96   _printf_char_common.o
         6          0          0          0          0          0   _printf_d.o
       120         16          0          0          0         92   _printf_dec.o
       178          0          0          0          0         88   _printf_intcommon.o
        78          0          0          0          0        108   _printf_pad.o
         0          0          0          0          0          0   _printf_percent.o
         4          0          0          0          0          0   _printf_percent_end.o
        22          0          0          0          0        100   _rserrno.o
        10          0          0          0          0         68   _sputc.o
       158          0          0          0          0         92   _strtoul.o
        26          0          0          0          0         80   atoi.o
        10          0          0          0          0         68   defsig_exit.o
        50          0          0          0          0         88   defsig_general.o
        80         58          0          0          0         76   defsig_rtmem_inner.o
        14          0          0          0          0         80   defsig_rtmem_outer.o
        18          0          0          0          0         80   exit.o
        94          0          0          0          0         80   h1_alloc.o
        52          0          0          0          0         68   h1_extend.o
        78          0          0          0          0         80   h1_free.o
        14          0          0          0          0         84   h1_init.o
         6          0          0          0          0        152   heapauxi.o
         4          0          0          0          0        136   hguard.o
         0          0          0          0          0          0   indicate_semi.o
       138          0          0          0          0        168   init_alloc.o
        44         10        272          0          0         76   lc_ctype_c.o
         2          0          0          0          0          0   libinit.o
        28          0          0          0          0          0   libinit2.o
         2          0          0          0          0          0   libshutdown.o
         2          0          0          0          0          0   libshutdown2.o
         8          4          0          0         96         68   libspace.o
         0          0          0          0          0          0   maybetermalloc1.o
        40          6          0          0          0         84   noretval__2sprintf.o
        16          4          0          0          0         76   rt_ctype_table.o
         8          4          0          0          0         68   rt_errno_addr_intlibspace.o
         8          4          0          0          0         68   rt_heap_descriptor_intlibspace.o
         8          4          0          0          0         68   rt_locale_intlibspace.o
        68          0          0          0          0         68   rt_memclr.o
        78          0          0          0          0         80   rt_memclr_w.o
       138          0          0          0          0         68   rt_memcpy_v6.o
       100          0          0          0          0         80   rt_memcpy_w.o
         2          0          0          0          0          0   rtexit.o
        10          0          0          0          0          0   rtexit2.o
        20          0          0          0          0         68   strchr.o
       128          0          0          0          0         68   strcmpv7m.o
        72          0          0          0          0         80   strcpy.o
        62          0          0          0          0         76   strlen.o
        36          0          0          0          0         76   strncat.o
       150          0          0          0          0         80   strncmp.o
        36          0          0          0          0         80   strstr.o
       112          0          0          0          0         88   strtol.o
        12          4          0          0          0         68   sys_exit.o
        74          0          0          0          0         80   sys_stackheap_outer.o
        14          0          0          0          0         76   sys_wrch.o
        26          0          0          0          0         76   tolower.o
         2          0          0          0          0         68   use_no_semi.o
       826         16          0          0          0        348   daddsub_clz.o
        16          4          0          0          0         68   dcheck1.o
        24          0          0          0          0         68   dcmpi.o
       688        140          0          0          0        208   ddiv.o
        94          4          0          0          0         92   dfix.o
        46          0          0          0          0         68   dflt_clz.o
       120          4          0          0          0         92   dleqf.o
       340         12          0          0          0        104   dmul.o
       156          4          0          0          0         92   dnaninf.o
        12          0          0          0          0         68   dretinf.o
       108          0          0          0          0         80   drleqf.o
       460         56          0          0          0        120   dsqrt_noumaal.o
       100          0          0          0          0         68   retnan.o
        92          0          0          0          0         68   scalbn.o
        48          0          0          0          0         68   trapv.o
         0          0          0          0          0          0   usenofp.o
        62         10          0          0          0        340   dunder.o
        40          0          0          0          0         68   fpclassify.o
       170          0          0          0          0         96   poly.o
      2520        190        136          0          0        324   pow.o
         0          0          8          0          0          0   qnan.o
        76          0          0          0          0         84   sqrt.o

    ----------------------------------------------------------------------
      9078        572        433          0        100       6492   Library Totals
        16          0          0          0          4          0   (incl. Padding)

    ----------------------------------------------------------------------

      Code (inc. data)   RO Data    RW Data    ZI Data      Debug   Library Name

      3064        132        289          0         96       3968   c_w.l
      3130        240          0          0          0       1612   fz_ws.l
      2868        200        144          0          0        912   m_ws.l

    ----------------------------------------------------------------------
      9078        572        433          0        100       6492   Library Totals

    ----------------------------------------------------------------------

==============================================================================


      Code (inc. data)   RO Data    RW Data    ZI Data      Debug   

     33748       2610      16348        308       3132     950583   Grand Totals
     33748       2610      16348        152       3132     950583   ELF Image Totals (compressed)
     33748       2610      16348        152          0          0   ROM Totals

==============================================================================

    Total RO  Size (Code + RO Data)                50096 (  48.92kB)
    Total RW  Size (RW Data + ZI Data)              3440 (   3.36kB)
    Total ROM Size (Code + RO Data + RW Data)      50248 (  49.07kB)

==============================================================================

